nohup: ignoring input
[INFO] Outputs:
  images : /home/nitzandu/synthetic-to-real-chessboard/outputs/cut_1_8X8/images
  weights: /home/nitzandu/synthetic-to-real-chessboard/outputs/cut_1_8X8/weights
[INFO] device: cuda
[INFO] Found 100032 images under /home/nitzandu/synthetic-to-real-chessboard/datasets/cut_8X8/synthetic
[INFO] Found 32416 images under /home/nitzandu/synthetic-to-real-chessboard/datasets/cut_8X8/real
[INFO] Resumed from /home/nitzandu/synthetic-to-real-chessboard/outputs/cut_1_8X8/weights/latest.pt (next epoch: 17)
[E017 step 100] D: 0.1688 | G: 2.0447 | NCE: 1.4198 | ID: 0.0367
[E017 step 200] D: 0.1634 | G: 2.0356 | NCE: 1.3978 | ID: 0.0308
[E017 step 300] D: 0.1674 | G: 1.9738 | NCE: 1.3426 | ID: 0.0337
[E017 step 400] D: 0.1565 | G: 1.9550 | NCE: 1.3094 | ID: 0.0338
[E017 step 500] D: 0.1651 | G: 2.0533 | NCE: 1.4314 | ID: 0.0328
[E017 step 600] D: 0.1709 | G: 2.0030 | NCE: 1.3721 | ID: 0.0361
[E017 step 700] D: 0.1675 | G: 1.9509 | NCE: 1.3421 | ID: 0.0338
[E017 step 800] D: 0.1599 | G: 1.9109 | NCE: 1.2914 | ID: 0.0324
[E017 step 900] D: 0.1691 | G: 2.0219 | NCE: 1.4072 | ID: 0.0334
[E017 step 1000] D: 0.1717 | G: 2.0213 | NCE: 1.4132 | ID: 0.0319
[E017 step 1100] D: 0.1614 | G: 1.9954 | NCE: 1.3511 | ID: 0.0328
[E017 step 1200] D: 0.1630 | G: 2.0310 | NCE: 1.4041 | ID: 0.0331
[E017 step 1300] D: 0.1643 | G: 1.9939 | NCE: 1.3775 | ID: 0.0332
[E017 step 1400] D: 0.1605 | G: 2.0010 | NCE: 1.3647 | ID: 0.0354
[E017 step 1500] D: 0.1731 | G: 1.8981 | NCE: 1.2840 | ID: 0.0304
[E017 step 1600] D: 0.1633 | G: 1.9942 | NCE: 1.3554 | ID: 0.0305
[E017 step 1700] D: 0.1504 | G: 2.0176 | NCE: 1.3726 | ID: 0.0326
[E017 step 1800] D: 0.1714 | G: 1.9709 | NCE: 1.3396 | ID: 0.0321
[E017 step 1900] D: 0.1693 | G: 2.0761 | NCE: 1.4576 | ID: 0.0328
[E017 step 2000] D: 0.1779 | G: 1.9563 | NCE: 1.3643 | ID: 0.0358
[E017 step 2100] D: 0.1600 | G: 2.0383 | NCE: 1.3967 | ID: 0.0341
[E017 step 2200] D: 0.1619 | G: 1.9702 | NCE: 1.3434 | ID: 0.0337
[E017 step 2300] D: 0.1568 | G: 2.0361 | NCE: 1.3845 | ID: 0.0319
[E017 step 2400] D: 0.1657 | G: 2.1033 | NCE: 1.4762 | ID: 0.0314
[E017 step 2500] D: 0.1540 | G: 2.1450 | NCE: 1.4889 | ID: 0.0346
[E017 step 2600] D: 0.1727 | G: 2.0630 | NCE: 1.4444 | ID: 0.0354
[E017 step 2700] D: 0.1593 | G: 1.9937 | NCE: 1.3662 | ID: 0.0327
[E017 step 2800] D: 0.1633 | G: 2.0546 | NCE: 1.4375 | ID: 0.0333
[E017 step 2900] D: 0.1719 | G: 2.0353 | NCE: 1.4069 | ID: 0.0323
[E017 step 3000] D: 0.1692 | G: 1.8832 | NCE: 1.2912 | ID: 0.0330
[E017 step 3100] D: 0.1700 | G: 1.9948 | NCE: 1.3799 | ID: 0.0315
[E017 step 3200] D: 0.1669 | G: 1.9887 | NCE: 1.3738 | ID: 0.0342
[E017 step 3300] D: 0.1698 | G: 2.0021 | NCE: 1.3826 | ID: 0.0348
[E017 step 3400] D: 0.1689 | G: 1.9771 | NCE: 1.3664 | ID: 0.0291
[E017 step 3500] D: 0.1685 | G: 2.0358 | NCE: 1.4155 | ID: 0.0336
[E017 step 3600] D: 0.1697 | G: 2.0069 | NCE: 1.3961 | ID: 0.0359
[E017 step 3700] D: 0.1718 | G: 2.0486 | NCE: 1.4291 | ID: 0.0329
[E017 step 3800] D: 0.1525 | G: 2.0170 | NCE: 1.3725 | ID: 0.0333
[E017 step 3900] D: 0.1649 | G: 2.0041 | NCE: 1.3728 | ID: 0.0336
[E017 step 4000] D: 0.1662 | G: 1.9598 | NCE: 1.3394 | ID: 0.0332
[E017 step 4100] D: 0.1674 | G: 2.0038 | NCE: 1.3962 | ID: 0.0351
[E017 step 4200] D: 0.1621 | G: 1.8820 | NCE: 1.2511 | ID: 0.0343
[E017 step 4300] D: 0.1715 | G: 2.0883 | NCE: 1.4623 | ID: 0.0343
[E017 step 4400] D: 0.1731 | G: 1.9926 | NCE: 1.3789 | ID: 0.0315
[E017 step 4500] D: 0.1682 | G: 1.9884 | NCE: 1.3718 | ID: 0.0309
[E017 step 4600] D: 0.1623 | G: 1.9973 | NCE: 1.3755 | ID: 0.0318
[E017 step 4700] D: 0.1722 | G: 1.9017 | NCE: 1.2921 | ID: 0.0328
[E017 step 4800] D: 0.1727 | G: 2.0221 | NCE: 1.4170 | ID: 0.0345
[E017 step 4900] D: 0.1614 | G: 2.0285 | NCE: 1.4012 | ID: 0.0322
[E017 step 5000] D: 0.1693 | G: 1.9697 | NCE: 1.3670 | ID: 0.0324
[E017 step 5100] D: 0.1888 | G: 2.0311 | NCE: 1.4407 | ID: 0.0341
[E017 step 5200] D: 0.1620 | G: 2.0750 | NCE: 1.4372 | ID: 0.0321
[E017 step 5300] D: 0.1638 | G: 2.0952 | NCE: 1.4712 | ID: 0.0333
[E017 step 5400] D: 0.1797 | G: 2.0515 | NCE: 1.4371 | ID: 0.0331
[E017 step 5500] D: 0.1660 | G: 1.9497 | NCE: 1.3222 | ID: 0.0331
[E017 step 5600] D: 0.1597 | G: 2.0595 | NCE: 1.4389 | ID: 0.0317
[E017 step 5700] D: 0.1671 | G: 2.0144 | NCE: 1.3891 | ID: 0.0312
[E017 step 5800] D: 0.1667 | G: 1.9848 | NCE: 1.3705 | ID: 0.0338
[E017 step 5900] D: 0.1735 | G: 1.9529 | NCE: 1.3369 | ID: 0.0363
[E017 step 6000] D: 0.1747 | G: 2.0077 | NCE: 1.4098 | ID: 0.0331
[E017 step 6100] D: 0.1606 | G: 2.1261 | NCE: 1.4958 | ID: 0.0353
[E017 step 6200] D: 0.1693 | G: 2.0314 | NCE: 1.4027 | ID: 0.0374
[E017 step 6300] D: 0.1638 | G: 2.0977 | NCE: 1.4796 | ID: 0.0341
[E017 step 6400] D: 0.1735 | G: 2.0745 | NCE: 1.4686 | ID: 0.0316
[E017 step 6500] D: 0.1650 | G: 1.9471 | NCE: 1.3209 | ID: 0.0297
[E017 step 6600] D: 0.1741 | G: 1.9377 | NCE: 1.3210 | ID: 0.0347
[E017 step 6700] D: 0.1695 | G: 1.9696 | NCE: 1.3578 | ID: 0.0337
[E017 step 6800] D: 0.1621 | G: 1.9801 | NCE: 1.3458 | ID: 0.0346
[E017 step 6900] D: 0.1726 | G: 1.9633 | NCE: 1.3426 | ID: 0.0306
[E017 step 7000] D: 0.1647 | G: 2.0375 | NCE: 1.4052 | ID: 0.0321
[E017 step 7100] D: 0.1579 | G: 1.9989 | NCE: 1.3649 | ID: 0.0336
[E017 step 7200] D: 0.1755 | G: 2.1096 | NCE: 1.4921 | ID: 0.0342
[E017 step 7300] D: 0.1664 | G: 2.1077 | NCE: 1.4760 | ID: 0.0344
[E017 step 7400] D: 0.1707 | G: 2.0038 | NCE: 1.3877 | ID: 0.0344
[E017 step 7500] D: 0.1573 | G: 1.9986 | NCE: 1.3618 | ID: 0.0351
[E017 step 7600] D: 0.1612 | G: 1.9816 | NCE: 1.3419 | ID: 0.0306
[E017 step 7700] D: 0.1585 | G: 2.0535 | NCE: 1.4243 | ID: 0.0358
[E017 step 7800] D: 0.1635 | G: 1.9961 | NCE: 1.3642 | ID: 0.0330
[E017 step 7900] D: 0.1630 | G: 2.0117 | NCE: 1.3901 | ID: 0.0367
[E017 step 8000] D: 0.1660 | G: 1.9581 | NCE: 1.3217 | ID: 0.0298
[E017 step 8100] D: 0.1695 | G: 2.0154 | NCE: 1.3974 | ID: 0.0327
[E017 step 8200] D: 0.1673 | G: 2.0448 | NCE: 1.4146 | ID: 0.0311
[E017 step 8300] D: 0.1740 | G: 1.9283 | NCE: 1.3132 | ID: 0.0317
[E017 step 8400] D: 0.1609 | G: 1.9975 | NCE: 1.3599 | ID: 0.0301
[E017 step 8500] D: 0.1607 | G: 1.9934 | NCE: 1.3621 | ID: 0.0342
[E017 step 8600] D: 0.1531 | G: 2.0416 | NCE: 1.3994 | ID: 0.0328
[E017 step 8700] D: 0.1694 | G: 2.0365 | NCE: 1.4105 | ID: 0.0317
[E017 step 8800] D: 0.1641 | G: 1.9960 | NCE: 1.3809 | ID: 0.0330
[E017 step 8900] D: 0.1718 | G: 2.0149 | NCE: 1.3830 | ID: 0.0329
[E017 step 9000] D: 0.1554 | G: 2.0181 | NCE: 1.3694 | ID: 0.0325
[E017 step 9100] D: 0.1630 | G: 2.0710 | NCE: 1.4456 | ID: 0.0333
[E017 step 9200] D: 0.1691 | G: 1.9792 | NCE: 1.3736 | ID: 0.0344
[E017 step 9300] D: 0.1654 | G: 2.0094 | NCE: 1.4044 | ID: 0.0330
[E017 step 9400] D: 0.1620 | G: 1.9283 | NCE: 1.2990 | ID: 0.0295
[E017 step 9500] D: 0.1740 | G: 2.0260 | NCE: 1.3927 | ID: 0.0328
[E017 step 9600] D: 0.1653 | G: 1.9436 | NCE: 1.3387 | ID: 0.0330
[E017 step 9700] D: 0.1609 | G: 1.9555 | NCE: 1.3392 | ID: 0.0308
[E017 step 9800] D: 0.1660 | G: 2.0330 | NCE: 1.4184 | ID: 0.0315
[E017 step 9900] D: 0.1585 | G: 2.0290 | NCE: 1.3991 | ID: 0.0304
[E017 step 10000] D: 0.1740 | G: 1.9703 | NCE: 1.3524 | ID: 0.0313
[E017 step 10100] D: 0.1635 | G: 2.0523 | NCE: 1.4233 | ID: 0.0349
[E017 step 10200] D: 0.1689 | G: 2.0497 | NCE: 1.4277 | ID: 0.0362
[E017 step 10300] D: 0.1563 | G: 2.0334 | NCE: 1.4029 | ID: 0.0334
[E017 step 10400] D: 0.1764 | G: 2.0039 | NCE: 1.3982 | ID: 0.0348
[E017 step 10500] D: 0.1612 | G: 1.9311 | NCE: 1.2981 | ID: 0.0341
[E017 step 10600] D: 0.1719 | G: 2.0224 | NCE: 1.3999 | ID: 0.0340
[E017 step 10700] D: 0.1658 | G: 1.9879 | NCE: 1.3614 | ID: 0.0352
[E017 step 10800] D: 0.1667 | G: 2.1569 | NCE: 1.5277 | ID: 0.0323
[E017 step 10900] D: 0.1655 | G: 2.0291 | NCE: 1.4147 | ID: 0.0348
[E017 step 11000] D: 0.1788 | G: 1.9259 | NCE: 1.3213 | ID: 0.0313
[E017 step 11100] D: 0.1584 | G: 2.0520 | NCE: 1.4249 | ID: 0.0331
[E017 step 11200] D: 0.1614 | G: 2.0135 | NCE: 1.3815 | ID: 0.0346
[E017 step 11300] D: 0.1709 | G: 2.0755 | NCE: 1.4414 | ID: 0.0322
[E017 step 11400] D: 0.1607 | G: 2.1069 | NCE: 1.4784 | ID: 0.0294
[E017 step 11500] D: 0.1707 | G: 2.0180 | NCE: 1.4120 | ID: 0.0350
[E017 step 11600] D: 0.1660 | G: 2.0327 | NCE: 1.4157 | ID: 0.0318
[E017 step 11700] D: 0.1746 | G: 2.0507 | NCE: 1.4189 | ID: 0.0356
[E017 step 11800] D: 0.1621 | G: 1.9826 | NCE: 1.3594 | ID: 0.0324
[E017 step 11900] D: 0.1609 | G: 1.9967 | NCE: 1.3551 | ID: 0.0345
[E017 step 12000] D: 0.1665 | G: 2.0061 | NCE: 1.3845 | ID: 0.0310
[E017 step 12100] D: 0.1698 | G: 2.0681 | NCE: 1.4589 | ID: 0.0321
[E017 step 12200] D: 0.1676 | G: 1.9956 | NCE: 1.3715 | ID: 0.0326
[E017 step 12300] D: 0.1520 | G: 2.1245 | NCE: 1.4801 | ID: 0.0342
[E017 step 12400] D: 0.1672 | G: 1.9435 | NCE: 1.3333 | ID: 0.0328
[E017 step 12500] D: 0.1662 | G: 2.0044 | NCE: 1.3968 | ID: 0.0329
[E017 step 12600] D: 0.1647 | G: 1.8941 | NCE: 1.2772 | ID: 0.0356
[E017 step 12700] D: 0.1533 | G: 1.9500 | NCE: 1.2943 | ID: 0.0326
[E017 step 12800] D: 0.1773 | G: 2.0009 | NCE: 1.3978 | ID: 0.0314
[E017 step 12900] D: 0.1705 | G: 1.9811 | NCE: 1.3549 | ID: 0.0356
[E017 step 13000] D: 0.1692 | G: 2.0074 | NCE: 1.3831 | ID: 0.0357
[E017 step 13100] D: 0.1640 | G: 2.0029 | NCE: 1.3832 | ID: 0.0320
[E017 step 13200] D: 0.1597 | G: 2.0865 | NCE: 1.4426 | ID: 0.0325
[E017 step 13300] D: 0.1726 | G: 1.9836 | NCE: 1.3864 | ID: 0.0334
[E017 step 13400] D: 0.1673 | G: 2.0285 | NCE: 1.4042 | ID: 0.0348
[E017 step 13500] D: 0.1712 | G: 1.9812 | NCE: 1.3670 | ID: 0.0342
[E017 step 13600] D: 0.1700 | G: 2.0701 | NCE: 1.4488 | ID: 0.0354
[E017 step 13700] D: 0.1716 | G: 2.0102 | NCE: 1.4028 | ID: 0.0327
[E017 step 13800] D: 0.1712 | G: 1.9582 | NCE: 1.3414 | ID: 0.0351
[E017 step 13900] D: 0.1698 | G: 2.0097 | NCE: 1.4017 | ID: 0.0297
[E017 step 14000] D: 0.1705 | G: 2.0221 | NCE: 1.3929 | ID: 0.0352
[E017 step 14100] D: 0.1642 | G: 2.0351 | NCE: 1.3966 | ID: 0.0339
[E017 step 14200] D: 0.1620 | G: 1.9645 | NCE: 1.3445 | ID: 0.0342
[E017 step 14300] D: 0.1551 | G: 2.1010 | NCE: 1.4425 | ID: 0.0337
[E017 step 14400] D: 0.1649 | G: 2.0083 | NCE: 1.3699 | ID: 0.0356
[E017 step 14500] D: 0.1624 | G: 1.9609 | NCE: 1.3419 | ID: 0.0330
[E017 step 14600] D: 0.1617 | G: 2.0565 | NCE: 1.4245 | ID: 0.0345
[E017 step 14700] D: 0.1675 | G: 2.0470 | NCE: 1.4042 | ID: 0.0334
[E017 step 14800] D: 0.1656 | G: 2.0566 | NCE: 1.4222 | ID: 0.0319
[E017 step 14900] D: 0.1683 | G: 1.9785 | NCE: 1.3632 | ID: 0.0361
[E017 step 15000] D: 0.1732 | G: 2.0929 | NCE: 1.4693 | ID: 0.0340
[E017 step 15100] D: 0.1620 | G: 2.0275 | NCE: 1.3923 | ID: 0.0365
[E017 step 15200] D: 0.1651 | G: 2.0018 | NCE: 1.3694 | ID: 0.0325
[E017 step 15300] D: 0.1825 | G: 1.8593 | NCE: 1.2669 | ID: 0.0337
[E017 step 15400] D: 0.1638 | G: 1.9019 | NCE: 1.3002 | ID: 0.0333
[E017 step 15500] D: 0.1704 | G: 2.0175 | NCE: 1.3829 | ID: 0.0314
[E017 step 15600] D: 0.1554 | G: 1.9375 | NCE: 1.3015 | ID: 0.0337
[E017 step 15700] D: 0.1652 | G: 2.0903 | NCE: 1.4521 | ID: 0.0341
[E017 step 15800] D: 0.1746 | G: 2.0643 | NCE: 1.4473 | ID: 0.0331
[E017 step 15900] D: 0.1580 | G: 2.0387 | NCE: 1.3911 | ID: 0.0331
[E017 step 16000] D: 0.1745 | G: 1.9291 | NCE: 1.3198 | ID: 0.0324
[E017 step 16100] D: 0.1711 | G: 1.9736 | NCE: 1.3561 | ID: 0.0330
[E017 step 16200] D: 0.1598 | G: 2.0967 | NCE: 1.4420 | ID: 0.0341
[E017 step 16300] D: 0.1673 | G: 2.0525 | NCE: 1.4291 | ID: 0.0306
[E017 step 16400] D: 0.1619 | G: 2.0496 | NCE: 1.4269 | ID: 0.0313
[E017 step 16500] D: 0.1672 | G: 2.0586 | NCE: 1.4386 | ID: 0.0301
[E017 step 16600] D: 0.1725 | G: 1.9713 | NCE: 1.3588 | ID: 0.0332
[E017 step 16700] D: 0.1542 | G: 1.9975 | NCE: 1.3559 | ID: 0.0325
[E017 step 16800] D: 0.1601 | G: 2.0901 | NCE: 1.4697 | ID: 0.0345
[E017 step 16900] D: 0.1846 | G: 2.0275 | NCE: 1.4220 | ID: 0.0360
[E017 step 17000] D: 0.1579 | G: 1.9887 | NCE: 1.3506 | ID: 0.0338
[E017 step 17100] D: 0.1763 | G: 2.1089 | NCE: 1.5110 | ID: 0.0316
[E017 step 17200] D: 0.1597 | G: 2.0326 | NCE: 1.3934 | ID: 0.0357
[E017 step 17300] D: 0.1681 | G: 1.9784 | NCE: 1.3534 | ID: 0.0317
[E017 step 17400] D: 0.1585 | G: 2.0313 | NCE: 1.4097 | ID: 0.0315
[E017 step 17500] D: 0.1787 | G: 2.0186 | NCE: 1.4138 | ID: 0.0301
[E017 step 17600] D: 0.1715 | G: 2.0536 | NCE: 1.4329 | ID: 0.0326
[E017 step 17700] D: 0.1646 | G: 2.0060 | NCE: 1.3893 | ID: 0.0340
[E017 step 17800] D: 0.1615 | G: 1.9901 | NCE: 1.3727 | ID: 0.0306
[E017 step 17900] D: 0.1772 | G: 2.0143 | NCE: 1.4117 | ID: 0.0353
[E017 step 18000] D: 0.1627 | G: 1.9776 | NCE: 1.3527 | ID: 0.0300
[E017 step 18100] D: 0.1688 | G: 1.9797 | NCE: 1.3691 | ID: 0.0344
[E017 step 18200] D: 0.1666 | G: 1.9606 | NCE: 1.3409 | ID: 0.0307
[E017 step 18300] D: 0.1506 | G: 2.0056 | NCE: 1.3680 | ID: 0.0323
[E017 step 18400] D: 0.1763 | G: 1.9701 | NCE: 1.3588 | ID: 0.0322
[E017 step 18500] D: 0.1776 | G: 2.0653 | NCE: 1.4604 | ID: 0.0344
[E017 step 18600] D: 0.1610 | G: 2.0203 | NCE: 1.3902 | ID: 0.0304
[E017 step 18700] D: 0.1653 | G: 1.9798 | NCE: 1.3501 | ID: 0.0324
[E017 step 18800] D: 0.1555 | G: 2.0129 | NCE: 1.3700 | ID: 0.0365
[E017 step 18900] D: 0.1714 | G: 1.9844 | NCE: 1.3784 | ID: 0.0325
[E017 step 19000] D: 0.1597 | G: 2.0336 | NCE: 1.3780 | ID: 0.0334
[E017 step 19100] D: 0.1707 | G: 1.9237 | NCE: 1.3035 | ID: 0.0391
[E017 step 19200] D: 0.1635 | G: 1.9789 | NCE: 1.3376 | ID: 0.0338
[E017 step 19300] D: 0.1612 | G: 1.9427 | NCE: 1.3238 | ID: 0.0359
[E017 step 19400] D: 0.1750 | G: 1.9909 | NCE: 1.3710 | ID: 0.0329
[E017 step 19500] D: 0.1673 | G: 1.9322 | NCE: 1.3108 | ID: 0.0336
[E017 step 19600] D: 0.1608 | G: 2.0258 | NCE: 1.3972 | ID: 0.0339
[E017 step 19700] D: 0.1595 | G: 2.0508 | NCE: 1.4084 | ID: 0.0325
[E017 step 19800] D: 0.1740 | G: 1.9574 | NCE: 1.3456 | ID: 0.0325
[E017 step 19900] D: 0.1701 | G: 1.9358 | NCE: 1.3096 | ID: 0.0336
[E017 step 20000] D: 0.1542 | G: 2.0941 | NCE: 1.4560 | ID: 0.0310
[E017 step 20100] D: 0.1667 | G: 1.9397 | NCE: 1.3150 | ID: 0.0329
[E017 step 20200] D: 0.1735 | G: 2.0075 | NCE: 1.3777 | ID: 0.0346
[E017 step 20300] D: 0.1680 | G: 1.9354 | NCE: 1.3210 | ID: 0.0314
[E017 step 20400] D: 0.1658 | G: 1.9267 | NCE: 1.2846 | ID: 0.0334
[E017 step 20500] D: 0.1644 | G: 1.9935 | NCE: 1.3572 | ID: 0.0328
[E017 step 20600] D: 0.1546 | G: 2.0282 | NCE: 1.4064 | ID: 0.0343
[E017 step 20700] D: 0.1655 | G: 2.0376 | NCE: 1.4122 | ID: 0.0345
[E017 step 20800] D: 0.1654 | G: 2.0263 | NCE: 1.3966 | ID: 0.0345
[E017 step 20900] D: 0.1636 | G: 2.0762 | NCE: 1.4478 | ID: 0.0288
[E017 step 21000] D: 0.1676 | G: 1.9674 | NCE: 1.3641 | ID: 0.0342
[E017 step 21100] D: 0.1628 | G: 1.9555 | NCE: 1.3126 | ID: 0.0336
[E017 step 21200] D: 0.1696 | G: 1.9303 | NCE: 1.3259 | ID: 0.0319
[E017 step 21300] D: 0.1619 | G: 1.9511 | NCE: 1.3170 | ID: 0.0326
[E017 step 21400] D: 0.1609 | G: 2.0530 | NCE: 1.4166 | ID: 0.0356
[E017 step 21500] D: 0.1636 | G: 2.0915 | NCE: 1.4504 | ID: 0.0338
[E017 step 21600] D: 0.1670 | G: 2.0049 | NCE: 1.3769 | ID: 0.0344
[E017 step 21700] D: 0.1658 | G: 2.0047 | NCE: 1.3801 | ID: 0.0322
[E017 step 21800] D: 0.1606 | G: 1.9635 | NCE: 1.3236 | ID: 0.0325
[E017 step 21900] D: 0.1680 | G: 1.9984 | NCE: 1.3594 | ID: 0.0333
[E017 step 22000] D: 0.1624 | G: 2.1261 | NCE: 1.4878 | ID: 0.0316
[E017 step 22100] D: 0.1588 | G: 1.9677 | NCE: 1.3270 | ID: 0.0351
[E017 step 22200] D: 0.1644 | G: 2.0012 | NCE: 1.3699 | ID: 0.0328
[E017 step 22300] D: 0.1678 | G: 2.0500 | NCE: 1.4098 | ID: 0.0318
[E017 step 22400] D: 0.1599 | G: 2.0048 | NCE: 1.3805 | ID: 0.0353
[E017 step 22500] D: 0.1697 | G: 1.9055 | NCE: 1.2833 | ID: 0.0336
[E017 step 22600] D: 0.1700 | G: 2.0304 | NCE: 1.4060 | ID: 0.0315
[E017 step 22700] D: 0.1587 | G: 1.9958 | NCE: 1.3588 | ID: 0.0305
[E017 step 22800] D: 0.1678 | G: 1.9711 | NCE: 1.3422 | ID: 0.0317
[E017 step 22900] D: 0.1831 | G: 1.9507 | NCE: 1.3589 | ID: 0.0370
[E017 step 23000] D: 0.1723 | G: 1.9780 | NCE: 1.3598 | ID: 0.0339
[E017 step 23100] D: 0.1681 | G: 2.0291 | NCE: 1.4139 | ID: 0.0354
[E017 step 23200] D: 0.1629 | G: 2.0310 | NCE: 1.3974 | ID: 0.0346
[E017 step 23300] D: 0.1731 | G: 1.9833 | NCE: 1.3647 | ID: 0.0349
[E017 step 23400] D: 0.1665 | G: 2.0087 | NCE: 1.3994 | ID: 0.0302
[E017 step 23500] D: 0.1626 | G: 1.9636 | NCE: 1.3214 | ID: 0.0318
[E017 step 23600] D: 0.1728 | G: 1.9895 | NCE: 1.3811 | ID: 0.0348
[E017 step 23700] D: 0.1643 | G: 2.0173 | NCE: 1.3870 | ID: 0.0331
[E017 step 23800] D: 0.1737 | G: 2.0195 | NCE: 1.4126 | ID: 0.0294
[E017 step 23900] D: 0.1747 | G: 1.9545 | NCE: 1.3338 | ID: 0.0333
[E017 step 24000] D: 0.1678 | G: 2.0129 | NCE: 1.3805 | ID: 0.0324
[E017 step 24100] D: 0.1580 | G: 2.0439 | NCE: 1.4194 | ID: 0.0336
[E017 step 24200] D: 0.1747 | G: 1.9850 | NCE: 1.3924 | ID: 0.0337
[E017 step 24300] D: 0.1595 | G: 2.0439 | NCE: 1.4099 | ID: 0.0330
[E017 step 24400] D: 0.1623 | G: 2.0476 | NCE: 1.4186 | ID: 0.0342
[E017 step 24500] D: 0.1729 | G: 2.0772 | NCE: 1.4698 | ID: 0.0330
[E017 step 24600] D: 0.1512 | G: 2.0399 | NCE: 1.3803 | ID: 0.0336
[E017 step 24700] D: 0.1701 | G: 1.9311 | NCE: 1.3120 | ID: 0.0352
[E017 step 24800] D: 0.1651 | G: 1.9364 | NCE: 1.3171 | ID: 0.0331
[E017 step 24900] D: 0.1668 | G: 2.0942 | NCE: 1.4833 | ID: 0.0326
[E017 step 25000] D: 0.1713 | G: 2.0543 | NCE: 1.4324 | ID: 0.0325
[E017 step 25100] D: 0.1607 | G: 2.0973 | NCE: 1.4578 | ID: 0.0350
[E017 step 25200] D: 0.1624 | G: 2.1111 | NCE: 1.4613 | ID: 0.0324
[E017 step 25300] D: 0.1655 | G: 2.0567 | NCE: 1.4304 | ID: 0.0304
[E017 step 25400] D: 0.1736 | G: 1.9887 | NCE: 1.3637 | ID: 0.0363
[E017 step 25500] D: 0.1578 | G: 2.0221 | NCE: 1.3672 | ID: 0.0335
[E017 step 25600] D: 0.1705 | G: 1.9757 | NCE: 1.3442 | ID: 0.0353
[E017 step 25700] D: 0.1556 | G: 2.0286 | NCE: 1.3840 | ID: 0.0350
[E017 step 25800] D: 0.1589 | G: 1.9599 | NCE: 1.3319 | ID: 0.0338
[E017 step 25900] D: 0.1692 | G: 1.9199 | NCE: 1.3028 | ID: 0.0325
[E017 step 26000] D: 0.1753 | G: 2.0048 | NCE: 1.3971 | ID: 0.0317
[E017 step 26100] D: 0.1663 | G: 1.9447 | NCE: 1.3215 | ID: 0.0343
[E017 step 26200] D: 0.1677 | G: 1.9103 | NCE: 1.3010 | ID: 0.0358
[E017 step 26300] D: 0.1711 | G: 2.0320 | NCE: 1.4118 | ID: 0.0357
[E017 step 26400] D: 0.1616 | G: 2.0504 | NCE: 1.4016 | ID: 0.0330
[E017 step 26500] D: 0.1731 | G: 1.9418 | NCE: 1.3200 | ID: 0.0327
[E017 step 26600] D: 0.1694 | G: 2.0582 | NCE: 1.4395 | ID: 0.0388
[E017 step 26700] D: 0.1652 | G: 2.0342 | NCE: 1.3970 | ID: 0.0333
[E017 step 26800] D: 0.1607 | G: 1.9714 | NCE: 1.3524 | ID: 0.0332
[E017 step 26900] D: 0.1632 | G: 2.0113 | NCE: 1.3883 | ID: 0.0365
[E017 step 27000] D: 0.1665 | G: 2.0644 | NCE: 1.4459 | ID: 0.0329
[E017 step 27100] D: 0.1711 | G: 1.9752 | NCE: 1.3547 | ID: 0.0327
[E017 step 27200] D: 0.1549 | G: 1.9881 | NCE: 1.3380 | ID: 0.0313
[E017 step 27300] D: 0.1730 | G: 1.9509 | NCE: 1.3376 | ID: 0.0334
[E017 step 27400] D: 0.1722 | G: 2.0065 | NCE: 1.3826 | ID: 0.0318
[E017 step 27500] D: 0.1552 | G: 1.9197 | NCE: 1.2909 | ID: 0.0347
[E017 step 27600] D: 0.1754 | G: 2.0212 | NCE: 1.3920 | ID: 0.0343
[E017 step 27700] D: 0.1640 | G: 1.9501 | NCE: 1.3132 | ID: 0.0364
[E017 step 27800] D: 0.1633 | G: 2.0133 | NCE: 1.3778 | ID: 0.0339
[E017 step 27900] D: 0.1604 | G: 1.9761 | NCE: 1.3493 | ID: 0.0342
[E017 step 28000] D: 0.1660 | G: 2.0599 | NCE: 1.4292 | ID: 0.0312
[E017 step 28100] D: 0.1597 | G: 2.0056 | NCE: 1.3650 | ID: 0.0346
[E017 step 28200] D: 0.1601 | G: 2.0186 | NCE: 1.3605 | ID: 0.0357
[E017 step 28300] D: 0.1687 | G: 1.9837 | NCE: 1.3623 | ID: 0.0323
[E017 step 28400] D: 0.1582 | G: 1.9577 | NCE: 1.3249 | ID: 0.0306
[E017 step 28500] D: 0.1733 | G: 2.0472 | NCE: 1.4337 | ID: 0.0364
[E017 step 28600] D: 0.1646 | G: 1.9452 | NCE: 1.3329 | ID: 0.0342
[E017 step 28700] D: 0.1634 | G: 1.9508 | NCE: 1.3120 | ID: 0.0354
[E017 step 28800] D: 0.1680 | G: 1.9245 | NCE: 1.3028 | ID: 0.0351
[E017 step 28900] D: 0.1779 | G: 1.9559 | NCE: 1.3521 | ID: 0.0358
[E017 step 29000] D: 0.1654 | G: 2.0114 | NCE: 1.3805 | ID: 0.0365
[E017 step 29100] D: 0.1686 | G: 2.0534 | NCE: 1.4157 | ID: 0.0324
[E017 step 29200] D: 0.1705 | G: 2.0188 | NCE: 1.4061 | ID: 0.0380
[E017 step 29300] D: 0.1663 | G: 2.0223 | NCE: 1.3949 | ID: 0.0343
[E017 step 29400] D: 0.1576 | G: 2.0803 | NCE: 1.4481 | ID: 0.0329
[E017 step 29500] D: 0.1710 | G: 1.9589 | NCE: 1.3486 | ID: 0.0360
[E017 step 29600] D: 0.1674 | G: 2.0298 | NCE: 1.4215 | ID: 0.0317
[E017 step 29700] D: 0.1670 | G: 1.9739 | NCE: 1.3462 | ID: 0.0332
[E017 step 29800] D: 0.1666 | G: 1.9046 | NCE: 1.2787 | ID: 0.0337
[E017 step 29900] D: 0.1616 | G: 2.0048 | NCE: 1.3752 | ID: 0.0319
[E017 step 30000] D: 0.1781 | G: 1.9399 | NCE: 1.3274 | ID: 0.0352
[E017 step 30100] D: 0.1657 | G: 1.9197 | NCE: 1.2995 | ID: 0.0340
[E017 step 30200] D: 0.1691 | G: 1.9569 | NCE: 1.3316 | ID: 0.0356
[E017 step 30300] D: 0.1660 | G: 2.0358 | NCE: 1.4129 | ID: 0.0362
[E017 step 30400] D: 0.1646 | G: 2.0349 | NCE: 1.4062 | ID: 0.0318
[E017 step 30500] D: 0.1658 | G: 1.8900 | NCE: 1.2624 | ID: 0.0315
[E017 step 30600] D: 0.1588 | G: 1.9902 | NCE: 1.3624 | ID: 0.0333
[E017 step 30700] D: 0.1645 | G: 2.0281 | NCE: 1.3947 | ID: 0.0336
[E017 step 30800] D: 0.1792 | G: 1.8925 | NCE: 1.3054 | ID: 0.0324
[E017 step 30900] D: 0.1590 | G: 1.9857 | NCE: 1.3530 | ID: 0.0348
[E017 step 31000] D: 0.1646 | G: 1.9579 | NCE: 1.3303 | ID: 0.0356
[E017 step 31100] D: 0.1685 | G: 2.0156 | NCE: 1.3820 | ID: 0.0343
[E017 step 31200] D: 0.1561 | G: 1.8895 | NCE: 1.2609 | ID: 0.0345
[E017 step 31300] D: 0.1773 | G: 2.0828 | NCE: 1.4449 | ID: 0.0356
[E017 step 31400] D: 0.1678 | G: 1.8871 | NCE: 1.2608 | ID: 0.0333
[E017 step 31500] D: 0.1600 | G: 2.0968 | NCE: 1.4596 | ID: 0.0353
[E017 step 31600] D: 0.1615 | G: 2.0302 | NCE: 1.3965 | ID: 0.0329
[E017 step 31700] D: 0.1634 | G: 2.0901 | NCE: 1.4488 | ID: 0.0324
[E017 step 31800] D: 0.1706 | G: 2.0107 | NCE: 1.3933 | ID: 0.0325
[E017 step 31900] D: 0.1767 | G: 1.9792 | NCE: 1.3606 | ID: 0.0333
[E017 step 32000] D: 0.1661 | G: 2.0566 | NCE: 1.4299 | ID: 0.0338
[E017 step 32100] D: 0.1612 | G: 1.9490 | NCE: 1.3066 | ID: 0.0338
[E017 step 32200] D: 0.1612 | G: 1.9566 | NCE: 1.3306 | ID: 0.0320
[E017 step 32300] D: 0.1588 | G: 2.0381 | NCE: 1.3915 | ID: 0.0318
[E017 step 32400] D: 0.1652 | G: 1.9805 | NCE: 1.3568 | ID: 0.0313
[INFO] Saved: images/epoch_017.png and weights/epoch_017.pt
[E018 step 32500] D: 0.1374 | G: 1.6132 | NCE: 1.1026 | ID: 0.0266
[E018 step 32600] D: 0.1619 | G: 1.9638 | NCE: 1.3421 | ID: 0.0346
[E018 step 32700] D: 0.1740 | G: 1.9471 | NCE: 1.3378 | ID: 0.0334
[E018 step 32800] D: 0.1646 | G: 1.9143 | NCE: 1.2993 | ID: 0.0327
[E018 step 32900] D: 0.1699 | G: 1.9982 | NCE: 1.3773 | ID: 0.0329
[E018 step 33000] D: 0.1647 | G: 1.9298 | NCE: 1.3070 | ID: 0.0369
[E018 step 33100] D: 0.1788 | G: 2.0048 | NCE: 1.3644 | ID: 0.0339
[E018 step 33200] D: 0.1627 | G: 1.9692 | NCE: 1.3437 | ID: 0.0336
[E018 step 33300] D: 0.1684 | G: 1.9564 | NCE: 1.3404 | ID: 0.0360
[E018 step 33400] D: 0.1671 | G: 1.8978 | NCE: 1.2801 | ID: 0.0318
[E018 step 33500] D: 0.1643 | G: 1.9974 | NCE: 1.3725 | ID: 0.0331
[E018 step 33600] D: 0.1563 | G: 2.0169 | NCE: 1.3657 | ID: 0.0323
[E018 step 33700] D: 0.1535 | G: 2.0181 | NCE: 1.3665 | ID: 0.0329
[E018 step 33800] D: 0.1531 | G: 2.1133 | NCE: 1.4545 | ID: 0.0339
[E018 step 33900] D: 0.1614 | G: 2.0707 | NCE: 1.4347 | ID: 0.0324
[E018 step 34000] D: 0.1661 | G: 2.0520 | NCE: 1.4123 | ID: 0.0328
[E018 step 34100] D: 0.1687 | G: 2.0465 | NCE: 1.4111 | ID: 0.0308
[E018 step 34200] D: 0.1716 | G: 2.1106 | NCE: 1.5042 | ID: 0.0323
[E018 step 34300] D: 0.1694 | G: 1.9513 | NCE: 1.3382 | ID: 0.0353
[E018 step 34400] D: 0.1712 | G: 2.0652 | NCE: 1.4366 | ID: 0.0358
[E018 step 34500] D: 0.1620 | G: 1.9494 | NCE: 1.3230 | ID: 0.0355
[E018 step 34600] D: 0.1750 | G: 2.0051 | NCE: 1.3922 | ID: 0.0334
[E018 step 34700] D: 0.1745 | G: 2.0191 | NCE: 1.4023 | ID: 0.0297
[E018 step 34800] D: 0.1653 | G: 2.0501 | NCE: 1.4373 | ID: 0.0330
[E018 step 34900] D: 0.1733 | G: 2.0386 | NCE: 1.4141 | ID: 0.0303
[E018 step 35000] D: 0.1695 | G: 1.9634 | NCE: 1.3512 | ID: 0.0336
[E018 step 35100] D: 0.1620 | G: 1.9620 | NCE: 1.3377 | ID: 0.0309
[E018 step 35200] D: 0.1682 | G: 1.9535 | NCE: 1.3346 | ID: 0.0324
[E018 step 35300] D: 0.1643 | G: 2.0466 | NCE: 1.4240 | ID: 0.0358
[E018 step 35400] D: 0.1600 | G: 1.9413 | NCE: 1.3025 | ID: 0.0321
[E018 step 35500] D: 0.1625 | G: 1.9318 | NCE: 1.2791 | ID: 0.0358
[E018 step 35600] D: 0.1698 | G: 2.0764 | NCE: 1.4509 | ID: 0.0329
[E018 step 35700] D: 0.1641 | G: 1.8799 | NCE: 1.2516 | ID: 0.0349
[E018 step 35800] D: 0.1701 | G: 2.0531 | NCE: 1.4249 | ID: 0.0349
[E018 step 35900] D: 0.1613 | G: 2.0515 | NCE: 1.4055 | ID: 0.0326
[E018 step 36000] D: 0.1660 | G: 1.9588 | NCE: 1.3326 | ID: 0.0348
[E018 step 36100] D: 0.1670 | G: 1.9898 | NCE: 1.3653 | ID: 0.0337
[E018 step 36200] D: 0.1713 | G: 2.0115 | NCE: 1.3849 | ID: 0.0337
[E018 step 36300] D: 0.1517 | G: 2.0280 | NCE: 1.3740 | ID: 0.0325
[E018 step 36400] D: 0.1706 | G: 1.9140 | NCE: 1.3016 | ID: 0.0313
[E018 step 36500] D: 0.1724 | G: 2.0419 | NCE: 1.4158 | ID: 0.0339
[E018 step 36600] D: 0.1682 | G: 2.0334 | NCE: 1.4090 | ID: 0.0339
[E018 step 36700] D: 0.1690 | G: 1.9979 | NCE: 1.3944 | ID: 0.0309
[E018 step 36800] D: 0.1582 | G: 2.0008 | NCE: 1.3625 | ID: 0.0331
[E018 step 36900] D: 0.1749 | G: 1.9232 | NCE: 1.3038 | ID: 0.0360
[E018 step 37000] D: 0.1536 | G: 1.9758 | NCE: 1.3280 | ID: 0.0344
[E018 step 37100] D: 0.1707 | G: 1.9837 | NCE: 1.3723 | ID: 0.0325
[E018 step 37200] D: 0.1730 | G: 1.9589 | NCE: 1.3407 | ID: 0.0310
[E018 step 37300] D: 0.1677 | G: 2.0711 | NCE: 1.4352 | ID: 0.0334
[E018 step 37400] D: 0.1634 | G: 2.0143 | NCE: 1.3940 | ID: 0.0332
[E018 step 37500] D: 0.1539 | G: 2.0598 | NCE: 1.4195 | ID: 0.0338
[E018 step 37600] D: 0.1619 | G: 2.0429 | NCE: 1.4005 | ID: 0.0343
[E018 step 37700] D: 0.1616 | G: 2.0147 | NCE: 1.3759 | ID: 0.0337
[E018 step 37800] D: 0.1688 | G: 2.0080 | NCE: 1.3727 | ID: 0.0342
[E018 step 37900] D: 0.1720 | G: 1.9490 | NCE: 1.3367 | ID: 0.0333
[E018 step 38000] D: 0.1624 | G: 1.9495 | NCE: 1.3051 | ID: 0.0339
[E018 step 38100] D: 0.1604 | G: 1.9668 | NCE: 1.3340 | ID: 0.0311
[E018 step 38200] D: 0.1598 | G: 2.0737 | NCE: 1.4279 | ID: 0.0312
[E018 step 38300] D: 0.1611 | G: 1.9726 | NCE: 1.3365 | ID: 0.0307
[E018 step 38400] D: 0.1711 | G: 2.0213 | NCE: 1.3999 | ID: 0.0322
[E018 step 38500] D: 0.1564 | G: 2.0075 | NCE: 1.3631 | ID: 0.0363
[E018 step 38600] D: 0.1664 | G: 1.8987 | NCE: 1.2866 | ID: 0.0356
[E018 step 38700] D: 0.1637 | G: 1.9610 | NCE: 1.3370 | ID: 0.0324
[E018 step 38800] D: 0.1755 | G: 1.9698 | NCE: 1.3430 | ID: 0.0345
[E018 step 38900] D: 0.1651 | G: 1.9648 | NCE: 1.3193 | ID: 0.0371
[E018 step 39000] D: 0.1606 | G: 1.9811 | NCE: 1.3361 | ID: 0.0357
[E018 step 39100] D: 0.1701 | G: 1.9646 | NCE: 1.3523 | ID: 0.0329
[E018 step 39200] D: 0.1660 | G: 2.1004 | NCE: 1.4584 | ID: 0.0343
[E018 step 39300] D: 0.1676 | G: 2.1078 | NCE: 1.4820 | ID: 0.0333
[E018 step 39400] D: 0.1653 | G: 2.0143 | NCE: 1.3882 | ID: 0.0367
[E018 step 39500] D: 0.1641 | G: 2.0618 | NCE: 1.4184 | ID: 0.0341
[E018 step 39600] D: 0.1648 | G: 1.9983 | NCE: 1.3507 | ID: 0.0336
[E018 step 39700] D: 0.1722 | G: 1.9704 | NCE: 1.3458 | ID: 0.0347
[E018 step 39800] D: 0.1655 | G: 1.9519 | NCE: 1.3231 | ID: 0.0334
[E018 step 39900] D: 0.1690 | G: 1.9830 | NCE: 1.3569 | ID: 0.0342
[E018 step 40000] D: 0.1765 | G: 1.9797 | NCE: 1.3578 | ID: 0.0356
[E018 step 40100] D: 0.1676 | G: 1.9852 | NCE: 1.3664 | ID: 0.0372
[E018 step 40200] D: 0.1551 | G: 2.0277 | NCE: 1.3975 | ID: 0.0339
[E018 step 40300] D: 0.1782 | G: 1.9754 | NCE: 1.3610 | ID: 0.0363
[E018 step 40400] D: 0.1675 | G: 2.0179 | NCE: 1.3885 | ID: 0.0335
[E018 step 40500] D: 0.1748 | G: 1.9900 | NCE: 1.3813 | ID: 0.0314
[E018 step 40600] D: 0.1532 | G: 1.9384 | NCE: 1.3009 | ID: 0.0311
[E018 step 40700] D: 0.1670 | G: 1.9909 | NCE: 1.3678 | ID: 0.0327
[E018 step 40800] D: 0.1689 | G: 1.9750 | NCE: 1.3450 | ID: 0.0359
[E018 step 40900] D: 0.1609 | G: 1.9962 | NCE: 1.3622 | ID: 0.0350
[E018 step 41000] D: 0.1697 | G: 1.9430 | NCE: 1.3279 | ID: 0.0382
[E018 step 41100] D: 0.1651 | G: 1.9270 | NCE: 1.3166 | ID: 0.0315
[E018 step 41200] D: 0.1621 | G: 1.9680 | NCE: 1.3370 | ID: 0.0339
[E018 step 41300] D: 0.1755 | G: 2.1033 | NCE: 1.4815 | ID: 0.0346
[E018 step 41400] D: 0.1579 | G: 1.9208 | NCE: 1.2920 | ID: 0.0295
[E018 step 41500] D: 0.1700 | G: 2.0092 | NCE: 1.3868 | ID: 0.0359
[E018 step 41600] D: 0.1601 | G: 1.9129 | NCE: 1.2845 | ID: 0.0331
[E018 step 41700] D: 0.1611 | G: 1.9622 | NCE: 1.3245 | ID: 0.0333
[E018 step 41800] D: 0.1787 | G: 2.0164 | NCE: 1.4147 | ID: 0.0339
[E018 step 41900] D: 0.1649 | G: 1.9924 | NCE: 1.3642 | ID: 0.0349
[E018 step 42000] D: 0.1649 | G: 2.0419 | NCE: 1.4118 | ID: 0.0324
[E018 step 42100] D: 0.1733 | G: 1.9898 | NCE: 1.3694 | ID: 0.0324
[E018 step 42200] D: 0.1584 | G: 2.0295 | NCE: 1.3936 | ID: 0.0313
[E018 step 42300] D: 0.1647 | G: 2.0476 | NCE: 1.4018 | ID: 0.0335
[E018 step 42400] D: 0.1620 | G: 2.0819 | NCE: 1.4402 | ID: 0.0324
[E018 step 42500] D: 0.1675 | G: 1.9962 | NCE: 1.3826 | ID: 0.0333
[E018 step 42600] D: 0.1779 | G: 2.0057 | NCE: 1.4007 | ID: 0.0331
[E018 step 42700] D: 0.1534 | G: 1.9292 | NCE: 1.2918 | ID: 0.0378
[E018 step 42800] D: 0.1679 | G: 2.0938 | NCE: 1.4630 | ID: 0.0315
[E018 step 42900] D: 0.1727 | G: 2.0634 | NCE: 1.4402 | ID: 0.0322
[E018 step 43000] D: 0.1633 | G: 2.0489 | NCE: 1.4208 | ID: 0.0337
[E018 step 43100] D: 0.1682 | G: 2.0052 | NCE: 1.3877 | ID: 0.0327
[E018 step 43200] D: 0.1700 | G: 2.0447 | NCE: 1.4192 | ID: 0.0323
[E018 step 43300] D: 0.1670 | G: 1.9900 | NCE: 1.3572 | ID: 0.0307
[E018 step 43400] D: 0.1599 | G: 2.0822 | NCE: 1.4185 | ID: 0.0335
[E018 step 43500] D: 0.1624 | G: 2.0505 | NCE: 1.4065 | ID: 0.0342
[E018 step 43600] D: 0.1583 | G: 1.9999 | NCE: 1.3546 | ID: 0.0347
[E018 step 43700] D: 0.1685 | G: 1.8910 | NCE: 1.2755 | ID: 0.0330
[E018 step 43800] D: 0.1556 | G: 2.0290 | NCE: 1.4028 | ID: 0.0336
[E018 step 43900] D: 0.1702 | G: 2.0467 | NCE: 1.4050 | ID: 0.0363
[E018 step 44000] D: 0.1697 | G: 1.9807 | NCE: 1.3695 | ID: 0.0328
[E018 step 44100] D: 0.1588 | G: 1.9562 | NCE: 1.2978 | ID: 0.0333
[E018 step 44200] D: 0.1648 | G: 2.0141 | NCE: 1.3826 | ID: 0.0348
[E018 step 44300] D: 0.1719 | G: 2.0171 | NCE: 1.4075 | ID: 0.0348
[E018 step 44400] D: 0.1588 | G: 2.0903 | NCE: 1.4636 | ID: 0.0316
[E018 step 44500] D: 0.1761 | G: 2.0247 | NCE: 1.3968 | ID: 0.0351
[E018 step 44600] D: 0.1701 | G: 2.0009 | NCE: 1.3716 | ID: 0.0360
[E018 step 44700] D: 0.1673 | G: 1.9277 | NCE: 1.2931 | ID: 0.0318
[E018 step 44800] D: 0.1611 | G: 1.9840 | NCE: 1.3498 | ID: 0.0337
[E018 step 44900] D: 0.1676 | G: 2.0345 | NCE: 1.3844 | ID: 0.0358
[E018 step 45000] D: 0.1615 | G: 2.0488 | NCE: 1.4038 | ID: 0.0337
[E018 step 45100] D: 0.1662 | G: 1.9950 | NCE: 1.3623 | ID: 0.0308
[E018 step 45200] D: 0.1637 | G: 1.9346 | NCE: 1.2989 | ID: 0.0360
[E018 step 45300] D: 0.1551 | G: 2.0008 | NCE: 1.3761 | ID: 0.0341
[E018 step 45400] D: 0.1628 | G: 1.9589 | NCE: 1.3261 | ID: 0.0330
[E018 step 45500] D: 0.1683 | G: 1.9958 | NCE: 1.3745 | ID: 0.0311
[E018 step 45600] D: 0.1743 | G: 1.9743 | NCE: 1.3737 | ID: 0.0304
[E018 step 45700] D: 0.1536 | G: 2.0353 | NCE: 1.3986 | ID: 0.0355
[E018 step 45800] D: 0.1671 | G: 1.9961 | NCE: 1.3799 | ID: 0.0324
[E018 step 45900] D: 0.1676 | G: 1.9999 | NCE: 1.3693 | ID: 0.0360
[E018 step 46000] D: 0.1616 | G: 1.9880 | NCE: 1.3509 | ID: 0.0353
[E018 step 46100] D: 0.1673 | G: 2.0126 | NCE: 1.3864 | ID: 0.0312
[E018 step 46200] D: 0.1639 | G: 2.0571 | NCE: 1.4361 | ID: 0.0319
[E018 step 46300] D: 0.1616 | G: 2.0264 | NCE: 1.3790 | ID: 0.0322
[E018 step 46400] D: 0.1726 | G: 2.0286 | NCE: 1.4094 | ID: 0.0339
[E018 step 46500] D: 0.1729 | G: 1.9766 | NCE: 1.3518 | ID: 0.0334
[E018 step 46600] D: 0.1641 | G: 1.9487 | NCE: 1.2995 | ID: 0.0341
[E018 step 46700] D: 0.1590 | G: 1.9628 | NCE: 1.3234 | ID: 0.0319
[E018 step 46800] D: 0.1664 | G: 1.9603 | NCE: 1.3377 | ID: 0.0327
[E018 step 46900] D: 0.1705 | G: 2.0035 | NCE: 1.3981 | ID: 0.0311
[E018 step 47000] D: 0.1601 | G: 1.9491 | NCE: 1.2994 | ID: 0.0325
[E018 step 47100] D: 0.1629 | G: 2.0144 | NCE: 1.3763 | ID: 0.0332
[E018 step 47200] D: 0.1652 | G: 1.9777 | NCE: 1.3446 | ID: 0.0335
[E018 step 47300] D: 0.1567 | G: 1.9942 | NCE: 1.3574 | ID: 0.0332
[E018 step 47400] D: 0.1673 | G: 1.9993 | NCE: 1.3646 | ID: 0.0326
[E018 step 47500] D: 0.1668 | G: 1.9908 | NCE: 1.3622 | ID: 0.0327
[E018 step 47600] D: 0.1630 | G: 2.0349 | NCE: 1.4005 | ID: 0.0328
[E018 step 47700] D: 0.1656 | G: 1.9834 | NCE: 1.3489 | ID: 0.0334
[E018 step 47800] D: 0.1603 | G: 1.9906 | NCE: 1.3558 | ID: 0.0348
[E018 step 47900] D: 0.1596 | G: 1.9740 | NCE: 1.3405 | ID: 0.0333
[E018 step 48000] D: 0.1576 | G: 2.0227 | NCE: 1.3783 | ID: 0.0336
[E018 step 48100] D: 0.1702 | G: 1.9297 | NCE: 1.3048 | ID: 0.0339
[E018 step 48200] D: 0.1725 | G: 2.0520 | NCE: 1.4195 | ID: 0.0329
[E018 step 48300] D: 0.1716 | G: 2.0328 | NCE: 1.4103 | ID: 0.0296
[E018 step 48400] D: 0.1638 | G: 1.9199 | NCE: 1.2920 | ID: 0.0314
[E018 step 48500] D: 0.1566 | G: 1.9661 | NCE: 1.3215 | ID: 0.0343
[E018 step 48600] D: 0.1619 | G: 1.9815 | NCE: 1.3548 | ID: 0.0313
[E018 step 48700] D: 0.1687 | G: 1.9774 | NCE: 1.3488 | ID: 0.0303
[E018 step 48800] D: 0.1692 | G: 1.9970 | NCE: 1.3727 | ID: 0.0351
[E018 step 48900] D: 0.1649 | G: 1.9983 | NCE: 1.3697 | ID: 0.0327
[E018 step 49000] D: 0.1790 | G: 1.9723 | NCE: 1.3525 | ID: 0.0348
[E018 step 49100] D: 0.1677 | G: 1.9188 | NCE: 1.2978 | ID: 0.0317
[E018 step 49200] D: 0.1651 | G: 2.0421 | NCE: 1.4173 | ID: 0.0325
[E018 step 49300] D: 0.1704 | G: 2.0534 | NCE: 1.4241 | ID: 0.0335
[E018 step 49400] D: 0.1599 | G: 1.9703 | NCE: 1.3170 | ID: 0.0330
[E018 step 49500] D: 0.1577 | G: 2.0310 | NCE: 1.3986 | ID: 0.0341
[E018 step 49600] D: 0.1735 | G: 1.9845 | NCE: 1.3767 | ID: 0.0354
[E018 step 49700] D: 0.1489 | G: 2.1218 | NCE: 1.4674 | ID: 0.0301
[E018 step 49800] D: 0.1783 | G: 1.9880 | NCE: 1.3756 | ID: 0.0316
[E018 step 49900] D: 0.1684 | G: 2.0196 | NCE: 1.3981 | ID: 0.0316
[E018 step 50000] D: 0.1617 | G: 1.9646 | NCE: 1.3417 | ID: 0.0313
[E018 step 50100] D: 0.1590 | G: 2.0070 | NCE: 1.3667 | ID: 0.0330
[E018 step 50200] D: 0.1615 | G: 2.0099 | NCE: 1.3693 | ID: 0.0350
[E018 step 50300] D: 0.1719 | G: 1.9851 | NCE: 1.3696 | ID: 0.0305
[E018 step 50400] D: 0.1667 | G: 2.0052 | NCE: 1.3797 | ID: 0.0335
[E018 step 50500] D: 0.1598 | G: 2.0649 | NCE: 1.4161 | ID: 0.0344
[E018 step 50600] D: 0.1735 | G: 1.9733 | NCE: 1.3556 | ID: 0.0352
[E018 step 50700] D: 0.1616 | G: 1.9074 | NCE: 1.2797 | ID: 0.0331
[E018 step 50800] D: 0.1644 | G: 1.9894 | NCE: 1.3571 | ID: 0.0384
[E018 step 50900] D: 0.1598 | G: 1.9631 | NCE: 1.3218 | ID: 0.0328
[E018 step 51000] D: 0.1620 | G: 2.0068 | NCE: 1.3675 | ID: 0.0337
[E018 step 51100] D: 0.1688 | G: 1.9653 | NCE: 1.3451 | ID: 0.0348
[E018 step 51200] D: 0.1675 | G: 1.9431 | NCE: 1.3153 | ID: 0.0338
[E018 step 51300] D: 0.1827 | G: 2.0947 | NCE: 1.4713 | ID: 0.0330
[E018 step 51400] D: 0.1729 | G: 1.9765 | NCE: 1.3593 | ID: 0.0301
[E018 step 51500] D: 0.1734 | G: 1.9521 | NCE: 1.3374 | ID: 0.0322
[E018 step 51600] D: 0.1605 | G: 1.9219 | NCE: 1.2922 | ID: 0.0343
[E018 step 51700] D: 0.1660 | G: 1.9355 | NCE: 1.3036 | ID: 0.0350
[E018 step 51800] D: 0.1661 | G: 2.0173 | NCE: 1.3864 | ID: 0.0337
[E018 step 51900] D: 0.1565 | G: 2.0143 | NCE: 1.3697 | ID: 0.0369
[E018 step 52000] D: 0.1500 | G: 1.9852 | NCE: 1.3533 | ID: 0.0327
[E018 step 52100] D: 0.1692 | G: 1.9169 | NCE: 1.2868 | ID: 0.0312
[E018 step 52200] D: 0.1861 | G: 1.9710 | NCE: 1.3743 | ID: 0.0301
[E018 step 52300] D: 0.1528 | G: 1.9500 | NCE: 1.3067 | ID: 0.0326
[E018 step 52400] D: 0.1686 | G: 2.0598 | NCE: 1.4307 | ID: 0.0345
[E018 step 52500] D: 0.1598 | G: 2.0040 | NCE: 1.3706 | ID: 0.0324
[E018 step 52600] D: 0.1663 | G: 2.0670 | NCE: 1.4282 | ID: 0.0329
[E018 step 52700] D: 0.1701 | G: 1.9978 | NCE: 1.3693 | ID: 0.0310
[E018 step 52800] D: 0.1661 | G: 1.9573 | NCE: 1.3368 | ID: 0.0344
[E018 step 52900] D: 0.1624 | G: 1.9623 | NCE: 1.3320 | ID: 0.0341
[E018 step 53000] D: 0.1603 | G: 2.0206 | NCE: 1.3870 | ID: 0.0325
[E018 step 53100] D: 0.1704 | G: 1.9678 | NCE: 1.3540 | ID: 0.0344
[E018 step 53200] D: 0.1592 | G: 1.9173 | NCE: 1.2794 | ID: 0.0339
[E018 step 53300] D: 0.1666 | G: 1.9703 | NCE: 1.3333 | ID: 0.0356
[E018 step 53400] D: 0.1563 | G: 1.9681 | NCE: 1.3304 | ID: 0.0341
[E018 step 53500] D: 0.1630 | G: 1.9970 | NCE: 1.3570 | ID: 0.0355
[E018 step 53600] D: 0.1677 | G: 2.0315 | NCE: 1.3737 | ID: 0.0359
[E018 step 53700] D: 0.1583 | G: 2.0012 | NCE: 1.3594 | ID: 0.0361
[E018 step 53800] D: 0.1588 | G: 2.0329 | NCE: 1.3825 | ID: 0.0356
[E018 step 53900] D: 0.1709 | G: 1.9162 | NCE: 1.3096 | ID: 0.0322
[E018 step 54000] D: 0.1667 | G: 2.0341 | NCE: 1.4002 | ID: 0.0359
[E018 step 54100] D: 0.1607 | G: 2.0505 | NCE: 1.4094 | ID: 0.0356
[E018 step 54200] D: 0.1553 | G: 2.0192 | NCE: 1.3823 | ID: 0.0300
[E018 step 54300] D: 0.1746 | G: 2.0132 | NCE: 1.3868 | ID: 0.0373
[E018 step 54400] D: 0.1744 | G: 1.9292 | NCE: 1.2936 | ID: 0.0319
[E018 step 54500] D: 0.1621 | G: 1.9214 | NCE: 1.2972 | ID: 0.0341
[E018 step 54600] D: 0.1580 | G: 1.9755 | NCE: 1.3466 | ID: 0.0320
[E018 step 54700] D: 0.1750 | G: 2.0266 | NCE: 1.4116 | ID: 0.0336
[E018 step 54800] D: 0.1675 | G: 2.0728 | NCE: 1.4509 | ID: 0.0327
[E018 step 54900] D: 0.1632 | G: 1.8542 | NCE: 1.2311 | ID: 0.0343
[E018 step 55000] D: 0.1652 | G: 1.9993 | NCE: 1.3786 | ID: 0.0327
[E018 step 55100] D: 0.1663 | G: 1.8869 | NCE: 1.2637 | ID: 0.0325
[E018 step 55200] D: 0.1595 | G: 1.9589 | NCE: 1.3214 | ID: 0.0359
[E018 step 55300] D: 0.1813 | G: 1.9405 | NCE: 1.3313 | ID: 0.0348
[E018 step 55400] D: 0.1581 | G: 1.9825 | NCE: 1.3383 | ID: 0.0344
[E018 step 55500] D: 0.1742 | G: 2.1037 | NCE: 1.4843 | ID: 0.0340
[E018 step 55600] D: 0.1703 | G: 1.9323 | NCE: 1.3224 | ID: 0.0294
[E018 step 55700] D: 0.1732 | G: 1.8893 | NCE: 1.2806 | ID: 0.0329
[E018 step 55800] D: 0.1601 | G: 1.9357 | NCE: 1.2907 | ID: 0.0351
[E018 step 55900] D: 0.1621 | G: 1.9838 | NCE: 1.3540 | ID: 0.0310
[E018 step 56000] D: 0.1522 | G: 1.9985 | NCE: 1.3357 | ID: 0.0367
[E018 step 56100] D: 0.1734 | G: 1.9618 | NCE: 1.3415 | ID: 0.0334
[E018 step 56200] D: 0.1592 | G: 2.0357 | NCE: 1.3971 | ID: 0.0354
[E018 step 56300] D: 0.1639 | G: 1.9493 | NCE: 1.2976 | ID: 0.0334
[E018 step 56400] D: 0.1730 | G: 1.9569 | NCE: 1.3606 | ID: 0.0326
[E018 step 56500] D: 0.1687 | G: 1.8924 | NCE: 1.2832 | ID: 0.0333
[E018 step 56600] D: 0.1569 | G: 1.9425 | NCE: 1.2980 | ID: 0.0329
[E018 step 56700] D: 0.1642 | G: 1.8876 | NCE: 1.2559 | ID: 0.0306
[E018 step 56800] D: 0.1617 | G: 1.9716 | NCE: 1.3358 | ID: 0.0341
[E018 step 56900] D: 0.1657 | G: 1.9428 | NCE: 1.2994 | ID: 0.0331
[E018 step 57000] D: 0.1624 | G: 1.9140 | NCE: 1.2917 | ID: 0.0356
[E018 step 57100] D: 0.1625 | G: 1.9350 | NCE: 1.3046 | ID: 0.0315
[E018 step 57200] D: 0.1690 | G: 1.8989 | NCE: 1.2857 | ID: 0.0353
[E018 step 57300] D: 0.1653 | G: 1.9634 | NCE: 1.3272 | ID: 0.0338
[E018 step 57400] D: 0.1636 | G: 1.9861 | NCE: 1.3503 | ID: 0.0307
[E018 step 57500] D: 0.1696 | G: 2.0184 | NCE: 1.3891 | ID: 0.0320
[E018 step 57600] D: 0.1593 | G: 2.0838 | NCE: 1.4280 | ID: 0.0339
[E018 step 57700] D: 0.1680 | G: 2.0956 | NCE: 1.4506 | ID: 0.0334
[E018 step 57800] D: 0.1609 | G: 1.9634 | NCE: 1.3405 | ID: 0.0325
[E018 step 57900] D: 0.1638 | G: 1.9473 | NCE: 1.3336 | ID: 0.0329
[E018 step 58000] D: 0.1593 | G: 1.9697 | NCE: 1.3464 | ID: 0.0324
[E018 step 58100] D: 0.1714 | G: 2.0167 | NCE: 1.4060 | ID: 0.0353
[E018 step 58200] D: 0.1574 | G: 2.0531 | NCE: 1.4131 | ID: 0.0316
[E018 step 58300] D: 0.1703 | G: 2.0253 | NCE: 1.4043 | ID: 0.0327
[E018 step 58400] D: 0.1680 | G: 1.9243 | NCE: 1.3105 | ID: 0.0345
[E018 step 58500] D: 0.1693 | G: 1.9891 | NCE: 1.3612 | ID: 0.0321
[E018 step 58600] D: 0.1625 | G: 2.0564 | NCE: 1.4178 | ID: 0.0365
[E018 step 58700] D: 0.1559 | G: 1.9773 | NCE: 1.3332 | ID: 0.0328
[E018 step 58800] D: 0.1691 | G: 1.9389 | NCE: 1.3246 | ID: 0.0317
[E018 step 58900] D: 0.1809 | G: 1.8824 | NCE: 1.2839 | ID: 0.0319
[E018 step 59000] D: 0.1554 | G: 1.9657 | NCE: 1.3151 | ID: 0.0311
[E018 step 59100] D: 0.1709 | G: 1.9357 | NCE: 1.3148 | ID: 0.0343
[E018 step 59200] D: 0.1730 | G: 2.0147 | NCE: 1.3789 | ID: 0.0342
[E018 step 59300] D: 0.1665 | G: 1.9467 | NCE: 1.3314 | ID: 0.0329
[E018 step 59400] D: 0.1663 | G: 1.9899 | NCE: 1.3628 | ID: 0.0335
[E018 step 59500] D: 0.1781 | G: 1.9899 | NCE: 1.3635 | ID: 0.0335
[E018 step 59600] D: 0.1631 | G: 1.9445 | NCE: 1.3242 | ID: 0.0346
[E018 step 59700] D: 0.1640 | G: 1.9384 | NCE: 1.3059 | ID: 0.0352
[E018 step 59800] D: 0.1615 | G: 2.0062 | NCE: 1.3644 | ID: 0.0346
[E018 step 59900] D: 0.1678 | G: 1.9130 | NCE: 1.3047 | ID: 0.0315
[E018 step 60000] D: 0.1741 | G: 1.9775 | NCE: 1.3515 | ID: 0.0334
[E018 step 60100] D: 0.1631 | G: 1.9482 | NCE: 1.3223 | ID: 0.0365
[E018 step 60200] D: 0.1654 | G: 2.0171 | NCE: 1.3746 | ID: 0.0348
[E018 step 60300] D: 0.1602 | G: 2.0339 | NCE: 1.3934 | ID: 0.0353
[E018 step 60400] D: 0.1657 | G: 1.9925 | NCE: 1.3562 | ID: 0.0337
[E018 step 60500] D: 0.1662 | G: 1.9289 | NCE: 1.2995 | ID: 0.0336
[E018 step 60600] D: 0.1593 | G: 1.9591 | NCE: 1.3291 | ID: 0.0296
[E018 step 60700] D: 0.1742 | G: 1.9726 | NCE: 1.3574 | ID: 0.0329
[E018 step 60800] D: 0.1641 | G: 2.0234 | NCE: 1.4049 | ID: 0.0319
[E018 step 60900] D: 0.1656 | G: 1.9493 | NCE: 1.3203 | ID: 0.0341
[E018 step 61000] D: 0.1673 | G: 1.9641 | NCE: 1.3441 | ID: 0.0342
[E018 step 61100] D: 0.1666 | G: 2.0583 | NCE: 1.4372 | ID: 0.0353
[E018 step 61200] D: 0.1639 | G: 1.9245 | NCE: 1.3036 | ID: 0.0319
[E018 step 61300] D: 0.1663 | G: 1.9904 | NCE: 1.3738 | ID: 0.0335
[E018 step 61400] D: 0.1643 | G: 2.0194 | NCE: 1.3902 | ID: 0.0323
[E018 step 61500] D: 0.1619 | G: 2.0377 | NCE: 1.3869 | ID: 0.0379
[E018 step 61600] D: 0.1507 | G: 1.9964 | NCE: 1.3379 | ID: 0.0340
[E018 step 61700] D: 0.1724 | G: 1.9956 | NCE: 1.3561 | ID: 0.0342
[E018 step 61800] D: 0.1582 | G: 1.9713 | NCE: 1.3355 | ID: 0.0319
[E018 step 61900] D: 0.1710 | G: 2.0183 | NCE: 1.3854 | ID: 0.0340
[E018 step 62000] D: 0.1676 | G: 1.9971 | NCE: 1.3696 | ID: 0.0313
[E018 step 62100] D: 0.1649 | G: 1.9117 | NCE: 1.3010 | ID: 0.0325
[E018 step 62200] D: 0.1633 | G: 1.9666 | NCE: 1.3360 | ID: 0.0340
[E018 step 62300] D: 0.1665 | G: 2.1427 | NCE: 1.5140 | ID: 0.0323
[E018 step 62400] D: 0.1637 | G: 1.9656 | NCE: 1.3279 | ID: 0.0355
[E018 step 62500] D: 0.1730 | G: 1.9983 | NCE: 1.3797 | ID: 0.0318
[E018 step 62600] D: 0.1594 | G: 1.9847 | NCE: 1.3439 | ID: 0.0328
[E018 step 62700] D: 0.1661 | G: 1.9863 | NCE: 1.3549 | ID: 0.0299
[E018 step 62800] D: 0.1738 | G: 1.9363 | NCE: 1.3120 | ID: 0.0342
[E018 step 62900] D: 0.1714 | G: 1.9642 | NCE: 1.3524 | ID: 0.0339
[E018 step 63000] D: 0.1726 | G: 1.9435 | NCE: 1.3265 | ID: 0.0349
[E018 step 63100] D: 0.1640 | G: 1.9627 | NCE: 1.3447 | ID: 0.0326
[E018 step 63200] D: 0.1651 | G: 1.9575 | NCE: 1.3195 | ID: 0.0338
[E018 step 63300] D: 0.1609 | G: 2.0314 | NCE: 1.3875 | ID: 0.0367
[E018 step 63400] D: 0.1601 | G: 2.0411 | NCE: 1.3785 | ID: 0.0377
[E018 step 63500] D: 0.1729 | G: 2.0180 | NCE: 1.4091 | ID: 0.0302
[E018 step 63600] D: 0.1713 | G: 1.9926 | NCE: 1.3612 | ID: 0.0322
[E018 step 63700] D: 0.1587 | G: 2.0060 | NCE: 1.3738 | ID: 0.0317
[E018 step 63800] D: 0.1664 | G: 2.0305 | NCE: 1.4174 | ID: 0.0337
[E018 step 63900] D: 0.1605 | G: 1.9737 | NCE: 1.3624 | ID: 0.0318
[E018 step 64000] D: 0.1732 | G: 1.9756 | NCE: 1.3519 | ID: 0.0318
[E018 step 64100] D: 0.1687 | G: 2.0092 | NCE: 1.3700 | ID: 0.0325
[E018 step 64200] D: 0.1690 | G: 1.9993 | NCE: 1.3803 | ID: 0.0345
[E018 step 64300] D: 0.1622 | G: 1.9743 | NCE: 1.3303 | ID: 0.0342
[E018 step 64400] D: 0.1657 | G: 1.9608 | NCE: 1.3175 | ID: 0.0334
[E018 step 64500] D: 0.1579 | G: 1.9822 | NCE: 1.3457 | ID: 0.0330
[E018 step 64600] D: 0.1765 | G: 2.0145 | NCE: 1.3836 | ID: 0.0353
[E018 step 64700] D: 0.1632 | G: 1.9534 | NCE: 1.3235 | ID: 0.0317
[E018 step 64800] D: 0.1722 | G: 2.0130 | NCE: 1.3852 | ID: 0.0336
[INFO] Saved: images/epoch_018.png and weights/epoch_018.pt
[E019 step 64900] D: 0.1206 | G: 1.3369 | NCE: 0.9130 | ID: 0.0223
[E019 step 65000] D: 0.1669 | G: 1.9586 | NCE: 1.3205 | ID: 0.0300
[E019 step 65100] D: 0.1648 | G: 1.9586 | NCE: 1.3412 | ID: 0.0338
[E019 step 65200] D: 0.1554 | G: 2.0634 | NCE: 1.4085 | ID: 0.0340
[E019 step 65300] D: 0.1674 | G: 2.0104 | NCE: 1.3877 | ID: 0.0356
[E019 step 65400] D: 0.1639 | G: 2.0791 | NCE: 1.4284 | ID: 0.0349
[E019 step 65500] D: 0.1650 | G: 2.0348 | NCE: 1.3916 | ID: 0.0337
[E019 step 65600] D: 0.1573 | G: 1.9628 | NCE: 1.3187 | ID: 0.0336
[E019 step 65700] D: 0.1750 | G: 2.0555 | NCE: 1.4470 | ID: 0.0367
[E019 step 65800] D: 0.1622 | G: 1.9353 | NCE: 1.3018 | ID: 0.0335
[E019 step 65900] D: 0.1538 | G: 1.9245 | NCE: 1.2814 | ID: 0.0332
[E019 step 66000] D: 0.1721 | G: 1.9367 | NCE: 1.3149 | ID: 0.0361
[E019 step 66100] D: 0.1544 | G: 1.9765 | NCE: 1.3184 | ID: 0.0342
[E019 step 66200] D: 0.1595 | G: 1.9735 | NCE: 1.3313 | ID: 0.0330
[E019 step 66300] D: 0.1706 | G: 1.9482 | NCE: 1.3128 | ID: 0.0332
[E019 step 66400] D: 0.1760 | G: 1.9221 | NCE: 1.3216 | ID: 0.0336
[E019 step 66500] D: 0.1734 | G: 1.9443 | NCE: 1.3300 | ID: 0.0346
[E019 step 66600] D: 0.1655 | G: 2.0373 | NCE: 1.4142 | ID: 0.0320
[E019 step 66700] D: 0.1737 | G: 1.9520 | NCE: 1.3347 | ID: 0.0319
[E019 step 66800] D: 0.1641 | G: 1.9017 | NCE: 1.2728 | ID: 0.0344
[E019 step 66900] D: 0.1643 | G: 2.0145 | NCE: 1.3767 | ID: 0.0313
[E019 step 67000] D: 0.1684 | G: 1.9743 | NCE: 1.3390 | ID: 0.0367
[E019 step 67100] D: 0.1662 | G: 1.9480 | NCE: 1.3056 | ID: 0.0354
[E019 step 67200] D: 0.1697 | G: 2.0662 | NCE: 1.4312 | ID: 0.0310
[E019 step 67300] D: 0.1666 | G: 2.0482 | NCE: 1.4155 | ID: 0.0336
[E019 step 67400] D: 0.1586 | G: 2.0305 | NCE: 1.3980 | ID: 0.0334
[E019 step 67500] D: 0.1672 | G: 1.9884 | NCE: 1.3756 | ID: 0.0312
[E019 step 67600] D: 0.1566 | G: 1.9127 | NCE: 1.2772 | ID: 0.0302
[E019 step 67700] D: 0.1733 | G: 1.9699 | NCE: 1.3480 | ID: 0.0321
[E019 step 67800] D: 0.1758 | G: 1.9376 | NCE: 1.3231 | ID: 0.0326
[E019 step 67900] D: 0.1684 | G: 1.9372 | NCE: 1.3021 | ID: 0.0331
[E019 step 68000] D: 0.1662 | G: 1.9160 | NCE: 1.3004 | ID: 0.0329
[E019 step 68100] D: 0.1694 | G: 2.0193 | NCE: 1.3876 | ID: 0.0321
[E019 step 68200] D: 0.1683 | G: 2.0630 | NCE: 1.4483 | ID: 0.0306
[E019 step 68300] D: 0.1586 | G: 1.8933 | NCE: 1.2737 | ID: 0.0315
[E019 step 68400] D: 0.1679 | G: 2.0216 | NCE: 1.3792 | ID: 0.0352
[E019 step 68500] D: 0.1656 | G: 2.0348 | NCE: 1.4061 | ID: 0.0351
[E019 step 68600] D: 0.1622 | G: 1.9652 | NCE: 1.3238 | ID: 0.0312
[E019 step 68700] D: 0.1662 | G: 2.0203 | NCE: 1.4142 | ID: 0.0329
[E019 step 68800] D: 0.1675 | G: 2.0351 | NCE: 1.4013 | ID: 0.0334
[E019 step 68900] D: 0.1646 | G: 1.9962 | NCE: 1.3878 | ID: 0.0331
[E019 step 69000] D: 0.1574 | G: 2.0356 | NCE: 1.3873 | ID: 0.0334
[E019 step 69100] D: 0.1742 | G: 2.0251 | NCE: 1.4051 | ID: 0.0307
[E019 step 69200] D: 0.1753 | G: 1.9637 | NCE: 1.3450 | ID: 0.0336
[E019 step 69300] D: 0.1616 | G: 2.0060 | NCE: 1.3768 | ID: 0.0333
[E019 step 69400] D: 0.1625 | G: 2.0215 | NCE: 1.3841 | ID: 0.0326
[E019 step 69500] D: 0.1582 | G: 2.0107 | NCE: 1.3874 | ID: 0.0312
[E019 step 69600] D: 0.1642 | G: 1.8802 | NCE: 1.2470 | ID: 0.0356
[E019 step 69700] D: 0.1639 | G: 1.9611 | NCE: 1.3281 | ID: 0.0334
[E019 step 69800] D: 0.1632 | G: 1.9490 | NCE: 1.3135 | ID: 0.0353
[E019 step 69900] D: 0.1776 | G: 2.0002 | NCE: 1.3776 | ID: 0.0334
[E019 step 70000] D: 0.1646 | G: 2.0023 | NCE: 1.3576 | ID: 0.0323
[E019 step 70100] D: 0.1694 | G: 2.0061 | NCE: 1.3878 | ID: 0.0337
[E019 step 70200] D: 0.1655 | G: 1.9394 | NCE: 1.3085 | ID: 0.0346
[E019 step 70300] D: 0.1585 | G: 2.0150 | NCE: 1.3834 | ID: 0.0330
[E019 step 70400] D: 0.1724 | G: 1.9053 | NCE: 1.2965 | ID: 0.0323
[E019 step 70500] D: 0.1649 | G: 1.9508 | NCE: 1.3172 | ID: 0.0312
[E019 step 70600] D: 0.1738 | G: 1.9466 | NCE: 1.3219 | ID: 0.0359
[E019 step 70700] D: 0.1686 | G: 1.9204 | NCE: 1.2949 | ID: 0.0310
[E019 step 70800] D: 0.1553 | G: 1.9498 | NCE: 1.3213 | ID: 0.0318
[E019 step 70900] D: 0.1585 | G: 1.9401 | NCE: 1.3064 | ID: 0.0306
[E019 step 71000] D: 0.1741 | G: 2.0747 | NCE: 1.4416 | ID: 0.0323
[E019 step 71100] D: 0.1574 | G: 1.9835 | NCE: 1.3434 | ID: 0.0355
[E019 step 71200] D: 0.1678 | G: 2.0313 | NCE: 1.3937 | ID: 0.0360
[E019 step 71300] D: 0.1661 | G: 1.9661 | NCE: 1.3367 | ID: 0.0336
[E019 step 71400] D: 0.1742 | G: 1.9315 | NCE: 1.3248 | ID: 0.0333
[E019 step 71500] D: 0.1613 | G: 1.9485 | NCE: 1.3212 | ID: 0.0327
[E019 step 71600] D: 0.1655 | G: 1.9912 | NCE: 1.3562 | ID: 0.0349
[E019 step 71700] D: 0.1598 | G: 1.9408 | NCE: 1.3081 | ID: 0.0363
[E019 step 71800] D: 0.1617 | G: 2.0880 | NCE: 1.4590 | ID: 0.0313
[E019 step 71900] D: 0.1706 | G: 2.0147 | NCE: 1.3803 | ID: 0.0323
[E019 step 72000] D: 0.1682 | G: 1.9605 | NCE: 1.3288 | ID: 0.0351
[E019 step 72100] D: 0.1676 | G: 1.8992 | NCE: 1.2870 | ID: 0.0334
[E019 step 72200] D: 0.1659 | G: 1.9535 | NCE: 1.3161 | ID: 0.0339
[E019 step 72300] D: 0.1701 | G: 2.0281 | NCE: 1.4143 | ID: 0.0329
[E019 step 72400] D: 0.1593 | G: 1.9439 | NCE: 1.3050 | ID: 0.0331
[E019 step 72500] D: 0.1675 | G: 2.0339 | NCE: 1.4130 | ID: 0.0328
[E019 step 72600] D: 0.1648 | G: 1.9912 | NCE: 1.3693 | ID: 0.0319
[E019 step 72700] D: 0.1704 | G: 1.9808 | NCE: 1.3508 | ID: 0.0309
[E019 step 72800] D: 0.1681 | G: 2.0428 | NCE: 1.4233 | ID: 0.0302
[E019 step 72900] D: 0.1620 | G: 2.0091 | NCE: 1.3732 | ID: 0.0335
[E019 step 73000] D: 0.1660 | G: 1.9738 | NCE: 1.3518 | ID: 0.0345
[E019 step 73100] D: 0.1733 | G: 1.9839 | NCE: 1.3726 | ID: 0.0330
[E019 step 73200] D: 0.1626 | G: 2.0676 | NCE: 1.4105 | ID: 0.0331
[E019 step 73300] D: 0.1727 | G: 1.9775 | NCE: 1.3649 | ID: 0.0350
[E019 step 73400] D: 0.1617 | G: 1.8855 | NCE: 1.2493 | ID: 0.0314
[E019 step 73500] D: 0.1665 | G: 1.9044 | NCE: 1.2711 | ID: 0.0350
[E019 step 73600] D: 0.1596 | G: 1.9936 | NCE: 1.3415 | ID: 0.0363
[E019 step 73700] D: 0.1642 | G: 1.9824 | NCE: 1.3524 | ID: 0.0343
[E019 step 73800] D: 0.1654 | G: 1.9935 | NCE: 1.3710 | ID: 0.0305
[E019 step 73900] D: 0.1707 | G: 2.0206 | NCE: 1.3873 | ID: 0.0300
[E019 step 74000] D: 0.1565 | G: 2.0525 | NCE: 1.4249 | ID: 0.0326
[E019 step 74100] D: 0.1466 | G: 2.0319 | NCE: 1.3756 | ID: 0.0314
[E019 step 74200] D: 0.1586 | G: 2.0122 | NCE: 1.3592 | ID: 0.0342
[E019 step 74300] D: 0.1738 | G: 1.9125 | NCE: 1.2933 | ID: 0.0351
[E019 step 74400] D: 0.1599 | G: 1.9635 | NCE: 1.3432 | ID: 0.0337
[E019 step 74500] D: 0.1739 | G: 1.9843 | NCE: 1.3568 | ID: 0.0328
[E019 step 74600] D: 0.1606 | G: 1.9522 | NCE: 1.3211 | ID: 0.0342
[E019 step 74700] D: 0.1694 | G: 1.9903 | NCE: 1.3620 | ID: 0.0321
[E019 step 74800] D: 0.1585 | G: 1.9928 | NCE: 1.3430 | ID: 0.0320
[E019 step 74900] D: 0.1574 | G: 2.1172 | NCE: 1.4647 | ID: 0.0289
[E019 step 75000] D: 0.1513 | G: 1.9777 | NCE: 1.3079 | ID: 0.0336
[E019 step 75100] D: 0.1584 | G: 2.0264 | NCE: 1.3797 | ID: 0.0314
[E019 step 75200] D: 0.1678 | G: 1.9268 | NCE: 1.2964 | ID: 0.0322
[E019 step 75300] D: 0.1625 | G: 1.9971 | NCE: 1.3545 | ID: 0.0319
[E019 step 75400] D: 0.1514 | G: 2.0160 | NCE: 1.3529 | ID: 0.0341
[E019 step 75500] D: 0.1772 | G: 1.9513 | NCE: 1.3388 | ID: 0.0320
[E019 step 75600] D: 0.1781 | G: 2.0099 | NCE: 1.3862 | ID: 0.0295
[E019 step 75700] D: 0.1709 | G: 2.0407 | NCE: 1.4160 | ID: 0.0369
[E019 step 75800] D: 0.1642 | G: 1.9525 | NCE: 1.3332 | ID: 0.0326
[E019 step 75900] D: 0.1672 | G: 1.8776 | NCE: 1.2526 | ID: 0.0353
[E019 step 76000] D: 0.1596 | G: 1.9214 | NCE: 1.2776 | ID: 0.0321
[E019 step 76100] D: 0.1675 | G: 2.0210 | NCE: 1.3941 | ID: 0.0341
[E019 step 76200] D: 0.1618 | G: 2.0002 | NCE: 1.3669 | ID: 0.0333
[E019 step 76300] D: 0.1596 | G: 2.0859 | NCE: 1.4531 | ID: 0.0342
[E019 step 76400] D: 0.1684 | G: 2.0321 | NCE: 1.4118 | ID: 0.0322
[E019 step 76500] D: 0.1642 | G: 1.9423 | NCE: 1.3143 | ID: 0.0340
[E019 step 76600] D: 0.1654 | G: 1.9256 | NCE: 1.3018 | ID: 0.0291
[E019 step 76700] D: 0.1739 | G: 1.9017 | NCE: 1.2854 | ID: 0.0320
[E019 step 76800] D: 0.1649 | G: 1.9317 | NCE: 1.3079 | ID: 0.0342
[E019 step 76900] D: 0.1641 | G: 1.9338 | NCE: 1.3115 | ID: 0.0347
[E019 step 77000] D: 0.1672 | G: 1.9874 | NCE: 1.3516 | ID: 0.0306
[E019 step 77100] D: 0.1587 | G: 2.0265 | NCE: 1.3884 | ID: 0.0323
[E019 step 77200] D: 0.1679 | G: 2.0237 | NCE: 1.3830 | ID: 0.0305
[E019 step 77300] D: 0.1613 | G: 2.0161 | NCE: 1.3872 | ID: 0.0312
[E019 step 77400] D: 0.1579 | G: 1.9739 | NCE: 1.3392 | ID: 0.0296
[E019 step 77500] D: 0.1635 | G: 2.0207 | NCE: 1.3904 | ID: 0.0319
[E019 step 77600] D: 0.1707 | G: 2.0254 | NCE: 1.4038 | ID: 0.0328
[E019 step 77700] D: 0.1609 | G: 2.0469 | NCE: 1.4217 | ID: 0.0339
[E019 step 77800] D: 0.1688 | G: 2.0010 | NCE: 1.3663 | ID: 0.0305
[E019 step 77900] D: 0.1799 | G: 2.0846 | NCE: 1.4784 | ID: 0.0330
[E019 step 78000] D: 0.1667 | G: 2.0737 | NCE: 1.4265 | ID: 0.0324
[E019 step 78100] D: 0.1655 | G: 1.9614 | NCE: 1.3375 | ID: 0.0303
[E019 step 78200] D: 0.1564 | G: 2.0014 | NCE: 1.3708 | ID: 0.0308
[E019 step 78300] D: 0.1781 | G: 1.9174 | NCE: 1.3143 | ID: 0.0347
[E019 step 78400] D: 0.1625 | G: 1.8945 | NCE: 1.2663 | ID: 0.0328
[E019 step 78500] D: 0.1511 | G: 2.0067 | NCE: 1.3735 | ID: 0.0320
[E019 step 78600] D: 0.1610 | G: 1.9938 | NCE: 1.3463 | ID: 0.0345
[E019 step 78700] D: 0.1720 | G: 1.8721 | NCE: 1.2632 | ID: 0.0344
[E019 step 78800] D: 0.1715 | G: 2.0081 | NCE: 1.3838 | ID: 0.0335
[E019 step 78900] D: 0.1563 | G: 2.1192 | NCE: 1.4695 | ID: 0.0307
[E019 step 79000] D: 0.1719 | G: 1.9874 | NCE: 1.3516 | ID: 0.0336
[E019 step 79100] D: 0.1614 | G: 1.9671 | NCE: 1.3302 | ID: 0.0331
[E019 step 79200] D: 0.1755 | G: 1.9773 | NCE: 1.3620 | ID: 0.0339
[E019 step 79300] D: 0.1564 | G: 1.9128 | NCE: 1.2690 | ID: 0.0351
[E019 step 79400] D: 0.1724 | G: 1.9966 | NCE: 1.3717 | ID: 0.0331
[E019 step 79500] D: 0.1567 | G: 2.0481 | NCE: 1.3927 | ID: 0.0334
[E019 step 79600] D: 0.1723 | G: 1.9368 | NCE: 1.3133 | ID: 0.0312
[E019 step 79700] D: 0.1625 | G: 2.0223 | NCE: 1.3742 | ID: 0.0302
[E019 step 79800] D: 0.1638 | G: 1.9830 | NCE: 1.3436 | ID: 0.0322
[E019 step 79900] D: 0.1693 | G: 2.0119 | NCE: 1.3670 | ID: 0.0366
[E019 step 80000] D: 0.1529 | G: 1.9257 | NCE: 1.2947 | ID: 0.0339
[E019 step 80100] D: 0.1690 | G: 1.9140 | NCE: 1.2960 | ID: 0.0330
[E019 step 80200] D: 0.1583 | G: 1.9229 | NCE: 1.2808 | ID: 0.0328
[E019 step 80300] D: 0.1689 | G: 1.9423 | NCE: 1.3040 | ID: 0.0332
[E019 step 80400] D: 0.1648 | G: 2.0083 | NCE: 1.3825 | ID: 0.0342
[E019 step 80500] D: 0.1794 | G: 1.9930 | NCE: 1.3798 | ID: 0.0308
[E019 step 80600] D: 0.1663 | G: 1.9911 | NCE: 1.3684 | ID: 0.0306
[E019 step 80700] D: 0.1707 | G: 1.9923 | NCE: 1.3676 | ID: 0.0349
[E019 step 80800] D: 0.1647 | G: 2.0631 | NCE: 1.4395 | ID: 0.0357
[E019 step 80900] D: 0.1630 | G: 2.0518 | NCE: 1.4205 | ID: 0.0316
[E019 step 81000] D: 0.1704 | G: 1.8950 | NCE: 1.2753 | ID: 0.0345
[E019 step 81100] D: 0.1661 | G: 2.0303 | NCE: 1.3934 | ID: 0.0316
[E019 step 81200] D: 0.1777 | G: 2.0373 | NCE: 1.4063 | ID: 0.0334
[E019 step 81300] D: 0.1643 | G: 1.9684 | NCE: 1.3457 | ID: 0.0322
[E019 step 81400] D: 0.1659 | G: 1.9673 | NCE: 1.3488 | ID: 0.0323
[E019 step 81500] D: 0.1636 | G: 1.9884 | NCE: 1.3415 | ID: 0.0355
[E019 step 81600] D: 0.1691 | G: 1.9443 | NCE: 1.3222 | ID: 0.0306
[E019 step 81700] D: 0.1752 | G: 1.9046 | NCE: 1.2968 | ID: 0.0315
[E019 step 81800] D: 0.1750 | G: 1.9183 | NCE: 1.3075 | ID: 0.0327
[E019 step 81900] D: 0.1666 | G: 1.9771 | NCE: 1.3642 | ID: 0.0303
[E019 step 82000] D: 0.1627 | G: 1.9853 | NCE: 1.3588 | ID: 0.0310
[E019 step 82100] D: 0.1684 | G: 1.8776 | NCE: 1.2601 | ID: 0.0323
[E019 step 82200] D: 0.1687 | G: 1.8832 | NCE: 1.2656 | ID: 0.0330
[E019 step 82300] D: 0.1568 | G: 1.9258 | NCE: 1.2925 | ID: 0.0326
[E019 step 82400] D: 0.1710 | G: 2.0112 | NCE: 1.3888 | ID: 0.0321
[E019 step 82500] D: 0.1645 | G: 1.9550 | NCE: 1.3354 | ID: 0.0329
[E019 step 82600] D: 0.1738 | G: 1.9613 | NCE: 1.3398 | ID: 0.0330
[E019 step 82700] D: 0.1427 | G: 2.0070 | NCE: 1.3314 | ID: 0.0344
[E019 step 82800] D: 0.1639 | G: 1.9787 | NCE: 1.3474 | ID: 0.0300
[E019 step 82900] D: 0.1612 | G: 1.9628 | NCE: 1.3242 | ID: 0.0323
[E019 step 83000] D: 0.1755 | G: 1.9864 | NCE: 1.3651 | ID: 0.0314
[E019 step 83100] D: 0.1661 | G: 2.0153 | NCE: 1.3940 | ID: 0.0357
[E019 step 83200] D: 0.1581 | G: 2.0497 | NCE: 1.3907 | ID: 0.0301
[E019 step 83300] D: 0.1702 | G: 1.9442 | NCE: 1.3158 | ID: 0.0353
[E019 step 83400] D: 0.1670 | G: 2.0154 | NCE: 1.3922 | ID: 0.0346
[E019 step 83500] D: 0.1619 | G: 1.9766 | NCE: 1.3481 | ID: 0.0351
[E019 step 83600] D: 0.1748 | G: 1.9697 | NCE: 1.3550 | ID: 0.0324
[E019 step 83700] D: 0.1608 | G: 1.9849 | NCE: 1.3488 | ID: 0.0328
[E019 step 83800] D: 0.1577 | G: 2.0195 | NCE: 1.3659 | ID: 0.0311
[E019 step 83900] D: 0.1609 | G: 2.0124 | NCE: 1.3738 | ID: 0.0354
[E019 step 84000] D: 0.1653 | G: 1.9046 | NCE: 1.2819 | ID: 0.0293
[E019 step 84100] D: 0.1788 | G: 1.9709 | NCE: 1.3618 | ID: 0.0332
[E019 step 84200] D: 0.1663 | G: 1.9775 | NCE: 1.3550 | ID: 0.0324
[E019 step 84300] D: 0.1657 | G: 1.9802 | NCE: 1.3585 | ID: 0.0339
[E019 step 84400] D: 0.1591 | G: 1.9321 | NCE: 1.3084 | ID: 0.0342
[E019 step 84500] D: 0.1643 | G: 1.9172 | NCE: 1.2839 | ID: 0.0319
[E019 step 84600] D: 0.1739 | G: 1.9995 | NCE: 1.3553 | ID: 0.0359
[E019 step 84700] D: 0.1717 | G: 2.0436 | NCE: 1.4087 | ID: 0.0328
[E019 step 84800] D: 0.1646 | G: 1.9847 | NCE: 1.3551 | ID: 0.0334
[E019 step 84900] D: 0.1502 | G: 2.0333 | NCE: 1.3792 | ID: 0.0309
[E019 step 85000] D: 0.1553 | G: 1.9879 | NCE: 1.3396 | ID: 0.0323
[E019 step 85100] D: 0.1791 | G: 1.9965 | NCE: 1.3865 | ID: 0.0312
[E019 step 85200] D: 0.1695 | G: 1.9775 | NCE: 1.3479 | ID: 0.0342
[E019 step 85300] D: 0.1633 | G: 1.8665 | NCE: 1.2302 | ID: 0.0323
[E019 step 85400] D: 0.1629 | G: 1.9984 | NCE: 1.3586 | ID: 0.0301
[E019 step 85500] D: 0.1665 | G: 1.9952 | NCE: 1.3832 | ID: 0.0316
[E019 step 85600] D: 0.1673 | G: 1.9413 | NCE: 1.3047 | ID: 0.0325
[E019 step 85700] D: 0.1584 | G: 1.9706 | NCE: 1.3415 | ID: 0.0316
[E019 step 85800] D: 0.1705 | G: 2.1490 | NCE: 1.5188 | ID: 0.0335
[E019 step 85900] D: 0.1800 | G: 2.0214 | NCE: 1.4133 | ID: 0.0324
[E019 step 86000] D: 0.1641 | G: 1.9567 | NCE: 1.3383 | ID: 0.0341
[E019 step 86100] D: 0.1706 | G: 1.9360 | NCE: 1.3293 | ID: 0.0351
[E019 step 86200] D: 0.1741 | G: 2.0196 | NCE: 1.4001 | ID: 0.0309
[E019 step 86300] D: 0.1613 | G: 1.9235 | NCE: 1.2842 | ID: 0.0348
[E019 step 86400] D: 0.1605 | G: 1.9330 | NCE: 1.2945 | ID: 0.0330
[E019 step 86500] D: 0.1745 | G: 2.0036 | NCE: 1.3728 | ID: 0.0337
[E019 step 86600] D: 0.1665 | G: 1.9812 | NCE: 1.3645 | ID: 0.0350
[E019 step 86700] D: 0.1606 | G: 1.9712 | NCE: 1.3446 | ID: 0.0322
[E019 step 86800] D: 0.1679 | G: 1.9654 | NCE: 1.3357 | ID: 0.0320
[E019 step 86900] D: 0.1583 | G: 1.9959 | NCE: 1.3630 | ID: 0.0330
[E019 step 87000] D: 0.1680 | G: 1.8578 | NCE: 1.2252 | ID: 0.0334
[E019 step 87100] D: 0.1621 | G: 1.9750 | NCE: 1.3375 | ID: 0.0333
[E019 step 87200] D: 0.1691 | G: 1.9801 | NCE: 1.3582 | ID: 0.0366
[E019 step 87300] D: 0.1824 | G: 2.0052 | NCE: 1.4080 | ID: 0.0333
[E019 step 87400] D: 0.1651 | G: 1.8988 | NCE: 1.2819 | ID: 0.0356
[E019 step 87500] D: 0.1644 | G: 2.0224 | NCE: 1.3912 | ID: 0.0302
[E019 step 87600] D: 0.1645 | G: 1.9416 | NCE: 1.3148 | ID: 0.0327
[E019 step 87700] D: 0.1648 | G: 1.8859 | NCE: 1.2725 | ID: 0.0321
[E019 step 87800] D: 0.1668 | G: 1.9858 | NCE: 1.3548 | ID: 0.0334
[E019 step 87900] D: 0.1544 | G: 2.0042 | NCE: 1.3357 | ID: 0.0338
[E019 step 88000] D: 0.1711 | G: 1.9655 | NCE: 1.3352 | ID: 0.0307
[E019 step 88100] D: 0.1656 | G: 1.8860 | NCE: 1.2608 | ID: 0.0306
[E019 step 88200] D: 0.1725 | G: 1.9795 | NCE: 1.3654 | ID: 0.0321
[E019 step 88300] D: 0.1677 | G: 1.9466 | NCE: 1.3358 | ID: 0.0312
[E019 step 88400] D: 0.1629 | G: 1.9153 | NCE: 1.2928 | ID: 0.0325
[E019 step 88500] D: 0.1660 | G: 2.0230 | NCE: 1.3749 | ID: 0.0322
[E019 step 88600] D: 0.1739 | G: 1.9668 | NCE: 1.3435 | ID: 0.0336
[E019 step 88700] D: 0.1634 | G: 1.9839 | NCE: 1.3603 | ID: 0.0328
[E019 step 88800] D: 0.1563 | G: 1.9919 | NCE: 1.3424 | ID: 0.0333
[E019 step 88900] D: 0.1594 | G: 2.0465 | NCE: 1.4045 | ID: 0.0318
[E019 step 89000] D: 0.1589 | G: 2.0516 | NCE: 1.3892 | ID: 0.0334
[E019 step 89100] D: 0.1672 | G: 2.0127 | NCE: 1.3726 | ID: 0.0311
[E019 step 89200] D: 0.1722 | G: 2.0266 | NCE: 1.4050 | ID: 0.0347
[E019 step 89300] D: 0.1578 | G: 2.0589 | NCE: 1.4194 | ID: 0.0346
[E019 step 89400] D: 0.1763 | G: 1.9777 | NCE: 1.3636 | ID: 0.0322
[E019 step 89500] D: 0.1587 | G: 1.9774 | NCE: 1.3261 | ID: 0.0316
[E019 step 89600] D: 0.1606 | G: 1.8673 | NCE: 1.2397 | ID: 0.0335
[E019 step 89700] D: 0.1651 | G: 1.9204 | NCE: 1.2803 | ID: 0.0344
[E019 step 89800] D: 0.1495 | G: 1.9053 | NCE: 1.2342 | ID: 0.0332
[E019 step 89900] D: 0.1691 | G: 1.9651 | NCE: 1.3390 | ID: 0.0357
[E019 step 90000] D: 0.1631 | G: 1.9742 | NCE: 1.3330 | ID: 0.0331
[E019 step 90100] D: 0.1723 | G: 1.9272 | NCE: 1.3018 | ID: 0.0338
[E019 step 90200] D: 0.1810 | G: 1.9444 | NCE: 1.3221 | ID: 0.0354
[E019 step 90300] D: 0.1573 | G: 1.9702 | NCE: 1.3462 | ID: 0.0324
[E019 step 90400] D: 0.1751 | G: 1.9796 | NCE: 1.3741 | ID: 0.0326
[E019 step 90500] D: 0.1709 | G: 2.0260 | NCE: 1.4067 | ID: 0.0322
[E019 step 90600] D: 0.1623 | G: 1.8976 | NCE: 1.2691 | ID: 0.0316
[E019 step 90700] D: 0.1592 | G: 2.0296 | NCE: 1.3950 | ID: 0.0315
[E019 step 90800] D: 0.1633 | G: 1.9505 | NCE: 1.3257 | ID: 0.0311
[E019 step 90900] D: 0.1665 | G: 1.9905 | NCE: 1.3585 | ID: 0.0327
[E019 step 91000] D: 0.1704 | G: 1.9029 | NCE: 1.2906 | ID: 0.0321
[E019 step 91100] D: 0.1521 | G: 2.0286 | NCE: 1.3486 | ID: 0.0334
[E019 step 91200] D: 0.1758 | G: 2.0257 | NCE: 1.3952 | ID: 0.0342
[E019 step 91300] D: 0.1582 | G: 2.0771 | NCE: 1.4291 | ID: 0.0353
[E019 step 91400] D: 0.1589 | G: 1.9592 | NCE: 1.2950 | ID: 0.0360
[E019 step 91500] D: 0.1720 | G: 1.8773 | NCE: 1.2724 | ID: 0.0324
[E019 step 91600] D: 0.1655 | G: 2.0630 | NCE: 1.4311 | ID: 0.0338
[E019 step 91700] D: 0.1527 | G: 1.9548 | NCE: 1.3111 | ID: 0.0352
[E019 step 91800] D: 0.1615 | G: 1.9219 | NCE: 1.2749 | ID: 0.0336
[E019 step 91900] D: 0.1605 | G: 1.9286 | NCE: 1.3016 | ID: 0.0340
[E019 step 92000] D: 0.1510 | G: 2.0629 | NCE: 1.3887 | ID: 0.0321
[E019 step 92100] D: 0.1789 | G: 1.9621 | NCE: 1.3418 | ID: 0.0329
[E019 step 92200] D: 0.1602 | G: 1.9312 | NCE: 1.3000 | ID: 0.0334
[E019 step 92300] D: 0.1653 | G: 1.9639 | NCE: 1.3398 | ID: 0.0332
[E019 step 92400] D: 0.1561 | G: 1.9437 | NCE: 1.2922 | ID: 0.0308
[E019 step 92500] D: 0.1671 | G: 2.0061 | NCE: 1.3760 | ID: 0.0318
[E019 step 92600] D: 0.1500 | G: 2.0337 | NCE: 1.3711 | ID: 0.0315
[E019 step 92700] D: 0.1527 | G: 2.0433 | NCE: 1.3827 | ID: 0.0333
[E019 step 92800] D: 0.1732 | G: 1.9609 | NCE: 1.3203 | ID: 0.0326
[E019 step 92900] D: 0.1682 | G: 1.9282 | NCE: 1.2927 | ID: 0.0338
[E019 step 93000] D: 0.1639 | G: 1.9694 | NCE: 1.3316 | ID: 0.0319
[E019 step 93100] D: 0.1706 | G: 1.9347 | NCE: 1.3198 | ID: 0.0332
[E019 step 93200] D: 0.1723 | G: 1.9443 | NCE: 1.3291 | ID: 0.0301
[E019 step 93300] D: 0.1692 | G: 1.9580 | NCE: 1.3509 | ID: 0.0338
[E019 step 93400] D: 0.1699 | G: 1.9236 | NCE: 1.3069 | ID: 0.0325
[E019 step 93500] D: 0.1598 | G: 2.0307 | NCE: 1.3988 | ID: 0.0317
[E019 step 93600] D: 0.1715 | G: 2.0382 | NCE: 1.4140 | ID: 0.0332
[E019 step 93700] D: 0.1694 | G: 2.0302 | NCE: 1.4137 | ID: 0.0308
[E019 step 93800] D: 0.1758 | G: 2.1326 | NCE: 1.5019 | ID: 0.0347
[E019 step 93900] D: 0.1681 | G: 2.0055 | NCE: 1.3849 | ID: 0.0353
[E019 step 94000] D: 0.1685 | G: 1.9303 | NCE: 1.2940 | ID: 0.0345
[E019 step 94100] D: 0.1719 | G: 1.9083 | NCE: 1.2883 | ID: 0.0350
[E019 step 94200] D: 0.1663 | G: 2.0721 | NCE: 1.4486 | ID: 0.0307
[E019 step 94300] D: 0.1602 | G: 1.9880 | NCE: 1.3707 | ID: 0.0320
[E019 step 94400] D: 0.1482 | G: 1.9469 | NCE: 1.2805 | ID: 0.0342
[E019 step 94500] D: 0.1659 | G: 2.0099 | NCE: 1.3590 | ID: 0.0310
[E019 step 94600] D: 0.1600 | G: 2.0372 | NCE: 1.3872 | ID: 0.0326
[E019 step 94700] D: 0.1632 | G: 1.9948 | NCE: 1.3485 | ID: 0.0339
[E019 step 94800] D: 0.1655 | G: 1.9763 | NCE: 1.3395 | ID: 0.0366
[E019 step 94900] D: 0.1634 | G: 2.0385 | NCE: 1.4153 | ID: 0.0329
[E019 step 95000] D: 0.1619 | G: 1.9256 | NCE: 1.2918 | ID: 0.0340
[E019 step 95100] D: 0.1603 | G: 1.9834 | NCE: 1.3378 | ID: 0.0337
[E019 step 95200] D: 0.1858 | G: 1.9340 | NCE: 1.3230 | ID: 0.0343
[E019 step 95300] D: 0.1604 | G: 1.9667 | NCE: 1.3225 | ID: 0.0327
[E019 step 95400] D: 0.1635 | G: 1.9647 | NCE: 1.3436 | ID: 0.0325
[E019 step 95500] D: 0.1571 | G: 1.9762 | NCE: 1.3258 | ID: 0.0312
[E019 step 95600] D: 0.1570 | G: 1.8791 | NCE: 1.2489 | ID: 0.0366
[E019 step 95700] D: 0.1833 | G: 1.9929 | NCE: 1.3989 | ID: 0.0319
[E019 step 95800] D: 0.1632 | G: 2.0180 | NCE: 1.3750 | ID: 0.0319
[E019 step 95900] D: 0.1519 | G: 2.0289 | NCE: 1.3780 | ID: 0.0332
[E019 step 96000] D: 0.1754 | G: 1.9338 | NCE: 1.3212 | ID: 0.0305
[E019 step 96100] D: 0.1706 | G: 1.8930 | NCE: 1.2838 | ID: 0.0355
[E019 step 96200] D: 0.1501 | G: 2.0286 | NCE: 1.3789 | ID: 0.0342
[E019 step 96300] D: 0.1756 | G: 1.9486 | NCE: 1.3316 | ID: 0.0329
[E019 step 96400] D: 0.1536 | G: 1.9626 | NCE: 1.3227 | ID: 0.0342
[E019 step 96500] D: 0.1730 | G: 2.0023 | NCE: 1.3724 | ID: 0.0332
[E019 step 96600] D: 0.1782 | G: 1.9550 | NCE: 1.3408 | ID: 0.0317
[E019 step 96700] D: 0.1592 | G: 1.9189 | NCE: 1.2868 | ID: 0.0342
[E019 step 96800] D: 0.1659 | G: 1.9445 | NCE: 1.3242 | ID: 0.0343
[E019 step 96900] D: 0.1718 | G: 2.0284 | NCE: 1.4014 | ID: 0.0314
[E019 step 97000] D: 0.1648 | G: 1.9993 | NCE: 1.3789 | ID: 0.0317
[E019 step 97100] D: 0.1666 | G: 1.9492 | NCE: 1.3171 | ID: 0.0340
[E019 step 97200] D: 0.1648 | G: 1.9653 | NCE: 1.3375 | ID: 0.0327
[INFO] Saved: images/epoch_019.png and weights/epoch_019.pt
[E020 step 97300] D: 0.0880 | G: 1.0844 | NCE: 0.7547 | ID: 0.0156
[E020 step 97400] D: 0.1569 | G: 2.0083 | NCE: 1.3477 | ID: 0.0309
[E020 step 97500] D: 0.1629 | G: 2.0533 | NCE: 1.4120 | ID: 0.0315
[E020 step 97600] D: 0.1566 | G: 1.9405 | NCE: 1.3075 | ID: 0.0315
[E020 step 97700] D: 0.1631 | G: 2.0113 | NCE: 1.3707 | ID: 0.0330
[E020 step 97800] D: 0.1726 | G: 2.0425 | NCE: 1.4124 | ID: 0.0367
[E020 step 97900] D: 0.1609 | G: 2.0274 | NCE: 1.3946 | ID: 0.0335
[E020 step 98000] D: 0.1587 | G: 1.8570 | NCE: 1.2105 | ID: 0.0302
[E020 step 98100] D: 0.1702 | G: 1.9421 | NCE: 1.3271 | ID: 0.0327
[E020 step 98200] D: 0.1603 | G: 1.9243 | NCE: 1.2936 | ID: 0.0305
[E020 step 98300] D: 0.1724 | G: 2.0461 | NCE: 1.4308 | ID: 0.0351
[E020 step 98400] D: 0.1673 | G: 2.0521 | NCE: 1.4410 | ID: 0.0328
[E020 step 98500] D: 0.1601 | G: 1.9629 | NCE: 1.3256 | ID: 0.0339
[E020 step 98600] D: 0.1655 | G: 1.8690 | NCE: 1.2308 | ID: 0.0333
[E020 step 98700] D: 0.1735 | G: 1.9251 | NCE: 1.3145 | ID: 0.0315
[E020 step 98800] D: 0.1641 | G: 2.0273 | NCE: 1.3890 | ID: 0.0347
[E020 step 98900] D: 0.1598 | G: 2.0542 | NCE: 1.4144 | ID: 0.0342
[E020 step 99000] D: 0.1632 | G: 2.0968 | NCE: 1.4616 | ID: 0.0337
[E020 step 99100] D: 0.1541 | G: 2.0686 | NCE: 1.4121 | ID: 0.0313
[E020 step 99200] D: 0.1637 | G: 1.9941 | NCE: 1.3526 | ID: 0.0329
[E020 step 99300] D: 0.1677 | G: 1.9550 | NCE: 1.3293 | ID: 0.0347
[E020 step 99400] D: 0.1628 | G: 1.9835 | NCE: 1.3373 | ID: 0.0320
[E020 step 99500] D: 0.1717 | G: 1.9519 | NCE: 1.3288 | ID: 0.0336
[E020 step 99600] D: 0.1727 | G: 2.1254 | NCE: 1.5084 | ID: 0.0316
[E020 step 99700] D: 0.1595 | G: 1.9903 | NCE: 1.3375 | ID: 0.0323
[E020 step 99800] D: 0.1566 | G: 2.0201 | NCE: 1.3722 | ID: 0.0313
[E020 step 99900] D: 0.1603 | G: 2.0764 | NCE: 1.4149 | ID: 0.0374
[E020 step 100000] D: 0.1652 | G: 2.0165 | NCE: 1.3879 | ID: 0.0341
[E020 step 100100] D: 0.1628 | G: 1.9072 | NCE: 1.2736 | ID: 0.0358
[E020 step 100200] D: 0.1557 | G: 1.9757 | NCE: 1.3417 | ID: 0.0344
[E020 step 100300] D: 0.1787 | G: 1.9671 | NCE: 1.3556 | ID: 0.0308
[E020 step 100400] D: 0.1696 | G: 1.9625 | NCE: 1.3352 | ID: 0.0330
[E020 step 100500] D: 0.1655 | G: 1.9725 | NCE: 1.3314 | ID: 0.0340
[E020 step 100600] D: 0.1653 | G: 1.9439 | NCE: 1.3172 | ID: 0.0368
[E020 step 100700] D: 0.1655 | G: 1.9422 | NCE: 1.3120 | ID: 0.0320
[E020 step 100800] D: 0.1595 | G: 1.9958 | NCE: 1.3369 | ID: 0.0367
[E020 step 100900] D: 0.1717 | G: 1.9252 | NCE: 1.3030 | ID: 0.0364
[E020 step 101000] D: 0.1666 | G: 1.9997 | NCE: 1.3708 | ID: 0.0324
[E020 step 101100] D: 0.1628 | G: 1.9658 | NCE: 1.3326 | ID: 0.0346
[E020 step 101200] D: 0.1665 | G: 2.0513 | NCE: 1.4200 | ID: 0.0307
[E020 step 101300] D: 0.1827 | G: 1.9375 | NCE: 1.3189 | ID: 0.0313
[E020 step 101400] D: 0.1621 | G: 2.0039 | NCE: 1.3846 | ID: 0.0314
[E020 step 101500] D: 0.1673 | G: 1.9020 | NCE: 1.2861 | ID: 0.0322
[E020 step 101600] D: 0.1678 | G: 1.9806 | NCE: 1.3579 | ID: 0.0312
[E020 step 101700] D: 0.1532 | G: 2.0868 | NCE: 1.4257 | ID: 0.0339
[E020 step 101800] D: 0.1641 | G: 2.0181 | NCE: 1.3840 | ID: 0.0335
[E020 step 101900] D: 0.1654 | G: 2.0900 | NCE: 1.4526 | ID: 0.0341
[E020 step 102000] D: 0.1722 | G: 1.9732 | NCE: 1.3551 | ID: 0.0283
[E020 step 102100] D: 0.1627 | G: 1.9834 | NCE: 1.3321 | ID: 0.0311
[E020 step 102200] D: 0.1670 | G: 1.9958 | NCE: 1.3645 | ID: 0.0330
[E020 step 102300] D: 0.1722 | G: 1.9248 | NCE: 1.3200 | ID: 0.0329
[E020 step 102400] D: 0.1580 | G: 1.9867 | NCE: 1.3444 | ID: 0.0336
[E020 step 102500] D: 0.1819 | G: 2.0571 | NCE: 1.4255 | ID: 0.0342
[E020 step 102600] D: 0.1635 | G: 1.9765 | NCE: 1.3365 | ID: 0.0342
[E020 step 102700] D: 0.1605 | G: 1.9376 | NCE: 1.3007 | ID: 0.0336
[E020 step 102800] D: 0.1523 | G: 2.0374 | NCE: 1.4007 | ID: 0.0342
[E020 step 102900] D: 0.1735 | G: 1.9251 | NCE: 1.2917 | ID: 0.0315
[E020 step 103000] D: 0.1567 | G: 1.9811 | NCE: 1.3441 | ID: 0.0328
[E020 step 103100] D: 0.1584 | G: 1.9156 | NCE: 1.2676 | ID: 0.0359
[E020 step 103200] D: 0.1720 | G: 1.9703 | NCE: 1.3592 | ID: 0.0326
[E020 step 103300] D: 0.1708 | G: 1.9731 | NCE: 1.3483 | ID: 0.0328
[E020 step 103400] D: 0.1524 | G: 2.0148 | NCE: 1.3758 | ID: 0.0303
[E020 step 103500] D: 0.1533 | G: 2.0181 | NCE: 1.3839 | ID: 0.0316
[E020 step 103600] D: 0.1733 | G: 1.9075 | NCE: 1.2905 | ID: 0.0321
[E020 step 103700] D: 0.1717 | G: 2.0145 | NCE: 1.3930 | ID: 0.0307
[E020 step 103800] D: 0.1522 | G: 2.0524 | NCE: 1.3822 | ID: 0.0352
[E020 step 103900] D: 0.1722 | G: 2.0487 | NCE: 1.4159 | ID: 0.0334
[E020 step 104000] D: 0.1744 | G: 2.1004 | NCE: 1.4694 | ID: 0.0376
[E020 step 104100] D: 0.1623 | G: 1.9506 | NCE: 1.3204 | ID: 0.0367
[E020 step 104200] D: 0.1589 | G: 2.0037 | NCE: 1.3680 | ID: 0.0315
[E020 step 104300] D: 0.1575 | G: 1.9653 | NCE: 1.3221 | ID: 0.0319
[E020 step 104400] D: 0.1573 | G: 2.0101 | NCE: 1.3671 | ID: 0.0329
[E020 step 104500] D: 0.1667 | G: 1.8653 | NCE: 1.2339 | ID: 0.0324
[E020 step 104600] D: 0.1717 | G: 2.0379 | NCE: 1.4155 | ID: 0.0329
[E020 step 104700] D: 0.1663 | G: 1.9257 | NCE: 1.2992 | ID: 0.0346
[E020 step 104800] D: 0.1647 | G: 2.0143 | NCE: 1.3928 | ID: 0.0303
[E020 step 104900] D: 0.1660 | G: 2.0346 | NCE: 1.4008 | ID: 0.0313
[E020 step 105000] D: 0.1743 | G: 1.8399 | NCE: 1.2176 | ID: 0.0347
[E020 step 105100] D: 0.1566 | G: 1.9686 | NCE: 1.3370 | ID: 0.0355
[E020 step 105200] D: 0.1728 | G: 1.9679 | NCE: 1.3357 | ID: 0.0330
[E020 step 105300] D: 0.1686 | G: 2.0257 | NCE: 1.3882 | ID: 0.0322
[E020 step 105400] D: 0.1601 | G: 2.0093 | NCE: 1.3742 | ID: 0.0354
[E020 step 105500] D: 0.1683 | G: 2.0342 | NCE: 1.4002 | ID: 0.0364
[E020 step 105600] D: 0.1600 | G: 2.0864 | NCE: 1.4350 | ID: 0.0334
[E020 step 105700] D: 0.1787 | G: 1.8471 | NCE: 1.2445 | ID: 0.0337
[E020 step 105800] D: 0.1610 | G: 1.9768 | NCE: 1.3229 | ID: 0.0329
[E020 step 105900] D: 0.1810 | G: 1.9131 | NCE: 1.3096 | ID: 0.0319
[E020 step 106000] D: 0.1791 | G: 1.9611 | NCE: 1.3589 | ID: 0.0310
[E020 step 106100] D: 0.1650 | G: 1.9776 | NCE: 1.3534 | ID: 0.0310
[E020 step 106200] D: 0.1693 | G: 2.0442 | NCE: 1.4097 | ID: 0.0339
[E020 step 106300] D: 0.1624 | G: 1.9618 | NCE: 1.3451 | ID: 0.0358
[E020 step 106400] D: 0.1684 | G: 2.0048 | NCE: 1.3544 | ID: 0.0325
[E020 step 106500] D: 0.1534 | G: 2.0198 | NCE: 1.3786 | ID: 0.0315
[E020 step 106600] D: 0.1634 | G: 1.9927 | NCE: 1.3557 | ID: 0.0343
[E020 step 106700] D: 0.1630 | G: 1.8919 | NCE: 1.2480 | ID: 0.0350
[E020 step 106800] D: 0.1669 | G: 1.9730 | NCE: 1.3518 | ID: 0.0323
[E020 step 106900] D: 0.1707 | G: 2.1290 | NCE: 1.5078 | ID: 0.0339
[E020 step 107000] D: 0.1698 | G: 1.9861 | NCE: 1.3622 | ID: 0.0332
[E020 step 107100] D: 0.1681 | G: 2.0459 | NCE: 1.3870 | ID: 0.0337
[E020 step 107200] D: 0.1597 | G: 2.0255 | NCE: 1.3816 | ID: 0.0347
[E020 step 107300] D: 0.1714 | G: 2.0241 | NCE: 1.3879 | ID: 0.0351
[E020 step 107400] D: 0.1729 | G: 1.9507 | NCE: 1.3316 | ID: 0.0330
[E020 step 107500] D: 0.1633 | G: 1.9892 | NCE: 1.3502 | ID: 0.0362
[E020 step 107600] D: 0.1774 | G: 2.0612 | NCE: 1.4315 | ID: 0.0356
[E020 step 107700] D: 0.1722 | G: 1.9762 | NCE: 1.3496 | ID: 0.0326
[E020 step 107800] D: 0.1573 | G: 2.0625 | NCE: 1.4212 | ID: 0.0349
[E020 step 107900] D: 0.1565 | G: 2.0197 | NCE: 1.3669 | ID: 0.0327
[E020 step 108000] D: 0.1620 | G: 2.0157 | NCE: 1.3999 | ID: 0.0307
[E020 step 108100] D: 0.1658 | G: 1.9547 | NCE: 1.3316 | ID: 0.0329
[E020 step 108200] D: 0.1753 | G: 1.9823 | NCE: 1.3563 | ID: 0.0347
[E020 step 108300] D: 0.1724 | G: 1.9755 | NCE: 1.3683 | ID: 0.0324
[E020 step 108400] D: 0.1626 | G: 2.0416 | NCE: 1.3890 | ID: 0.0332
[E020 step 108500] D: 0.1534 | G: 2.0120 | NCE: 1.3624 | ID: 0.0358
[E020 step 108600] D: 0.1587 | G: 2.0639 | NCE: 1.4309 | ID: 0.0328
[E020 step 108700] D: 0.1653 | G: 1.9691 | NCE: 1.3454 | ID: 0.0310
[E020 step 108800] D: 0.1680 | G: 2.0009 | NCE: 1.3760 | ID: 0.0326
[E020 step 108900] D: 0.1683 | G: 1.9345 | NCE: 1.3200 | ID: 0.0323
[E020 step 109000] D: 0.1581 | G: 1.9665 | NCE: 1.3280 | ID: 0.0313
[E020 step 109100] D: 0.1638 | G: 1.9696 | NCE: 1.3353 | ID: 0.0331
[E020 step 109200] D: 0.1698 | G: 1.9762 | NCE: 1.3355 | ID: 0.0351
[E020 step 109300] D: 0.1621 | G: 1.9376 | NCE: 1.3134 | ID: 0.0319
[E020 step 109400] D: 0.1667 | G: 1.9915 | NCE: 1.3642 | ID: 0.0332
[E020 step 109500] D: 0.1611 | G: 1.9698 | NCE: 1.3466 | ID: 0.0331
[E020 step 109600] D: 0.1690 | G: 1.9856 | NCE: 1.3542 | ID: 0.0362
[E020 step 109700] D: 0.1697 | G: 1.9049 | NCE: 1.2839 | ID: 0.0320
[E020 step 109800] D: 0.1681 | G: 2.0313 | NCE: 1.4093 | ID: 0.0330
[E020 step 109900] D: 0.1626 | G: 2.0685 | NCE: 1.4398 | ID: 0.0319
[E020 step 110000] D: 0.1662 | G: 1.9117 | NCE: 1.2639 | ID: 0.0364
[E020 step 110100] D: 0.1693 | G: 1.9112 | NCE: 1.2747 | ID: 0.0341
[E020 step 110200] D: 0.1635 | G: 2.0292 | NCE: 1.3871 | ID: 0.0338
[E020 step 110300] D: 0.1725 | G: 2.0378 | NCE: 1.4111 | ID: 0.0336
[E020 step 110400] D: 0.1684 | G: 1.9227 | NCE: 1.2930 | ID: 0.0317
[E020 step 110500] D: 0.1701 | G: 1.9585 | NCE: 1.3470 | ID: 0.0337
[E020 step 110600] D: 0.1749 | G: 1.8768 | NCE: 1.2584 | ID: 0.0352
[E020 step 110700] D: 0.1650 | G: 2.0138 | NCE: 1.3829 | ID: 0.0299
[E020 step 110800] D: 0.1718 | G: 1.9917 | NCE: 1.3793 | ID: 0.0290
[E020 step 110900] D: 0.1644 | G: 1.8662 | NCE: 1.2589 | ID: 0.0345
[E020 step 111000] D: 0.1709 | G: 1.9324 | NCE: 1.3054 | ID: 0.0344
[E020 step 111100] D: 0.1640 | G: 2.0090 | NCE: 1.3722 | ID: 0.0341
[E020 step 111200] D: 0.1743 | G: 2.0045 | NCE: 1.3690 | ID: 0.0347
[E020 step 111300] D: 0.1581 | G: 1.8761 | NCE: 1.2278 | ID: 0.0336
[E020 step 111400] D: 0.1639 | G: 2.0031 | NCE: 1.3835 | ID: 0.0330
[E020 step 111500] D: 0.1701 | G: 2.0020 | NCE: 1.3605 | ID: 0.0312
[E020 step 111600] D: 0.1647 | G: 1.9689 | NCE: 1.3364 | ID: 0.0317
[E020 step 111700] D: 0.1624 | G: 2.0384 | NCE: 1.4038 | ID: 0.0337
[E020 step 111800] D: 0.1714 | G: 1.9329 | NCE: 1.3203 | ID: 0.0317
[E020 step 111900] D: 0.1637 | G: 1.9867 | NCE: 1.3614 | ID: 0.0314
[E020 step 112000] D: 0.1691 | G: 1.9657 | NCE: 1.3350 | ID: 0.0356
[E020 step 112100] D: 0.1649 | G: 1.9307 | NCE: 1.3027 | ID: 0.0343
[E020 step 112200] D: 0.1595 | G: 1.9978 | NCE: 1.3535 | ID: 0.0312
[E020 step 112300] D: 0.1709 | G: 1.9730 | NCE: 1.3459 | ID: 0.0300
[E020 step 112400] D: 0.1667 | G: 1.9133 | NCE: 1.3082 | ID: 0.0318
[E020 step 112500] D: 0.1644 | G: 1.9068 | NCE: 1.2766 | ID: 0.0333
[E020 step 112600] D: 0.1643 | G: 1.9981 | NCE: 1.3666 | ID: 0.0340
[E020 step 112700] D: 0.1560 | G: 1.9853 | NCE: 1.3522 | ID: 0.0331
[E020 step 112800] D: 0.1658 | G: 2.0229 | NCE: 1.3810 | ID: 0.0310
[E020 step 112900] D: 0.1608 | G: 2.0596 | NCE: 1.4095 | ID: 0.0331
[E020 step 113000] D: 0.1609 | G: 2.0382 | NCE: 1.3904 | ID: 0.0348
[E020 step 113100] D: 0.1684 | G: 1.9874 | NCE: 1.3537 | ID: 0.0337
[E020 step 113200] D: 0.1645 | G: 2.0028 | NCE: 1.3784 | ID: 0.0330
[E020 step 113300] D: 0.1600 | G: 2.0600 | NCE: 1.4162 | ID: 0.0345
[E020 step 113400] D: 0.1533 | G: 1.9678 | NCE: 1.3218 | ID: 0.0324
[E020 step 113500] D: 0.1713 | G: 2.0941 | NCE: 1.4582 | ID: 0.0290
[E020 step 113600] D: 0.1568 | G: 1.9675 | NCE: 1.3271 | ID: 0.0323
[E020 step 113700] D: 0.1618 | G: 1.9230 | NCE: 1.2833 | ID: 0.0333
[E020 step 113800] D: 0.1697 | G: 2.0393 | NCE: 1.4093 | ID: 0.0319
[E020 step 113900] D: 0.1608 | G: 2.0879 | NCE: 1.4397 | ID: 0.0333
[E020 step 114000] D: 0.1635 | G: 1.9444 | NCE: 1.3150 | ID: 0.0339
[E020 step 114100] D: 0.1584 | G: 1.9473 | NCE: 1.3025 | ID: 0.0284
[E020 step 114200] D: 0.1748 | G: 1.9709 | NCE: 1.3463 | ID: 0.0320
[E020 step 114300] D: 0.1680 | G: 1.9163 | NCE: 1.2971 | ID: 0.0353
[E020 step 114400] D: 0.1702 | G: 1.9492 | NCE: 1.3370 | ID: 0.0341
[E020 step 114500] D: 0.1598 | G: 1.9550 | NCE: 1.3228 | ID: 0.0323
[E020 step 114600] D: 0.1691 | G: 1.9732 | NCE: 1.3468 | ID: 0.0338
[E020 step 114700] D: 0.1625 | G: 2.0220 | NCE: 1.3758 | ID: 0.0293
[E020 step 114800] D: 0.1624 | G: 1.9891 | NCE: 1.3601 | ID: 0.0332
[E020 step 114900] D: 0.1620 | G: 2.0304 | NCE: 1.4023 | ID: 0.0333
[E020 step 115000] D: 0.1714 | G: 1.9930 | NCE: 1.3675 | ID: 0.0305
[E020 step 115100] D: 0.1706 | G: 1.9700 | NCE: 1.3358 | ID: 0.0333
[E020 step 115200] D: 0.1694 | G: 2.0410 | NCE: 1.3974 | ID: 0.0355
[E020 step 115300] D: 0.1564 | G: 1.9440 | NCE: 1.3001 | ID: 0.0327
[E020 step 115400] D: 0.1541 | G: 2.0628 | NCE: 1.4089 | ID: 0.0344
[E020 step 115500] D: 0.1722 | G: 2.0287 | NCE: 1.4054 | ID: 0.0338
[E020 step 115600] D: 0.1723 | G: 1.9960 | NCE: 1.3860 | ID: 0.0334
[E020 step 115700] D: 0.1737 | G: 1.9823 | NCE: 1.3588 | ID: 0.0309
[E020 step 115800] D: 0.1639 | G: 1.9509 | NCE: 1.3269 | ID: 0.0311
[E020 step 115900] D: 0.1701 | G: 2.0033 | NCE: 1.3707 | ID: 0.0318
[E020 step 116000] D: 0.1598 | G: 1.9438 | NCE: 1.3116 | ID: 0.0333
[E020 step 116100] D: 0.1677 | G: 2.0356 | NCE: 1.3908 | ID: 0.0366
[E020 step 116200] D: 0.1620 | G: 1.9316 | NCE: 1.2948 | ID: 0.0309
[E020 step 116300] D: 0.1579 | G: 2.1068 | NCE: 1.4515 | ID: 0.0337
[E020 step 116400] D: 0.1662 | G: 1.9901 | NCE: 1.3728 | ID: 0.0316
[E020 step 116500] D: 0.1603 | G: 2.0030 | NCE: 1.3551 | ID: 0.0347
[E020 step 116600] D: 0.1696 | G: 1.9814 | NCE: 1.3428 | ID: 0.0349
