nohup: ignoring input
[INFO] Outputs:
  images : /home/nitzandu/synthetic-to-real-chessboard/outputs/cut_run1/images
  weights: /home/nitzandu/synthetic-to-real-chessboard/outputs/cut_run1/weights
[INFO] Found 3036 images under /home/nitzandu/synthetic-to-real-chessboard/datasets/unpaired/synthetic
[INFO] Found 517 images under /home/nitzandu/synthetic-to-real-chessboard/datasets/unpaired/real
[INFO] Resumed from /home/nitzandu/synthetic-to-real-chessboard/outputs/cut_run1/weights/latest.pt (next epoch: 5)
[E005 step 100] D: 0.0994 | G: 2.1579 | NCE: 1.2898
[E005 step 200] D: 0.0983 | G: 2.2063 | NCE: 1.2884
[E005 step 300] D: 0.1094 | G: 2.1879 | NCE: 1.2798
[E005 step 400] D: 0.0984 | G: 2.1652 | NCE: 1.2869
[E005 step 500] D: 0.0950 | G: 2.2272 | NCE: 1.3086
[E005 step 600] D: 0.1152 | G: 2.1977 | NCE: 1.3148
[E005 step 700] D: 0.1028 | G: 2.1723 | NCE: 1.2858
[E005 step 800] D: 0.1040 | G: 2.1556 | NCE: 1.2402
[E005 step 900] D: 0.1033 | G: 2.1876 | NCE: 1.2784
[E005 step 1000] D: 0.0977 | G: 2.1682 | NCE: 1.2410
[E005 step 1100] D: 0.0918 | G: 2.2026 | NCE: 1.2892
[E005 step 1200] D: 0.0986 | G: 2.2391 | NCE: 1.3033
[E005 step 1300] D: 0.1049 | G: 2.1341 | NCE: 1.2510
[E005 step 1400] D: 0.0951 | G: 2.1754 | NCE: 1.2871
[E005 step 1500] D: 0.0787 | G: 2.1600 | NCE: 1.2460
[E005 step 1600] D: 0.0766 | G: 2.2397 | NCE: 1.2662
[E005 step 1700] D: 0.0954 | G: 2.1221 | NCE: 1.2065
[E005 step 1800] D: 0.0969 | G: 2.1598 | NCE: 1.2340
[E005 step 1900] D: 0.0897 | G: 2.0909 | NCE: 1.2027
[E005 step 2000] D: 0.0896 | G: 2.0731 | NCE: 1.1830
[E005 step 2100] D: 0.0787 | G: 2.1242 | NCE: 1.1959
[E005 step 2200] D: 0.0970 | G: 2.0580 | NCE: 1.1600
[E005 step 2300] D: 0.0918 | G: 2.0718 | NCE: 1.1645
[E005 step 2400] D: 0.0735 | G: 2.0936 | NCE: 1.1876
[E005 step 2500] D: 0.0893 | G: 2.1407 | NCE: 1.2054
[E005 step 2600] D: 0.1069 | G: 2.0567 | NCE: 1.1722
[E005 step 2700] D: 0.0863 | G: 2.1893 | NCE: 1.2309
[E005 step 2800] D: 0.0790 | G: 2.1359 | NCE: 1.2117
[E005 step 2900] D: 0.0988 | G: 2.1227 | NCE: 1.2328
[E005 step 3000] D: 0.0830 | G: 2.1586 | NCE: 1.1879
[INFO] Saved: images/epoch_005.png and weights/epoch_005.pt
[E006 step 3100] D: 0.0648 | G: 1.3350 | NCE: 0.7468
[E006 step 3200] D: 0.0837 | G: 2.1407 | NCE: 1.2012
[E006 step 3300] D: 0.1044 | G: 2.0251 | NCE: 1.1441
[E006 step 3400] D: 0.0883 | G: 2.1720 | NCE: 1.2369
[E006 step 3500] D: 0.0909 | G: 2.1342 | NCE: 1.1921
[E006 step 3600] D: 0.0958 | G: 2.0185 | NCE: 1.1366
[E006 step 3700] D: 0.0876 | G: 2.1124 | NCE: 1.1724
[E006 step 3800] D: 0.0671 | G: 2.0599 | NCE: 1.1536
[E006 step 3900] D: 0.0712 | G: 2.1190 | NCE: 1.1582
[E006 step 4000] D: 0.0702 | G: 2.1532 | NCE: 1.1784
[E006 step 4100] D: 0.0912 | G: 2.0474 | NCE: 1.1399
[E006 step 4200] D: 0.0681 | G: 2.1150 | NCE: 1.1489
[E006 step 4300] D: 0.0841 | G: 2.0344 | NCE: 1.1173
[E006 step 4400] D: 0.0884 | G: 2.1131 | NCE: 1.1537
[E006 step 4500] D: 0.0760 | G: 2.1357 | NCE: 1.1626
[E006 step 4600] D: 0.0865 | G: 2.0651 | NCE: 1.1198
[E006 step 4700] D: 0.0681 | G: 2.1152 | NCE: 1.1466
[E006 step 4800] D: 0.0648 | G: 2.0657 | NCE: 1.1387
[E006 step 4900] D: 0.0924 | G: 2.0354 | NCE: 1.1109
[E006 step 5000] D: 0.0790 | G: 1.9966 | NCE: 1.0908
[E006 step 5100] D: 0.0709 | G: 2.1359 | NCE: 1.1647
[E006 step 5200] D: 0.0837 | G: 1.9553 | NCE: 1.0577
[E006 step 5300] D: 0.0862 | G: 2.0108 | NCE: 1.1197
[E006 step 5400] D: 0.1002 | G: 2.0031 | NCE: 1.1071
[E006 step 5500] D: 0.0862 | G: 1.9567 | NCE: 1.0880
[E006 step 5600] D: 0.0725 | G: 2.0476 | NCE: 1.1185
[E006 step 5700] D: 0.0902 | G: 2.0114 | NCE: 1.1059
[E006 step 5800] D: 0.0876 | G: 2.0895 | NCE: 1.1600
[E006 step 5900] D: 0.0818 | G: 1.9784 | NCE: 1.0740
[E006 step 6000] D: 0.0570 | G: 2.0152 | NCE: 1.0865
[INFO] Saved: images/epoch_006.png and weights/epoch_006.pt
[E007 step 6100] D: 0.0133 | G: 0.5491 | NCE: 0.2858
[E007 step 6200] D: 0.0697 | G: 1.9896 | NCE: 1.0571
[E007 step 6300] D: 0.0967 | G: 1.9566 | NCE: 1.0724
[E007 step 6400] D: 0.0745 | G: 2.0534 | NCE: 1.0814
[E007 step 6500] D: 0.0684 | G: 2.0243 | NCE: 1.0994
[E007 step 6600] D: 0.0844 | G: 2.0630 | NCE: 1.1054
[E007 step 6700] D: 0.0747 | G: 2.0397 | NCE: 1.0990
[E007 step 6800] D: 0.0640 | G: 2.0727 | NCE: 1.1221
[E007 step 6900] D: 0.0830 | G: 1.9847 | NCE: 1.0803
[E007 step 7000] D: 0.0773 | G: 2.0938 | NCE: 1.1530
[E007 step 7100] D: 0.0952 | G: 1.9534 | NCE: 1.0602
[E007 step 7200] D: 0.0824 | G: 1.9740 | NCE: 1.0716
[E007 step 7300] D: 0.0852 | G: 1.9711 | NCE: 1.0688
[E007 step 7400] D: 0.0713 | G: 2.0272 | NCE: 1.0915
[E007 step 7500] D: 0.0710 | G: 2.0063 | NCE: 1.0771
[E007 step 7600] D: 0.0744 | G: 2.0603 | NCE: 1.0820
[E007 step 7700] D: 0.0818 | G: 1.9743 | NCE: 1.0555
[E007 step 7800] D: 0.0802 | G: 1.9544 | NCE: 1.0614
[E007 step 7900] D: 0.0772 | G: 2.0219 | NCE: 1.0870
[E007 step 8000] D: 0.1010 | G: 1.9741 | NCE: 1.0764
[E007 step 8100] D: 0.0686 | G: 1.9393 | NCE: 1.0460
[E007 step 8200] D: 0.0683 | G: 2.0273 | NCE: 1.0885
[E007 step 8300] D: 0.0845 | G: 1.9070 | NCE: 1.0376
[E007 step 8400] D: 0.0577 | G: 1.9987 | NCE: 1.0834
[E007 step 8500] D: 0.0806 | G: 1.9949 | NCE: 1.0820
[E007 step 8600] D: 0.0900 | G: 1.9575 | NCE: 1.0737
[E007 step 8700] D: 0.0905 | G: 2.0703 | NCE: 1.1209
[E007 step 8800] D: 0.0837 | G: 1.9616 | NCE: 1.0589
[E007 step 8900] D: 0.0800 | G: 1.9926 | NCE: 1.0711
[E007 step 9000] D: 0.0878 | G: 1.9148 | NCE: 1.0400
[E007 step 9100] D: 0.0718 | G: 1.9485 | NCE: 1.0351
[INFO] Saved: images/epoch_007.png and weights/epoch_007.pt
[E008 step 9200] D: 0.0610 | G: 1.8881 | NCE: 1.0047
[E008 step 9300] D: 0.0743 | G: 1.9841 | NCE: 1.0578
[E008 step 9400] D: 0.0989 | G: 1.9939 | NCE: 1.0387
[E008 step 9500] D: 0.0548 | G: 2.0313 | NCE: 1.0408
[E008 step 9600] D: 0.0557 | G: 2.0204 | NCE: 1.0631
[E008 step 9700] D: 0.0780 | G: 2.0011 | NCE: 1.0506
[E008 step 9800] D: 0.0741 | G: 1.9878 | NCE: 1.0228
[E008 step 9900] D: 0.0505 | G: 1.9978 | NCE: 1.0251
[E008 step 10000] D: 0.0664 | G: 1.9981 | NCE: 0.9909
[E008 step 10100] D: 0.0629 | G: 1.9291 | NCE: 1.0146
[E008 step 10200] D: 0.0691 | G: 2.0397 | NCE: 1.0840
[E008 step 10300] D: 0.0733 | G: 2.0009 | NCE: 1.0475
[E008 step 10400] D: 0.0779 | G: 1.9517 | NCE: 1.0387
[E008 step 10500] D: 0.0610 | G: 2.0382 | NCE: 1.0493
[E008 step 10600] D: 0.0737 | G: 2.0157 | NCE: 1.0352
[E008 step 10700] D: 0.0698 | G: 1.9355 | NCE: 0.9964
[E008 step 10800] D: 0.0622 | G: 1.9614 | NCE: 1.0260
[E008 step 10900] D: 0.0758 | G: 2.0443 | NCE: 1.0587
[E008 step 11000] D: 0.0777 | G: 1.9979 | NCE: 1.0563
[E008 step 11100] D: 0.0559 | G: 1.9553 | NCE: 1.0225
[E008 step 11200] D: 0.0643 | G: 1.9746 | NCE: 1.0366
[E008 step 11300] D: 0.0766 | G: 1.9985 | NCE: 1.0564
[E008 step 11400] D: 0.0732 | G: 1.9639 | NCE: 1.0262
[E008 step 11500] D: 0.0834 | G: 1.9537 | NCE: 1.0126
[E008 step 11600] D: 0.0809 | G: 1.9440 | NCE: 1.0103
[E008 step 11700] D: 0.0690 | G: 1.8988 | NCE: 0.9645
[E008 step 11800] D: 0.0637 | G: 1.9633 | NCE: 1.0251
[E008 step 11900] D: 0.0772 | G: 1.9401 | NCE: 1.0173
[E008 step 12000] D: 0.0886 | G: 1.9466 | NCE: 1.0040
[E008 step 12100] D: 0.0571 | G: 1.9766 | NCE: 1.0462
[INFO] Saved: images/epoch_008.png and weights/epoch_008.pt
[E009 step 12200] D: 0.0379 | G: 1.1392 | NCE: 0.6014
[E009 step 12300] D: 0.0628 | G: 2.0131 | NCE: 1.0323
[E009 step 12400] D: 0.0643 | G: 1.9563 | NCE: 0.9935
[E009 step 12500] D: 0.0556 | G: 1.9652 | NCE: 1.0133
[E009 step 12600] D: 0.0772 | G: 1.9545 | NCE: 0.9999
[E009 step 12700] D: 0.0745 | G: 1.9031 | NCE: 0.9752
[E009 step 12800] D: 0.0669 | G: 1.9778 | NCE: 1.0235
[E009 step 12900] D: 0.0860 | G: 1.9710 | NCE: 1.0117
[E009 step 13000] D: 0.0739 | G: 1.8768 | NCE: 0.9856
[E009 step 13100] D: 0.0708 | G: 1.8739 | NCE: 0.9723
[E009 step 13200] D: 0.0644 | G: 1.9662 | NCE: 1.0061
[E009 step 13300] D: 0.0729 | G: 2.0914 | NCE: 1.0787
[E009 step 13400] D: 0.0837 | G: 1.9175 | NCE: 1.0149
[E009 step 13500] D: 0.0707 | G: 1.8791 | NCE: 0.9842
[E009 step 13600] D: 0.0747 | G: 1.8896 | NCE: 0.9819
[E009 step 13700] D: 0.0726 | G: 1.9270 | NCE: 1.0065
[E009 step 13800] D: 0.0806 | G: 1.8652 | NCE: 0.9607
[E009 step 13900] D: 0.0948 | G: 1.7954 | NCE: 0.9597
[E009 step 14000] D: 0.0638 | G: 1.8778 | NCE: 0.9741
[E009 step 14100] D: 0.0734 | G: 1.9751 | NCE: 1.0377
[E009 step 14200] D: 0.0562 | G: 1.9365 | NCE: 0.9835
[E009 step 14300] D: 0.0593 | G: 2.0667 | NCE: 1.0331
[E009 step 14400] D: 0.0487 | G: 1.9183 | NCE: 0.9582
[E009 step 14500] D: 0.0517 | G: 1.9187 | NCE: 0.9657
[E009 step 14600] D: 0.0842 | G: 1.8994 | NCE: 0.9853
[E009 step 14700] D: 0.0727 | G: 1.9296 | NCE: 0.9705
[E009 step 14800] D: 0.0618 | G: 1.9776 | NCE: 0.9620
[E009 step 14900] D: 0.0416 | G: 1.9175 | NCE: 0.9152
[E009 step 15000] D: 0.0725 | G: 1.8724 | NCE: 0.9382
[E009 step 15100] D: 0.0572 | G: 1.9505 | NCE: 0.9712
[INFO] Saved: images/epoch_009.png and weights/epoch_009.pt
[E010 step 15200] D: 0.0103 | G: 0.4015 | NCE: 0.2112
[E010 step 15300] D: 0.0808 | G: 1.8488 | NCE: 0.9719
[E010 step 15400] D: 0.0556 | G: 1.8743 | NCE: 0.9628
[E010 step 15500] D: 0.7031 | G: 3.8874 | NCE: 2.1657
[E010 step 15600] D: 0.0159 | G: 3.1634 | NCE: 2.1899
[E010 step 15700] D: 0.0176 | G: 2.5073 | NCE: 1.5040
[E010 step 15800] D: 0.0092 | G: 2.2872 | NCE: 1.2818
[E010 step 15900] D: 0.0160 | G: 2.2254 | NCE: 1.1854
[E010 step 16000] D: 0.0278 | G: 1.9379 | NCE: 0.9990
[E010 step 16100] D: 0.0501 | G: 1.6338 | NCE: 0.8739
[E010 step 16200] D: 0.0464 | G: 1.6249 | NCE: 0.8409
[E010 step 16300] D: 0.0379 | G: 1.6262 | NCE: 0.8145
[E010 step 16400] D: 0.0279 | G: 1.6574 | NCE: 0.7742
[E010 step 16500] D: 0.0290 | G: 1.6736 | NCE: 0.7896
[E010 step 16600] D: 0.0303 | G: 1.7542 | NCE: 0.8632
[E010 step 16700] D: 0.0267 | G: 1.6991 | NCE: 0.7901
[E010 step 16800] D: 0.0334 | G: 1.6704 | NCE: 0.7966
[E010 step 16900] D: 0.0644 | G: 1.6145 | NCE: 0.8455
[E010 step 17000] D: 0.0635 | G: 1.7220 | NCE: 0.9160
[E010 step 17100] D: 0.0549 | G: 1.7328 | NCE: 0.9186
[E010 step 17200] D: 0.0545 | G: 1.8063 | NCE: 0.9441
[E010 step 17300] D: 0.0483 | G: 1.8504 | NCE: 0.9562
[E010 step 17400] D: 0.0681 | G: 1.8735 | NCE: 1.0005
[E010 step 17500] D: 0.0790 | G: 1.8917 | NCE: 1.0014
[E010 step 17600] D: 0.0756 | G: 1.9159 | NCE: 1.0170
[E010 step 17700] D: 0.0720 | G: 1.9598 | NCE: 1.0542
[E010 step 17800] D: 0.0895 | G: 1.9730 | NCE: 1.0506
[E010 step 17900] D: 0.0583 | G: 1.8809 | NCE: 0.9780
[E010 step 18000] D: 0.0558 | G: 2.0549 | NCE: 1.0998
[E010 step 18100] D: 0.0664 | G: 2.1110 | NCE: 1.1551
[E010 step 18200] D: 0.0670 | G: 1.9657 | NCE: 1.0558
[INFO] Saved: images/epoch_010.png and weights/epoch_010.pt
[E011 step 18300] D: 0.0709 | G: 1.6352 | NCE: 0.8968
[E011 step 18400] D: 0.0728 | G: 1.9058 | NCE: 1.0532
[E011 step 18500] D: 0.0795 | G: 1.9750 | NCE: 1.0883
[E011 step 18600] D: 0.0732 | G: 1.9941 | NCE: 1.0818
[E011 step 18700] D: 0.0546 | G: 1.9845 | NCE: 1.0919
[E011 step 18800] D: 0.0658 | G: 2.0289 | NCE: 1.1236
[E011 step 18900] D: 0.0967 | G: 1.9473 | NCE: 1.0659
[E011 step 19000] D: 0.0913 | G: 1.9088 | NCE: 1.0222
[E011 step 19100] D: 0.0914 | G: 1.9225 | NCE: 1.0288
[E011 step 19200] D: 0.0743 | G: 1.8817 | NCE: 1.0104
[E011 step 19300] D: 0.0702 | G: 1.9246 | NCE: 1.0209
[E011 step 19400] D: 0.0707 | G: 1.9557 | NCE: 1.0696
[E011 step 19500] D: 0.0695 | G: 1.9624 | NCE: 1.0576
[E011 step 19600] D: 0.0593 | G: 1.9197 | NCE: 1.0081
[E011 step 19700] D: 0.0724 | G: 1.9676 | NCE: 1.0556
[E011 step 19800] D: 0.0635 | G: 1.9071 | NCE: 0.9996
[E011 step 19900] D: 0.0620 | G: 2.0247 | NCE: 1.0831
[E011 step 20000] D: 0.0663 | G: 1.9695 | NCE: 1.0075
[E011 step 20100] D: 0.0623 | G: 1.9566 | NCE: 1.0006
[E011 step 20200] D: 0.0561 | G: 1.8855 | NCE: 0.9226
[E011 step 20300] D: 0.0482 | G: 1.8931 | NCE: 0.9441
[E011 step 20400] D: 0.0593 | G: 1.8982 | NCE: 0.9390
[E011 step 20500] D: 0.0581 | G: 1.9468 | NCE: 0.9993
[E011 step 20600] D: 0.0655 | G: 1.9930 | NCE: 1.0436
[E011 step 20700] D: 0.0894 | G: 1.9964 | NCE: 1.0574
[E011 step 20800] D: 0.0690 | G: 1.8943 | NCE: 0.9843
[E011 step 20900] D: 0.0619 | G: 1.9625 | NCE: 1.0122
[E011 step 21000] D: 0.0825 | G: 1.8972 | NCE: 0.9943
[E011 step 21100] D: 0.0691 | G: 1.9243 | NCE: 0.9936
[E011 step 21200] D: 0.0490 | G: 1.9615 | NCE: 1.0091
[INFO] Saved: images/epoch_011.png and weights/epoch_011.pt
[E012 step 21300] D: 0.0263 | G: 0.9480 | NCE: 0.4911
[E012 step 21400] D: 0.0696 | G: 1.9537 | NCE: 1.0158
[E012 step 21500] D: 0.4179 | G: 2.5061 | NCE: 1.1911
[E012 step 21600] D: 0.0393 | G: 1.7984 | NCE: 0.9975
[E012 step 21700] D: 0.0232 | G: 1.6384 | NCE: 0.7854
[E012 step 21800] D: 0.0205 | G: 1.6596 | NCE: 0.7566
[E012 step 21900] D: 0.0208 | G: 1.6460 | NCE: 0.7333
[E012 step 22000] D: 0.0202 | G: 1.7202 | NCE: 0.7775
[E012 step 22100] D: 0.0176 | G: 1.7410 | NCE: 0.8008
[E012 step 22200] D: 0.0137 | G: 1.6882 | NCE: 0.7399
[E012 step 22300] D: 0.0199 | G: 1.6830 | NCE: 0.7470
[E012 step 22400] D: 0.0140 | G: 1.7133 | NCE: 0.7557
[E012 step 22500] D: 0.0161 | G: 1.7179 | NCE: 0.7731
[E012 step 22600] D: 0.0180 | G: 1.7314 | NCE: 0.7984
[E012 step 22700] D: 0.0194 | G: 1.8015 | NCE: 0.8531
[E012 step 22800] D: 0.0254 | G: 1.7414 | NCE: 0.7802
[E012 step 22900] D: 0.0230 | G: 1.7416 | NCE: 0.7951
[E012 step 23000] D: 0.0197 | G: 1.7948 | NCE: 0.8261
[E012 step 23100] D: 0.0247 | G: 1.7686 | NCE: 0.8106
[E012 step 23200] D: 0.0196 | G: 1.7769 | NCE: 0.8086
[E012 step 23300] D: 0.0245 | G: 1.7818 | NCE: 0.8288
[E012 step 23400] D: 0.0195 | G: 1.7602 | NCE: 0.7941
[E012 step 23500] D: 0.0214 | G: 1.7348 | NCE: 0.7791
[E012 step 23600] D: 0.0280 | G: 1.7117 | NCE: 0.7635
[E012 step 23700] D: 0.0332 | G: 1.7060 | NCE: 0.7631
[E012 step 23800] D: 0.0225 | G: 1.7495 | NCE: 0.7853
[E012 step 23900] D: 0.0202 | G: 1.7191 | NCE: 0.7704
[E012 step 24000] D: 0.0326 | G: 1.7541 | NCE: 0.7869
[E012 step 24100] D: 0.0506 | G: 1.7012 | NCE: 0.7912
[E012 step 24200] D: 0.0463 | G: 1.7702 | NCE: 0.8198
[INFO] Saved: images/epoch_012.png and weights/epoch_012.pt
[E013 step 24300] D: 0.0082 | G: 0.2154 | NCE: 0.1088
[E013 step 24400] D: 0.0575 | G: 1.8091 | NCE: 0.8730
[E013 step 24500] D: 0.0829 | G: 1.8935 | NCE: 0.9490
[E013 step 24600] D: 0.0779 | G: 1.8559 | NCE: 0.9300
[E013 step 24700] D: 0.0641 | G: 1.8587 | NCE: 0.8958
[E013 step 24800] D: 0.0621 | G: 1.9186 | NCE: 0.9596
[E013 step 24900] D: 0.0602 | G: 1.9221 | NCE: 0.9643
[E013 step 25000] D: 0.0930 | G: 1.8676 | NCE: 0.9552
[E013 step 25100] D: 0.0671 | G: 1.8379 | NCE: 0.9192
[E013 step 25200] D: 0.0640 | G: 1.9213 | NCE: 0.9567
[E013 step 25300] D: 0.0523 | G: 1.9341 | NCE: 0.9735
[E013 step 25400] D: 0.0573 | G: 1.9217 | NCE: 0.9814
[E013 step 25500] D: 0.0482 | G: 1.9750 | NCE: 0.9770
[E013 step 25600] D: 0.0546 | G: 1.9366 | NCE: 0.9888
[E013 step 25700] D: 0.0751 | G: 1.8514 | NCE: 0.9646
[E013 step 25800] D: 0.0684 | G: 1.8425 | NCE: 0.9329
[E013 step 25900] D: 0.0670 | G: 1.8160 | NCE: 0.9095
[E013 step 26000] D: 0.0691 | G: 1.7944 | NCE: 0.9114
[E013 step 26100] D: 0.0540 | G: 1.8734 | NCE: 0.9342
[E013 step 26200] D: 0.0602 | G: 1.8664 | NCE: 0.9165
[E013 step 26300] D: 0.0601 | G: 1.8485 | NCE: 0.9135
[E013 step 26400] D: 0.0787 | G: 1.8068 | NCE: 0.8908
[E013 step 26500] D: 0.0744 | G: 1.7997 | NCE: 0.8928
[E013 step 26600] D: 0.0561 | G: 1.8895 | NCE: 0.9052
[E013 step 26700] D: 0.0588 | G: 1.8798 | NCE: 0.9103
[E013 step 26800] D: 0.0590 | G: 1.8322 | NCE: 0.8748
[E013 step 26900] D: 0.0586 | G: 1.8531 | NCE: 0.8741
[E013 step 27000] D: 0.0679 | G: 1.8332 | NCE: 0.8916
[E013 step 27100] D: 0.0538 | G: 1.8011 | NCE: 0.8546
[E013 step 27200] D: 0.0558 | G: 1.8979 | NCE: 0.9125
[E013 step 27300] D: 0.0696 | G: 1.8652 | NCE: 0.9225
[INFO] Saved: images/epoch_013.png and weights/epoch_013.pt
[E014 step 27400] D: 0.0436 | G: 1.3939 | NCE: 0.6704
[E014 step 27500] D: 0.0625 | G: 1.8611 | NCE: 0.9119
[E014 step 27600] D: 0.0633 | G: 1.8457 | NCE: 0.9414
[E014 step 27700] D: 0.0702 | G: 1.8293 | NCE: 0.9043
[E014 step 27800] D: 0.0758 | G: 1.7774 | NCE: 0.8780
[E014 step 27900] D: 0.0706 | G: 1.7493 | NCE: 0.8718
[E014 step 28000] D: 0.0718 | G: 1.7933 | NCE: 0.8872
[E014 step 28100] D: 0.0708 | G: 1.7747 | NCE: 0.8620
[E014 step 28200] D: 0.0645 | G: 1.8105 | NCE: 0.8826
[E014 step 28300] D: 0.0671 | G: 1.7457 | NCE: 0.8435
[E014 step 28400] D: 0.0569 | G: 1.7990 | NCE: 0.8529
[E014 step 28500] D: 0.0734 | G: 1.7908 | NCE: 0.8505
[E014 step 28600] D: 0.0508 | G: 1.7553 | NCE: 0.8415
[E014 step 28700] D: 0.0537 | G: 1.8568 | NCE: 0.8844
[E014 step 28800] D: 0.0728 | G: 1.7981 | NCE: 0.8655
[E014 step 28900] D: 0.0740 | G: 1.8030 | NCE: 0.8752
[E014 step 29000] D: 0.0712 | G: 1.7857 | NCE: 0.8367
[E014 step 29100] D: 0.0691 | G: 1.7566 | NCE: 0.8440
[E014 step 29200] D: 0.0596 | G: 1.7362 | NCE: 0.8253
[E014 step 29300] D: 0.0468 | G: 1.7748 | NCE: 0.8399
[E014 step 29400] D: 0.0663 | G: 1.7937 | NCE: 0.8467
[E014 step 29500] D: 0.0695 | G: 1.7468 | NCE: 0.8608
[E014 step 29600] D: 0.0708 | G: 1.7755 | NCE: 0.8699
[E014 step 29700] D: 0.0581 | G: 1.8301 | NCE: 0.8900
[E014 step 29800] D: 0.0564 | G: 1.8264 | NCE: 0.8513
[E014 step 29900] D: 0.0528 | G: 1.7600 | NCE: 0.8160
[E014 step 30000] D: 0.0698 | G: 1.8288 | NCE: 0.8662
[E014 step 30100] D: 0.0540 | G: 1.7986 | NCE: 0.8374
[E014 step 30200] D: 0.0476 | G: 1.8091 | NCE: 0.8352
[E014 step 30300] D: 0.0462 | G: 1.7463 | NCE: 0.7926
[INFO] Saved: images/epoch_014.png and weights/epoch_014.pt
[E015 step 30400] D: 0.0168 | G: 0.7014 | NCE: 0.3227
[E015 step 30500] D: 0.0608 | G: 1.7770 | NCE: 0.8302
[E015 step 30600] D: 0.0488 | G: 1.8079 | NCE: 0.8503
[E015 step 30700] D: 0.0536 | G: 1.7671 | NCE: 0.8355
[E015 step 30800] D: 0.0704 | G: 1.7564 | NCE: 0.8475
[E015 step 30900] D: 0.0710 | G: 1.7297 | NCE: 0.8509
[E015 step 31000] D: 0.0491 | G: 1.7784 | NCE: 0.8508
[E015 step 31100] D: 0.0556 | G: 1.7998 | NCE: 0.8637
[E015 step 31200] D: 0.0583 | G: 1.8172 | NCE: 0.8405
[E015 step 31300] D: 0.0575 | G: 1.7530 | NCE: 0.7928
[E015 step 31400] D: 0.0435 | G: 1.8443 | NCE: 0.8508
[E015 step 31500] D: 0.0667 | G: 1.8289 | NCE: 0.8529
[E015 step 31600] D: 0.0585 | G: 1.7851 | NCE: 0.8119
[E015 step 31700] D: 0.0584 | G: 1.7350 | NCE: 0.7851
[E015 step 31800] D: 0.0732 | G: 1.7866 | NCE: 0.8101
[E015 step 31900] D: 0.0688 | G: 1.7647 | NCE: 0.8278
[E015 step 32000] D: 0.0727 | G: 1.7860 | NCE: 0.8463
[E015 step 32100] D: 0.0743 | G: 1.7496 | NCE: 0.8344
[E015 step 32200] D: 0.0497 | G: 1.8045 | NCE: 0.8425
[E015 step 32300] D: 0.0498 | G: 1.8068 | NCE: 0.8345
[E015 step 32400] D: 0.0637 | G: 1.7732 | NCE: 0.8219
[E015 step 32500] D: 0.0499 | G: 1.8337 | NCE: 0.8711
[E015 step 32600] D: 0.0570 | G: 1.7684 | NCE: 0.8355
[E015 step 32700] D: 0.0507 | G: 1.7401 | NCE: 0.8051
[E015 step 32800] D: 0.0627 | G: 1.6874 | NCE: 0.8014
[E015 step 32900] D: 0.0599 | G: 1.7983 | NCE: 0.8471
[E015 step 33000] D: 0.0481 | G: 1.7971 | NCE: 0.8385
[E015 step 33100] D: 0.0505 | G: 1.8095 | NCE: 0.8340
[E015 step 33200] D: 0.0528 | G: 1.7499 | NCE: 0.7591
[E015 step 33300] D: 0.0458 | G: 1.8243 | NCE: 0.8225
[INFO] Saved: images/epoch_015.png and weights/epoch_015.pt
[E016 step 33400] D: 0.0010 | G: 0.0739 | NCE: 0.0312
[E016 step 33500] D: 0.0708 | G: 1.6927 | NCE: 0.7836
[E016 step 33600] D: 0.0678 | G: 1.6855 | NCE: 0.7821
[E016 step 33700] D: 0.0705 | G: 1.6497 | NCE: 0.7566
[E016 step 33800] D: 0.0582 | G: 1.7358 | NCE: 0.8112
[E016 step 33900] D: 0.0642 | G: 1.7603 | NCE: 0.8016
[E016 step 34000] D: 0.0364 | G: 1.8021 | NCE: 0.7933
[E016 step 34100] D: 0.0361 | G: 1.7309 | NCE: 0.7605
[E016 step 34200] D: 0.0472 | G: 1.7401 | NCE: 0.7453
[E016 step 34300] D: 0.0499 | G: 1.7856 | NCE: 0.8085
[E016 step 34400] D: 0.0517 | G: 1.7844 | NCE: 0.8078
[E016 step 34500] D: 0.0749 | G: 1.7540 | NCE: 0.7954
[E016 step 34600] D: 0.0665 | G: 1.7072 | NCE: 0.7806
[E016 step 34700] D: 0.0599 | G: 1.6821 | NCE: 0.7624
[E016 step 34800] D: 0.0672 | G: 1.6400 | NCE: 0.7679
[E016 step 34900] D: 0.0670 | G: 1.6899 | NCE: 0.7884
[E016 step 35000] D: 0.0716 | G: 1.6871 | NCE: 0.7823
[E016 step 35100] D: 0.0942 | G: 1.6192 | NCE: 0.7646
[E016 step 35200] D: 0.0639 | G: 1.7250 | NCE: 0.7919
[E016 step 35300] D: 0.0625 | G: 1.7232 | NCE: 0.7712
[E016 step 35400] D: 0.0759 | G: 1.6719 | NCE: 0.7684
[E016 step 35500] D: 0.0601 | G: 1.7035 | NCE: 0.7822
[E016 step 35600] D: 0.0632 | G: 1.7503 | NCE: 0.7918
[E016 step 35700] D: 0.0582 | G: 1.6690 | NCE: 0.7561
[E016 step 35800] D: 0.0488 | G: 1.6905 | NCE: 0.7881
[E016 step 35900] D: 0.0477 | G: 1.6925 | NCE: 0.7769
[E016 step 36000] D: 0.0469 | G: 1.6953 | NCE: 0.7795
[E016 step 36100] D: 0.0645 | G: 1.7886 | NCE: 0.8016
[E016 step 36200] D: 0.0532 | G: 1.6867 | NCE: 0.7241
[E016 step 36300] D: 0.0557 | G: 1.6721 | NCE: 0.7402
[E016 step 36400] D: 0.0650 | G: 1.7484 | NCE: 0.7926
[INFO] Saved: images/epoch_016.png and weights/epoch_016.pt
[E017 step 36500] D: 0.0414 | G: 1.1829 | NCE: 0.5341
[E017 step 36600] D: 0.0848 | G: 1.6850 | NCE: 0.7546
[E017 step 36700] D: 0.0777 | G: 1.5968 | NCE: 0.7244
[E017 step 36800] D: 0.0624 | G: 1.7119 | NCE: 0.7911
[E017 step 36900] D: 0.0572 | G: 1.7869 | NCE: 0.8239
[E017 step 37000] D: 0.0608 | G: 1.7317 | NCE: 0.7861
[E017 step 37100] D: 0.0478 | G: 1.7567 | NCE: 0.7966
[E017 step 37200] D: 0.0354 | G: 1.7553 | NCE: 0.7713
[E017 step 37300] D: 0.0401 | G: 1.7176 | NCE: 0.7558
[E017 step 37400] D: 0.0611 | G: 1.6931 | NCE: 0.7633
[E017 step 37500] D: 0.0603 | G: 1.6628 | NCE: 0.7368
[E017 step 37600] D: 0.0587 | G: 1.7625 | NCE: 0.7750
[E017 step 37700] D: 0.0611 | G: 1.6613 | NCE: 0.7177
[E017 step 37800] D: 0.0603 | G: 1.6707 | NCE: 0.7413
[E017 step 37900] D: 0.0472 | G: 1.7091 | NCE: 0.7491
[E017 step 38000] D: 0.0415 | G: 1.7101 | NCE: 0.7241
[E017 step 38100] D: 0.0478 | G: 1.7532 | NCE: 0.7669
[E017 step 38200] D: 0.0656 | G: 1.6274 | NCE: 0.7001
[E017 step 38300] D: 0.0563 | G: 1.6553 | NCE: 0.7037
[E017 step 38400] D: 0.0473 | G: 1.6655 | NCE: 0.7050
[E017 step 38500] D: 0.0520 | G: 1.6169 | NCE: 0.6730
[E017 step 38600] D: 0.0483 | G: 1.6437 | NCE: 0.6781
[E017 step 38700] D: 0.0447 | G: 1.6670 | NCE: 0.7216
[E017 step 38800] D: 0.0552 | G: 1.6781 | NCE: 0.7319
[E017 step 38900] D: 0.0577 | G: 1.7124 | NCE: 0.7537
[E017 step 39000] D: 0.0554 | G: 1.6410 | NCE: 0.6981
[E017 step 39100] D: 0.0488 | G: 1.7049 | NCE: 0.7390
[E017 step 39200] D: 0.0444 | G: 1.7807 | NCE: 0.7745
[E017 step 39300] D: 0.0399 | G: 1.7488 | NCE: 0.7636
[E017 step 39400] D: 0.0572 | G: 1.7426 | NCE: 0.7458
[INFO] Saved: images/epoch_017.png and weights/epoch_017.pt
[E018 step 39500] D: 0.0182 | G: 0.5366 | NCE: 0.2336
[E018 step 39600] D: 0.0447 | G: 1.6887 | NCE: 0.7388
[E018 step 39700] D: 0.0477 | G: 1.7007 | NCE: 0.7238
[E018 step 39800] D: 0.0457 | G: 1.7254 | NCE: 0.7580
[E018 step 39900] D: 0.0438 | G: 1.7373 | NCE: 0.7219
[E018 step 40000] D: 0.0582 | G: 1.7070 | NCE: 0.7074
[E018 step 40100] D: 0.0678 | G: 1.6916 | NCE: 0.7308
[E018 step 40200] D: 0.0586 | G: 1.6042 | NCE: 0.6922
[E018 step 40300] D: 0.0547 | G: 1.6951 | NCE: 0.7505
[E018 step 40400] D: 0.0449 | G: 1.6810 | NCE: 0.7170
[E018 step 40500] D: 0.0596 | G: 1.6838 | NCE: 0.7319
[E018 step 40600] D: 0.0585 | G: 1.6648 | NCE: 0.7181
[E018 step 40700] D: 0.0614 | G: 1.6217 | NCE: 0.6878
[E018 step 40800] D: 0.0681 | G: 1.6297 | NCE: 0.7122
[E018 step 40900] D: 0.0676 | G: 1.6157 | NCE: 0.7187
[E018 step 41000] D: 0.0641 | G: 1.6742 | NCE: 0.7505
[E018 step 41100] D: 0.0517 | G: 1.6585 | NCE: 0.7416
[E018 step 41200] D: 0.0664 | G: 1.6321 | NCE: 0.7181
[E018 step 41300] D: 0.0630 | G: 1.6660 | NCE: 0.7212
[E018 step 41400] D: 0.0444 | G: 1.7336 | NCE: 0.7758
[E018 step 41500] D: 0.0659 | G: 1.6617 | NCE: 0.7286
[E018 step 41600] D: 0.0506 | G: 1.7448 | NCE: 0.7568
[E018 step 41700] D: 0.0614 | G: 1.6649 | NCE: 0.7214
[E018 step 41800] D: 0.0648 | G: 1.6150 | NCE: 0.7141
[E018 step 41900] D: 0.0517 | G: 1.6685 | NCE: 0.7135
[E018 step 42000] D: 0.0545 | G: 1.6421 | NCE: 0.7054
[E018 step 42100] D: 0.0719 | G: 1.6018 | NCE: 0.7065
[E018 step 42200] D: 0.0583 | G: 1.6368 | NCE: 0.6992
[E018 step 42300] D: 0.0499 | G: 1.5664 | NCE: 0.6550
[E018 step 42400] D: 0.0569 | G: 1.6238 | NCE: 0.7046
[E018 step 42500] D: 0.0649 | G: 1.6322 | NCE: 0.7147
[INFO] Saved: images/epoch_018.png and weights/epoch_018.pt
[E019 step 42600] D: 0.0655 | G: 1.5774 | NCE: 0.6751
[E019 step 42700] D: 0.0523 | G: 1.6254 | NCE: 0.6875
[E019 step 42800] D: 0.0527 | G: 1.6592 | NCE: 0.7218
[E019 step 42900] D: 0.0747 | G: 1.6630 | NCE: 0.7132
[E019 step 43000] D: 0.0592 | G: 1.6270 | NCE: 0.7096
[E019 step 43100] D: 0.0640 | G: 1.5926 | NCE: 0.7001
[E019 step 43200] D: 0.0708 | G: 1.5970 | NCE: 0.6948
[E019 step 43300] D: 0.0594 | G: 1.6639 | NCE: 0.6885
[E019 step 43400] D: 0.0342 | G: 1.6105 | NCE: 0.6881
[E019 step 43500] D: 0.0534 | G: 1.6698 | NCE: 0.7138
[E019 step 43600] D: 0.0538 | G: 1.6151 | NCE: 0.6558
[E019 step 43700] D: 0.0460 | G: 1.5932 | NCE: 0.6342
[E019 step 43800] D: 0.0450 | G: 1.6068 | NCE: 0.6602
[E019 step 43900] D: 0.0506 | G: 1.6935 | NCE: 0.7217
[E019 step 44000] D: 0.0377 | G: 1.6518 | NCE: 0.7052
[E019 step 44100] D: 0.0401 | G: 1.7350 | NCE: 0.7383
[E019 step 44200] D: 0.0469 | G: 1.7120 | NCE: 0.7272
[E019 step 44300] D: 0.0320 | G: 1.6580 | NCE: 0.6791
[E019 step 44400] D: 0.0522 | G: 1.6549 | NCE: 0.7111
[E019 step 44500] D: 0.0631 | G: 1.6608 | NCE: 0.6812
[E019 step 44600] D: 0.0705 | G: 1.5648 | NCE: 0.6635
[E019 step 44700] D: 0.0578 | G: 1.5561 | NCE: 0.6654
[E019 step 44800] D: 0.0473 | G: 1.6984 | NCE: 0.7075
[E019 step 44900] D: 0.0568 | G: 1.6637 | NCE: 0.6793
[E019 step 45000] D: 0.0422 | G: 1.6216 | NCE: 0.6612
[E019 step 45100] D: 0.0358 | G: 1.6682 | NCE: 0.7069
[E019 step 45200] D: 0.0505 | G: 1.6346 | NCE: 0.6916
[E019 step 45300] D: 0.0706 | G: 1.5739 | NCE: 0.6677
[E019 step 45400] D: 0.0476 | G: 1.5786 | NCE: 0.6614
[E019 step 45500] D: 0.0459 | G: 1.6508 | NCE: 0.6883
[INFO] Saved: images/epoch_019.png and weights/epoch_019.pt
[E020 step 45600] D: 0.0292 | G: 0.9359 | NCE: 0.3821
[E020 step 45700] D: 0.0740 | G: 1.5617 | NCE: 0.6543
[E020 step 45800] D: 0.0522 | G: 1.5832 | NCE: 0.6538
[E020 step 45900] D: 0.0658 | G: 1.5521 | NCE: 0.6659
[E020 step 46000] D: 0.0640 | G: 1.6084 | NCE: 0.6524
[E020 step 46100] D: 0.0502 | G: 1.6351 | NCE: 0.6728
[E020 step 46200] D: 0.0510 | G: 1.6226 | NCE: 0.6563
[E020 step 46300] D: 0.0615 | G: 1.6021 | NCE: 0.6515
[E020 step 46400] D: 0.0437 | G: 1.5940 | NCE: 0.6431
[E020 step 46500] D: 0.0573 | G: 1.5636 | NCE: 0.6331
[E020 step 46600] D: 0.0383 | G: 1.5831 | NCE: 0.6373
[E020 step 46700] D: 0.0625 | G: 1.6388 | NCE: 0.6749
[E020 step 46800] D: 0.0438 | G: 1.6302 | NCE: 0.6585
[E020 step 46900] D: 0.0441 | G: 1.6294 | NCE: 0.6576
[E020 step 47000] D: 0.0424 | G: 1.6676 | NCE: 0.6866
[E020 step 47100] D: 0.0524 | G: 1.6345 | NCE: 0.6759
[E020 step 47200] D: 0.0588 | G: 1.5635 | NCE: 0.6439
[E020 step 47300] D: 0.0566 | G: 1.6009 | NCE: 0.6496
[E020 step 47400] D: 0.0488 | G: 1.5530 | NCE: 0.6318
[E020 step 47500] D: 0.0564 | G: 1.5871 | NCE: 0.6650
[E020 step 47600] D: 0.0426 | G: 1.5679 | NCE: 0.6585
[E020 step 47700] D: 0.0617 | G: 1.6035 | NCE: 0.6456
[E020 step 47800] D: 0.0401 | G: 1.6080 | NCE: 0.6452
[E020 step 47900] D: 0.0555 | G: 1.5803 | NCE: 0.6384
[E020 step 48000] D: 0.0600 | G: 1.6211 | NCE: 0.6429
[E020 step 48100] D: 0.0691 | G: 1.5825 | NCE: 0.6480
[E020 step 48200] D: 0.0602 | G: 1.5386 | NCE: 0.6035
[E020 step 48300] D: 0.0471 | G: 1.6771 | NCE: 0.7109
[E020 step 48400] D: 0.0587 | G: 1.5786 | NCE: 0.6489
[E020 step 48500] D: 0.0486 | G: 1.5844 | NCE: 0.6593
[INFO] Saved: images/epoch_020.png and weights/epoch_020.pt
[E021 step 48600] D: 0.0136 | G: 0.3694 | NCE: 0.1572
[E021 step 48700] D: 0.0542 | G: 1.5674 | NCE: 0.6587
[E021 step 48800] D: 0.0699 | G: 1.5610 | NCE: 0.6670
[E021 step 48900] D: 0.0538 | G: 1.5356 | NCE: 0.6504
[E021 step 49000] D: 0.0506 | G: 1.5890 | NCE: 0.6789
[E021 step 49100] D: 0.0564 | G: 1.5742 | NCE: 0.6485
[E021 step 49200] D: 0.0720 | G: 1.4774 | NCE: 0.6235
[E021 step 49300] D: 0.0656 | G: 1.5769 | NCE: 0.6537
[E021 step 49400] D: 0.0611 | G: 1.5037 | NCE: 0.6009
[E021 step 49500] D: 0.0479 | G: 1.5758 | NCE: 0.6329
[E021 step 49600] D: 0.0495 | G: 1.6125 | NCE: 0.6417
[E021 step 49700] D: 0.0461 | G: 1.6115 | NCE: 0.6413
[E021 step 49800] D: 0.0377 | G: 1.6129 | NCE: 0.6549
[E021 step 49900] D: 0.0446 | G: 1.6302 | NCE: 0.6563
[E021 step 50000] D: 0.0475 | G: 1.5854 | NCE: 0.6449
[E021 step 50100] D: 0.0475 | G: 1.6261 | NCE: 0.6845
[E021 step 50200] D: 0.0624 | G: 1.5807 | NCE: 0.6446
[E021 step 50300] D: 0.0705 | G: 1.5420 | NCE: 0.6286
[E021 step 50400] D: 0.0715 | G: 1.5190 | NCE: 0.6227
[E021 step 50500] D: 0.0527 | G: 1.5393 | NCE: 0.6325
[E021 step 50600] D: 0.0774 | G: 1.5435 | NCE: 0.6094
[E021 step 50700] D: 0.0457 | G: 1.5103 | NCE: 0.5904
[E021 step 50800] D: 0.0497 | G: 1.5588 | NCE: 0.6334
[E021 step 50900] D: 0.0664 | G: 1.5608 | NCE: 0.6226
[E021 step 51000] D: 0.0629 | G: 1.5242 | NCE: 0.6103
[E021 step 51100] D: 0.0599 | G: 1.5386 | NCE: 0.6181
[E021 step 51200] D: 0.0744 | G: 1.5120 | NCE: 0.5944
[E021 step 51300] D: 0.0611 | G: 1.5028 | NCE: 0.5929
[E021 step 51400] D: 0.0485 | G: 1.5162 | NCE: 0.6045
[E021 step 51500] D: 0.0325 | G: 1.5950 | NCE: 0.6468
[E021 step 51600] D: 0.0369 | G: 1.6019 | NCE: 0.6649
[INFO] Saved: images/epoch_021.png and weights/epoch_021.pt
[E022 step 51700] D: 0.0588 | G: 1.4457 | NCE: 0.5885
[E022 step 51800] D: 0.0622 | G: 1.5288 | NCE: 0.6085
[E022 step 51900] D: 0.0547 | G: 1.5437 | NCE: 0.6047
[E022 step 52000] D: 0.0483 | G: 1.5545 | NCE: 0.6273
[E022 step 52100] D: 0.0615 | G: 1.5482 | NCE: 0.6268
[E022 step 52200] D: 0.0480 | G: 1.5497 | NCE: 0.6109
[E022 step 52300] D: 0.0595 | G: 1.5352 | NCE: 0.6096
[E022 step 52400] D: 0.0643 | G: 1.5060 | NCE: 0.6179
[E022 step 52500] D: 0.0601 | G: 1.5450 | NCE: 0.6287
[E022 step 52600] D: 0.0640 | G: 1.5083 | NCE: 0.6206
[E022 step 52700] D: 0.0644 | G: 1.5243 | NCE: 0.6199
[E022 step 52800] D: 0.0607 | G: 1.5370 | NCE: 0.6174
[E022 step 52900] D: 0.0400 | G: 1.5433 | NCE: 0.6040
[E022 step 53000] D: 0.0342 | G: 1.5557 | NCE: 0.6227
[E022 step 53100] D: 0.0782 | G: 1.5002 | NCE: 0.6154
[E022 step 53200] D: 0.0546 | G: 1.5293 | NCE: 0.6220
[E022 step 53300] D: 0.0627 | G: 1.5330 | NCE: 0.6225
[E022 step 53400] D: 0.0582 | G: 1.5181 | NCE: 0.6164
[E022 step 53500] D: 0.0673 | G: 1.5138 | NCE: 0.6216
[E022 step 53600] D: 0.0526 | G: 1.5397 | NCE: 0.6040
[E022 step 53700] D: 0.0607 | G: 1.4937 | NCE: 0.5956
[E022 step 53800] D: 0.0419 | G: 1.5454 | NCE: 0.6199
[E022 step 53900] D: 0.0461 | G: 1.5563 | NCE: 0.5839
[E022 step 54000] D: 0.0438 | G: 1.5154 | NCE: 0.5706
[E022 step 54100] D: 0.0711 | G: 1.4941 | NCE: 0.5831
[E022 step 54200] D: 0.0771 | G: 1.4794 | NCE: 0.6207
[E022 step 54300] D: 0.0443 | G: 1.5573 | NCE: 0.6218
[E022 step 54400] D: 0.0541 | G: 1.5530 | NCE: 0.6109
[E022 step 54500] D: 0.0510 | G: 1.5854 | NCE: 0.6320
[E022 step 54600] D: 0.0409 | G: 1.5884 | NCE: 0.6353
[INFO] Saved: images/epoch_022.png and weights/epoch_022.pt
[E023 step 54700] D: 0.0278 | G: 0.7941 | NCE: 0.3027
[E023 step 54800] D: 0.0609 | G: 1.5169 | NCE: 0.5662
[E023 step 54900] D: 0.0610 | G: 1.5666 | NCE: 0.6381
[E023 step 55000] D: 0.0754 | G: 1.5310 | NCE: 0.6124
[E023 step 55100] D: 0.0521 | G: 1.5430 | NCE: 0.6107
[E023 step 55200] D: 0.0317 | G: 1.6249 | NCE: 0.6471
[E023 step 55300] D: 0.0434 | G: 1.6090 | NCE: 0.6508
[E023 step 55400] D: 0.0412 | G: 1.6172 | NCE: 0.6631
[E023 step 55500] D: 0.0401 | G: 1.6194 | NCE: 0.6701
[E023 step 55600] D: 0.0435 | G: 1.6245 | NCE: 0.6509
[E023 step 55700] D: 0.0405 | G: 1.6058 | NCE: 0.6381
[E023 step 55800] D: 0.0354 | G: 1.5810 | NCE: 0.6282
[E023 step 55900] D: 0.0451 | G: 1.5453 | NCE: 0.6087
[E023 step 56000] D: 0.0505 | G: 1.6440 | NCE: 0.6513
[E023 step 56100] D: 0.0631 | G: 1.5279 | NCE: 0.6036
[E023 step 56200] D: 0.0765 | G: 1.4775 | NCE: 0.5889
[E023 step 56300] D: 0.0489 | G: 1.5322 | NCE: 0.5812
[E023 step 56400] D: 0.0507 | G: 1.5675 | NCE: 0.5942
[E023 step 56500] D: 0.0492 | G: 1.6069 | NCE: 0.6322
[E023 step 56600] D: 0.0560 | G: 1.5402 | NCE: 0.6087
[E023 step 56700] D: 0.0479 | G: 1.5604 | NCE: 0.6107
[E023 step 56800] D: 0.0623 | G: 1.5295 | NCE: 0.6100
[E023 step 56900] D: 0.0679 | G: 1.5144 | NCE: 0.6047
[E023 step 57000] D: 0.0630 | G: 1.4920 | NCE: 0.5620
[E023 step 57100] D: 0.0555 | G: 1.5191 | NCE: 0.5902
[E023 step 57200] D: 0.0427 | G: 1.5859 | NCE: 0.6129
[E023 step 57300] D: 0.0675 | G: 1.5225 | NCE: 0.6008
[E023 step 57400] D: 0.0434 | G: 1.5233 | NCE: 0.5790
[E023 step 57500] D: 0.0538 | G: 1.5512 | NCE: 0.5838
[E023 step 57600] D: 0.0377 | G: 1.5329 | NCE: 0.5645
[INFO] Saved: images/epoch_023.png and weights/epoch_023.pt
[E024 step 57700] D: 0.0078 | G: 0.2385 | NCE: 0.0849
[E024 step 57800] D: 0.0478 | G: 1.4901 | NCE: 0.5578
[E024 step 57900] D: 0.0686 | G: 1.5043 | NCE: 0.5489
[E024 step 58000] D: 0.0378 | G: 1.5368 | NCE: 0.5726
[E024 step 58100] D: 0.0434 | G: 1.5313 | NCE: 0.5792
[E024 step 58200] D: 0.0510 | G: 1.5087 | NCE: 0.5675
[E024 step 58300] D: 0.0663 | G: 1.4721 | NCE: 0.5473
[E024 step 58400] D: 0.0582 | G: 1.4904 | NCE: 0.5683
[E024 step 58500] D: 0.0458 | G: 1.5195 | NCE: 0.5687
[E024 step 58600] D: 0.0530 | G: 1.5381 | NCE: 0.5973
[E024 step 58700] D: 0.0505 | G: 1.5463 | NCE: 0.5896
[E024 step 58800] D: 0.0448 | G: 1.4887 | NCE: 0.5737
[E024 step 58900] D: 0.0459 | G: 1.5611 | NCE: 0.6021
[E024 step 59000] D: 0.0604 | G: 1.5592 | NCE: 0.5933
[E024 step 59100] D: 0.0493 | G: 1.5671 | NCE: 0.6022
[E024 step 59200] D: 0.0430 | G: 1.5506 | NCE: 0.6103
[E024 step 59300] D: 0.0549 | G: 1.5666 | NCE: 0.6254
[E024 step 59400] D: 0.0467 | G: 1.5417 | NCE: 0.5899
[E024 step 59500] D: 0.0535 | G: 1.4979 | NCE: 0.5661
[E024 step 59600] D: 0.0582 | G: 1.5036 | NCE: 0.5580
[E024 step 59700] D: 0.0514 | G: 1.5045 | NCE: 0.5711
[E024 step 59800] D: 0.0332 | G: 1.5593 | NCE: 0.6009
[E024 step 59900] D: 0.0448 | G: 1.4960 | NCE: 0.5584
[E024 step 60000] D: 0.0424 | G: 1.4972 | NCE: 0.5584
[E024 step 60100] D: 0.0498 | G: 1.4436 | NCE: 0.5448
[E024 step 60200] D: 0.0481 | G: 1.4605 | NCE: 0.5483
[E024 step 60300] D: 0.0608 | G: 1.5143 | NCE: 0.5731
[E024 step 60400] D: 0.0674 | G: 1.4325 | NCE: 0.5600
[E024 step 60500] D: 0.0519 | G: 1.5670 | NCE: 0.6143
[E024 step 60600] D: 0.0654 | G: 1.5209 | NCE: 0.5808
[E024 step 60700] D: 0.0509 | G: 1.4772 | NCE: 0.5466
[INFO] Saved: images/epoch_024.png and weights/epoch_024.pt
[E025 step 60800] D: 0.0442 | G: 1.2034 | NCE: 0.4445
[E025 step 60900] D: 0.0441 | G: 1.5025 | NCE: 0.5576
[E025 step 61000] D: 0.0495 | G: 1.4880 | NCE: 0.5706
[E025 step 61100] D: 0.0534 | G: 1.4950 | NCE: 0.5811
[E025 step 61200] D: 0.0484 | G: 1.4822 | NCE: 0.5377
[E025 step 61300] D: 0.0371 | G: 1.4643 | NCE: 0.5309
[E025 step 61400] D: 0.0532 | G: 1.4526 | NCE: 0.5401
[E025 step 61500] D: 0.0730 | G: 1.4541 | NCE: 0.5590
[E025 step 61600] D: 0.0491 | G: 1.4807 | NCE: 0.5740
[E025 step 61700] D: 0.0286 | G: 1.5511 | NCE: 0.5900
[E025 step 61800] D: 0.0352 | G: 1.5408 | NCE: 0.5735
[E025 step 61900] D: 0.0465 | G: 1.4924 | NCE: 0.5718
[E025 step 62000] D: 0.0540 | G: 1.4661 | NCE: 0.5425
[E025 step 62100] D: 0.0690 | G: 1.4728 | NCE: 0.5484
[E025 step 62200] D: 0.0733 | G: 1.4460 | NCE: 0.5308
[E025 step 62300] D: 0.0660 | G: 1.4593 | NCE: 0.5454
[E025 step 62400] D: 0.0449 | G: 1.4528 | NCE: 0.5462
[E025 step 62500] D: 0.0444 | G: 1.5030 | NCE: 0.5782
[E025 step 62600] D: 0.0589 | G: 1.4745 | NCE: 0.5628
[E025 step 62700] D: 0.0589 | G: 1.4554 | NCE: 0.5454
[E025 step 62800] D: 0.0738 | G: 1.4127 | NCE: 0.5428
[E025 step 62900] D: 0.0602 | G: 1.4864 | NCE: 0.5712
[E025 step 63000] D: 0.0708 | G: 1.4686 | NCE: 0.5673
[E025 step 63100] D: 0.0627 | G: 1.4378 | NCE: 0.5496
[E025 step 63200] D: 0.0632 | G: 1.4355 | NCE: 0.5595
[E025 step 63300] D: 0.0646 | G: 1.4713 | NCE: 0.5755
[E025 step 63400] D: 0.0626 | G: 1.4369 | NCE: 0.5563
[E025 step 63500] D: 0.0515 | G: 1.4433 | NCE: 0.5529
[E025 step 63600] D: 0.0627 | G: 1.4329 | NCE: 0.5545
[E025 step 63700] D: 0.0550 | G: 1.4345 | NCE: 0.5489
[INFO] Saved: images/epoch_025.png and weights/epoch_025.pt
[E026 step 63800] D: 0.0372 | G: 0.6250 | NCE: 0.2456
[E026 step 63900] D: 0.0566 | G: 1.3989 | NCE: 0.5218
[E026 step 64000] D: 0.0625 | G: 1.4257 | NCE: 0.5455
[E026 step 64100] D: 0.0595 | G: 1.4617 | NCE: 0.5741
[E026 step 64200] D: 0.0731 | G: 1.4488 | NCE: 0.5724
[E026 step 64300] D: 0.0681 | G: 1.4218 | NCE: 0.5726
[E026 step 64400] D: 0.0662 | G: 1.4872 | NCE: 0.5892
[E026 step 64500] D: 0.0752 | G: 1.4446 | NCE: 0.5906
[E026 step 64600] D: 0.0523 | G: 1.4791 | NCE: 0.6004
[E026 step 64700] D: 0.0668 | G: 1.4740 | NCE: 0.5380
[E026 step 64800] D: 0.0683 | G: 1.4036 | NCE: 0.5212
[E026 step 64900] D: 0.0624 | G: 1.4187 | NCE: 0.5273
[E026 step 65000] D: 0.0654 | G: 1.4472 | NCE: 0.5436
[E026 step 65100] D: 0.0669 | G: 1.4015 | NCE: 0.5492
[E026 step 65200] D: 0.0510 | G: 1.4569 | NCE: 0.5574
[E026 step 65300] D: 0.0684 | G: 1.4389 | NCE: 0.5602
[E026 step 65400] D: 0.0628 | G: 1.4372 | NCE: 0.5504
[E026 step 65500] D: 0.0587 | G: 1.4874 | NCE: 0.5846
[E026 step 65600] D: 0.0512 | G: 1.4355 | NCE: 0.5521
[E026 step 65700] D: 0.0618 | G: 1.4348 | NCE: 0.5524
[E026 step 65800] D: 0.0602 | G: 1.4324 | NCE: 0.5600
[E026 step 65900] D: 0.0574 | G: 1.4365 | NCE: 0.5519
[E026 step 66000] D: 0.0779 | G: 1.3860 | NCE: 0.5347
[E026 step 66100] D: 0.0685 | G: 1.3976 | NCE: 0.5389
[E026 step 66200] D: 0.0558 | G: 1.4333 | NCE: 0.5584
[E026 step 66300] D: 0.0416 | G: 1.4616 | NCE: 0.5502
[E026 step 66400] D: 0.0639 | G: 1.4170 | NCE: 0.5486
[E026 step 66500] D: 0.0798 | G: 1.3860 | NCE: 0.5464
[E026 step 66600] D: 0.0937 | G: 1.3864 | NCE: 0.5533
[E026 step 66700] D: 0.0959 | G: 1.3768 | NCE: 0.5514
[INFO] Saved: images/epoch_026.png and weights/epoch_026.pt
[E027 step 66800] D: 0.0098 | G: 0.1189 | NCE: 0.0500
[E027 step 66900] D: 0.0830 | G: 1.3817 | NCE: 0.5535
[E027 step 67000] D: 0.0844 | G: 1.3639 | NCE: 0.5376
[E027 step 67100] D: 0.0934 | G: 1.3730 | NCE: 0.5561
[E027 step 67200] D: 0.0839 | G: 1.4356 | NCE: 0.5775
[E027 step 67300] D: 0.0853 | G: 1.3701 | NCE: 0.5605
[E027 step 67400] D: 0.0840 | G: 1.3944 | NCE: 0.5716
[E027 step 67500] D: 0.0793 | G: 1.4204 | NCE: 0.5756
[E027 step 67600] D: 0.0784 | G: 1.3915 | NCE: 0.5622
[E027 step 67700] D: 0.0867 | G: 1.4159 | NCE: 0.5760
[E027 step 67800] D: 0.0598 | G: 1.3944 | NCE: 0.5514
[E027 step 67900] D: 0.0822 | G: 1.3632 | NCE: 0.5388
[E027 step 68000] D: 0.0633 | G: 1.3956 | NCE: 0.5521
[E027 step 68100] D: 0.0614 | G: 1.4088 | NCE: 0.5458
[E027 step 68200] D: 0.0778 | G: 1.4081 | NCE: 0.5629
[E027 step 68300] D: 0.0639 | G: 1.4487 | NCE: 0.5805
[E027 step 68400] D: 0.0642 | G: 1.4371 | NCE: 0.5722
[E027 step 68500] D: 0.0924 | G: 1.4155 | NCE: 0.5847
[E027 step 68600] D: 0.0705 | G: 1.4377 | NCE: 0.5804
[E027 step 68700] D: 0.0703 | G: 1.4076 | NCE: 0.5414
[E027 step 68800] D: 0.0879 | G: 1.3501 | NCE: 0.5226
[E027 step 68900] D: 0.0818 | G: 1.3712 | NCE: 0.5274
[E027 step 69000] D: 0.0722 | G: 1.3752 | NCE: 0.5603
[E027 step 69100] D: 0.0711 | G: 1.4936 | NCE: 0.6182
[E027 step 69200] D: 0.0744 | G: 1.4234 | NCE: 0.5678
[E027 step 69300] D: 0.0683 | G: 1.4236 | NCE: 0.5744
[E027 step 69400] D: 0.0683 | G: 1.4084 | NCE: 0.5678
[E027 step 69500] D: 0.0741 | G: 1.4180 | NCE: 0.5741
[E027 step 69600] D: 0.0649 | G: 1.4382 | NCE: 0.5844
[E027 step 69700] D: 0.0701 | G: 1.4390 | NCE: 0.6078
[E027 step 69800] D: 0.0552 | G: 1.5100 | NCE: 0.6237
[INFO] Saved: images/epoch_027.png and weights/epoch_027.pt
[E028 step 69900] D: 0.0573 | G: 1.0323 | NCE: 0.4295
[E028 step 70000] D: 0.0656 | G: 1.4935 | NCE: 0.5976
[E028 step 70100] D: 0.0597 | G: 1.4877 | NCE: 0.5959
[E028 step 70200] D: 0.0612 | G: 1.4589 | NCE: 0.5918
[E028 step 70300] D: 0.0629 | G: 1.4378 | NCE: 0.5800
[E028 step 70400] D: 0.0573 | G: 1.4539 | NCE: 0.5669
[E028 step 70500] D: 0.0621 | G: 1.4465 | NCE: 0.5488
[E028 step 70600] D: 0.0764 | G: 1.4309 | NCE: 0.5613
[E028 step 70700] D: 0.0683 | G: 1.4422 | NCE: 0.5654
[E028 step 70800] D: 0.0797 | G: 1.4543 | NCE: 0.5883
[E028 step 70900] D: 0.0640 | G: 1.4638 | NCE: 0.5944
[E028 step 71000] D: 0.0684 | G: 1.4420 | NCE: 0.5876
[E028 step 71100] D: 0.0749 | G: 1.4347 | NCE: 0.5855
[E028 step 71200] D: 0.0763 | G: 1.4344 | NCE: 0.5835
[E028 step 71300] D: 0.0849 | G: 1.4513 | NCE: 0.5991
[E028 step 71400] D: 0.0762 | G: 1.4483 | NCE: 0.5866
[E028 step 71500] D: 0.0736 | G: 1.4362 | NCE: 0.5871
[E028 step 71600] D: 0.0791 | G: 1.4181 | NCE: 0.5880
[E028 step 71700] D: 0.0900 | G: 1.4257 | NCE: 0.5723
[E028 step 71800] D: 0.0804 | G: 1.4028 | NCE: 0.5649
[E028 step 71900] D: 0.0750 | G: 1.3782 | NCE: 0.5544
[E028 step 72000] D: 0.0767 | G: 1.4332 | NCE: 0.5638
[E028 step 72100] D: 0.0712 | G: 1.3892 | NCE: 0.5560
[E028 step 72200] D: 0.0778 | G: 1.4323 | NCE: 0.5865
[E028 step 72300] D: 0.0736 | G: 1.4164 | NCE: 0.5732
[E028 step 72400] D: 0.0551 | G: 1.4767 | NCE: 0.5877
[E028 step 72500] D: 0.0756 | G: 1.4369 | NCE: 0.5572
[E028 step 72600] D: 0.1000 | G: 1.3577 | NCE: 0.5489
[E028 step 72700] D: 0.0862 | G: 1.3606 | NCE: 0.5520
[E028 step 72800] D: 0.0848 | G: 1.4118 | NCE: 0.5593
[INFO] Saved: images/epoch_028.png and weights/epoch_028.pt
[E029 step 72900] D: 0.0323 | G: 0.5069 | NCE: 0.2037
[E029 step 73000] D: 0.0907 | G: 1.3613 | NCE: 0.5535
[E029 step 73100] D: 0.0689 | G: 1.4173 | NCE: 0.5649
[E029 step 73200] D: 0.0731 | G: 1.4395 | NCE: 0.5874
[E029 step 73300] D: 0.0866 | G: 1.3995 | NCE: 0.5780
[E029 step 73400] D: 0.1044 | G: 1.3781 | NCE: 0.5593
[E029 step 73500] D: 0.0740 | G: 1.3901 | NCE: 0.5607
[E029 step 73600] D: 0.0969 | G: 1.3520 | NCE: 0.5465
[E029 step 73700] D: 0.0872 | G: 1.3977 | NCE: 0.5646
[E029 step 73800] D: 0.0722 | G: 1.4314 | NCE: 0.5715
[E029 step 73900] D: 0.0792 | G: 1.3849 | NCE: 0.5577
[E029 step 74000] D: 0.0724 | G: 1.3916 | NCE: 0.5590
[E029 step 74100] D: 0.0631 | G: 1.4165 | NCE: 0.5476
[E029 step 74200] D: 0.0461 | G: 1.4341 | NCE: 0.5429
[E029 step 74300] D: 0.0564 | G: 1.4071 | NCE: 0.5254
[E029 step 74400] D: 0.0572 | G: 1.3985 | NCE: 0.5236
[E029 step 74500] D: 0.0597 | G: 1.4411 | NCE: 0.5464
[E029 step 74600] D: 0.0621 | G: 1.4268 | NCE: 0.5400
[E029 step 74700] D: 0.0637 | G: 1.4307 | NCE: 0.5460
[E029 step 74800] D: 0.0728 | G: 1.4011 | NCE: 0.5415
[E029 step 74900] D: 0.0569 | G: 1.4041 | NCE: 0.5464
[E029 step 75000] D: 0.0619 | G: 1.4403 | NCE: 0.5598
[E029 step 75100] D: 0.0742 | G: 1.4035 | NCE: 0.5454
[E029 step 75200] D: 0.0705 | G: 1.4991 | NCE: 0.5749
[E029 step 75300] D: 0.0589 | G: 1.4247 | NCE: 0.5324
[E029 step 75400] D: 0.0739 | G: 1.3822 | NCE: 0.5135
[E029 step 75500] D: 0.0769 | G: 1.3597 | NCE: 0.5155
[E029 step 75600] D: 0.0800 | G: 1.4133 | NCE: 0.5541
[E029 step 75700] D: 0.0690 | G: 1.4153 | NCE: 0.5586
[E029 step 75800] D: 0.0775 | G: 1.3955 | NCE: 0.5549
[E029 step 75900] D: 0.0930 | G: 1.3763 | NCE: 0.5261
[INFO] Saved: images/epoch_029.png and weights/epoch_029.pt
[E030 step 76000] D: 0.0768 | G: 1.3860 | NCE: 0.5434
[E030 step 76100] D: 0.0806 | G: 1.3730 | NCE: 0.5318
[E030 step 76200] D: 0.0735 | G: 1.3733 | NCE: 0.5347
[E030 step 76300] D: 0.0897 | G: 1.3733 | NCE: 0.5282
[E030 step 76400] D: 0.0708 | G: 1.3963 | NCE: 0.5324
[E030 step 76500] D: 0.0691 | G: 1.4041 | NCE: 0.5475
[E030 step 76600] D: 0.0737 | G: 1.4104 | NCE: 0.5416
[E030 step 76700] D: 0.0767 | G: 1.3836 | NCE: 0.5417
[E030 step 76800] D: 0.0599 | G: 1.4038 | NCE: 0.5471
[E030 step 76900] D: 0.0808 | G: 1.3785 | NCE: 0.5292
[E030 step 77000] D: 0.0953 | G: 1.3387 | NCE: 0.5231
[E030 step 77100] D: 0.0679 | G: 1.4120 | NCE: 0.5615
[E030 step 77200] D: 0.0845 | G: 1.3970 | NCE: 0.5647
[E030 step 77300] D: 0.0766 | G: 1.4296 | NCE: 0.5894
[E030 step 77400] D: 0.0627 | G: 1.4513 | NCE: 0.5792
[E030 step 77500] D: 0.0605 | G: 1.4488 | NCE: 0.5867
[E030 step 77600] D: 0.0586 | G: 1.4652 | NCE: 0.5881
[E030 step 77700] D: 0.0716 | G: 1.4173 | NCE: 0.5522
[E030 step 77800] D: 0.0622 | G: 1.4477 | NCE: 0.5669
[E030 step 77900] D: 0.0783 | G: 1.4387 | NCE: 0.5557
[E030 step 78000] D: 0.0581 | G: 1.4175 | NCE: 0.5462
[E030 step 78100] D: 0.0691 | G: 1.4019 | NCE: 0.5317
[E030 step 78200] D: 0.0527 | G: 1.4168 | NCE: 0.5303
[E030 step 78300] D: 0.0683 | G: 1.4667 | NCE: 0.5720
[E030 step 78400] D: 0.0558 | G: 1.6576 | NCE: 0.7680
[E030 step 78500] D: 0.0624 | G: 1.4479 | NCE: 0.5729
[E030 step 78600] D: 0.0586 | G: 1.4680 | NCE: 0.5837
[E030 step 78700] D: 0.0642 | G: 1.4796 | NCE: 0.5942
[E030 step 78800] D: 0.0647 | G: 1.4441 | NCE: 0.5754
[E030 step 78900] D: 0.0608 | G: 1.4354 | NCE: 0.5577
[INFO] Saved: images/epoch_030.png and weights/epoch_030.pt
[E031 step 79000] D: 0.0313 | G: 0.9272 | NCE: 0.3439
[E031 step 79100] D: 0.0543 | G: 1.4557 | NCE: 0.5555
[E031 step 79200] D: 0.0610 | G: 1.4699 | NCE: 0.5688
[E031 step 79300] D: 0.0608 | G: 1.4423 | NCE: 0.5652
[E031 step 79400] D: 0.0631 | G: 1.4740 | NCE: 0.5852
[E031 step 79500] D: 0.0758 | G: 1.4245 | NCE: 0.5580
[E031 step 79600] D: 0.0753 | G: 1.4038 | NCE: 0.5620
[E031 step 79700] D: 0.0783 | G: 1.4311 | NCE: 0.5610
[E031 step 79800] D: 0.0847 | G: 1.3761 | NCE: 0.5419
[E031 step 79900] D: 0.0782 | G: 1.3831 | NCE: 0.5386
[E031 step 80000] D: 0.0818 | G: 1.4185 | NCE: 0.5506
[E031 step 80100] D: 0.0670 | G: 1.3999 | NCE: 0.5502
[E031 step 80200] D: 0.0707 | G: 1.4197 | NCE: 0.5443
[E031 step 80300] D: 0.0818 | G: 1.3654 | NCE: 0.5235
[E031 step 80400] D: 0.0768 | G: 1.4043 | NCE: 0.5386
[E031 step 80500] D: 0.0723 | G: 1.4148 | NCE: 0.5473
[E031 step 80600] D: 0.0758 | G: 1.3948 | NCE: 0.5401
[E031 step 80700] D: 0.0598 | G: 1.4244 | NCE: 0.5430
[E031 step 80800] D: 0.0639 | G: 1.3763 | NCE: 0.5250
[E031 step 80900] D: 0.0633 | G: 1.4436 | NCE: 0.5502
[E031 step 81000] D: 0.0647 | G: 1.4089 | NCE: 0.5382
[E031 step 81100] D: 0.0604 | G: 1.4194 | NCE: 0.5300
[E031 step 81200] D: 0.0657 | G: 1.4048 | NCE: 0.5404
[E031 step 81300] D: 0.0832 | G: 1.3844 | NCE: 0.5358
[E031 step 81400] D: 0.0677 | G: 1.4039 | NCE: 0.5371
[E031 step 81500] D: 0.0707 | G: 1.4126 | NCE: 0.5421
[E031 step 81600] D: 0.0701 | G: 1.4224 | NCE: 0.5500
[E031 step 81700] D: 0.0646 | G: 1.4589 | NCE: 0.5617
[E031 step 81800] D: 0.0629 | G: 1.3956 | NCE: 0.5282
[E031 step 81900] D: 0.0891 | G: 1.3607 | NCE: 0.5264
[INFO] Saved: images/epoch_031.png and weights/epoch_031.pt
[E032 step 82000] D: 0.0261 | G: 0.3881 | NCE: 0.1436
[E032 step 82100] D: 0.0807 | G: 1.3727 | NCE: 0.5215
[E032 step 82200] D: 0.0798 | G: 1.3387 | NCE: 0.5148
[E032 step 82300] D: 0.0742 | G: 1.3778 | NCE: 0.5443
[E032 step 82400] D: 0.0599 | G: 1.4155 | NCE: 0.5367
[E032 step 82500] D: 0.0667 | G: 1.3785 | NCE: 0.4995
[E032 step 82600] D: 0.0474 | G: 1.3911 | NCE: 0.4954
[E032 step 82700] D: 0.0501 | G: 1.4052 | NCE: 0.5151
[E032 step 82800] D: 0.0569 | G: 1.3861 | NCE: 0.5172
[E032 step 82900] D: 0.0510 | G: 1.4367 | NCE: 0.5362
[E032 step 83000] D: 0.0700 | G: 1.4104 | NCE: 0.5378
[E032 step 83100] D: 0.0646 | G: 1.3779 | NCE: 0.4945
[E032 step 83200] D: 0.0709 | G: 1.3521 | NCE: 0.5039
[E032 step 83300] D: 0.0719 | G: 1.4295 | NCE: 0.5251
[E032 step 83400] D: 0.0736 | G: 1.4084 | NCE: 0.5243
[E032 step 83500] D: 0.0666 | G: 1.4475 | NCE: 0.5538
[E032 step 83600] D: 0.0516 | G: 1.4375 | NCE: 0.5415
[E032 step 83700] D: 0.0698 | G: 1.3991 | NCE: 0.5253
[E032 step 83800] D: 0.0599 | G: 1.4006 | NCE: 0.5284
[E032 step 83900] D: 0.0649 | G: 1.4214 | NCE: 0.5348
[E032 step 84000] D: 0.0597 | G: 1.4089 | NCE: 0.5333
[E032 step 84100] D: 0.0553 | G: 1.3999 | NCE: 0.5266
[E032 step 84200] D: 0.0606 | G: 1.3812 | NCE: 0.5030
[E032 step 84300] D: 0.0479 | G: 1.4304 | NCE: 0.5273
[E032 step 84400] D: 0.0585 | G: 1.4254 | NCE: 0.5335
[E032 step 84500] D: 0.0727 | G: 1.3683 | NCE: 0.5063
[E032 step 84600] D: 0.0603 | G: 1.3539 | NCE: 0.4778
[E032 step 84700] D: 0.0529 | G: 1.3836 | NCE: 0.4928
[E032 step 84800] D: 0.0549 | G: 1.4160 | NCE: 0.5318
[E032 step 84900] D: 0.0802 | G: 1.3832 | NCE: 0.5241
[E032 step 85000] D: 0.0634 | G: 1.4089 | NCE: 0.5323
[INFO] Saved: images/epoch_032.png and weights/epoch_032.pt
[E033 step 85100] D: 0.0676 | G: 1.2907 | NCE: 0.4817
[E033 step 85200] D: 0.0570 | G: 1.4227 | NCE: 0.5283
[E033 step 85300] D: 0.0554 | G: 1.4426 | NCE: 0.5273
[E033 step 85400] D: 0.0619 | G: 1.4190 | NCE: 0.5284
[E033 step 85500] D: 0.0687 | G: 1.4017 | NCE: 0.5227
[E033 step 85600] D: 0.0711 | G: 1.3666 | NCE: 0.5121
[E033 step 85700] D: 0.0837 | G: 1.3562 | NCE: 0.4995
[E033 step 85800] D: 0.0678 | G: 1.3642 | NCE: 0.5008
[E033 step 85900] D: 0.0699 | G: 1.4017 | NCE: 0.5333
[E033 step 86000] D: 0.0621 | G: 1.3982 | NCE: 0.5278
[E033 step 86100] D: 0.0689 | G: 1.4078 | NCE: 0.5289
[E033 step 86200] D: 0.0627 | G: 1.4019 | NCE: 0.5240
[E033 step 86300] D: 0.0741 | G: 1.3871 | NCE: 0.4956
[E033 step 86400] D: 0.0855 | G: 1.3055 | NCE: 0.4569
[E033 step 86500] D: 0.0876 | G: 1.2903 | NCE: 0.4548
[E033 step 86600] D: 0.0666 | G: 1.6304 | NCE: 0.7746
[E033 step 86700] D: 0.0708 | G: 1.6195 | NCE: 0.7566
[E033 step 86800] D: 0.0716 | G: 1.4440 | NCE: 0.6015
[E033 step 86900] D: 0.0678 | G: 1.4391 | NCE: 0.5699
[E033 step 87000] D: 0.0777 | G: 1.4002 | NCE: 0.5487
[E033 step 87100] D: 0.0654 | G: 1.4045 | NCE: 0.5560
[E033 step 87200] D: 0.0624 | G: 1.4134 | NCE: 0.5442
[E033 step 87300] D: 0.0506 | G: 1.4179 | NCE: 0.5304
[E033 step 87400] D: 0.0615 | G: 1.4549 | NCE: 0.5351
[E033 step 87500] D: 0.0733 | G: 1.3798 | NCE: 0.5220
[E033 step 87600] D: 0.0691 | G: 1.4306 | NCE: 0.5382
[E033 step 87700] D: 0.0827 | G: 1.3746 | NCE: 0.5165
[E033 step 87800] D: 0.0774 | G: 1.3627 | NCE: 0.5154
[E033 step 87900] D: 0.0712 | G: 1.3898 | NCE: 0.5333
[E033 step 88000] D: 0.0765 | G: 1.3776 | NCE: 0.5374
[INFO] Saved: images/epoch_033.png and weights/epoch_033.pt
[E034 step 88100] D: 0.0406 | G: 0.7889 | NCE: 0.3059
[E034 step 88200] D: 0.0632 | G: 1.4361 | NCE: 0.5577
[E034 step 88300] D: 0.0597 | G: 1.4435 | NCE: 0.5486
[E034 step 88400] D: 0.0583 | G: 1.4413 | NCE: 0.5483
[E034 step 88500] D: 0.0687 | G: 1.4421 | NCE: 0.5564
[E034 step 88600] D: 0.0708 | G: 1.3814 | NCE: 0.5248
[E034 step 88700] D: 0.0523 | G: 1.4368 | NCE: 0.5505
[E034 step 88800] D: 0.0570 | G: 1.4315 | NCE: 0.5344
[E034 step 88900] D: 0.0654 | G: 1.4037 | NCE: 0.5346
[E034 step 89000] D: 0.0548 | G: 1.4311 | NCE: 0.5268
[E034 step 89100] D: 0.0671 | G: 1.3921 | NCE: 0.5140
[E034 step 89200] D: 0.0548 | G: 1.4478 | NCE: 0.5361
[E034 step 89300] D: 0.0665 | G: 1.4250 | NCE: 0.5282
[E034 step 89400] D: 0.0535 | G: 1.3949 | NCE: 0.4991
[E034 step 89500] D: 0.0720 | G: 1.4103 | NCE: 0.5194
[E034 step 89600] D: 0.0740 | G: 1.3736 | NCE: 0.5241
[E034 step 89700] D: 0.0598 | G: 1.4070 | NCE: 0.5346
[E034 step 89800] D: 0.0561 | G: 1.4424 | NCE: 0.5588
[E034 step 89900] D: 0.0594 | G: 1.4226 | NCE: 0.5321
[E034 step 90000] D: 0.0655 | G: 1.4309 | NCE: 0.5437
[E034 step 90100] D: 0.0613 | G: 1.4107 | NCE: 0.5280
[E034 step 90200] D: 0.0569 | G: 1.4032 | NCE: 0.5367
[E034 step 90300] D: 0.0560 | G: 1.4164 | NCE: 0.5301
[E034 step 90400] D: 0.0526 | G: 1.6291 | NCE: 0.7075
[E034 step 90500] D: 0.0589 | G: 1.4236 | NCE: 0.5282
[E034 step 90600] D: 0.0565 | G: 1.4187 | NCE: 0.5008
[E034 step 90700] D: 0.0625 | G: 1.3877 | NCE: 0.5136
[E034 step 90800] D: 0.0686 | G: 1.4281 | NCE: 0.5196
[E034 step 90900] D: 0.0649 | G: 1.3925 | NCE: 0.5177
[E034 step 91000] D: 0.0442 | G: 1.4679 | NCE: 0.5465
[INFO] Saved: images/epoch_034.png and weights/epoch_034.pt
[E035 step 91100] D: 0.0127 | G: 0.2758 | NCE: 0.0989
[E035 step 91200] D: 0.0575 | G: 1.4233 | NCE: 0.5234
[E035 step 91300] D: 0.0503 | G: 1.4556 | NCE: 0.5553
[E035 step 91400] D: 0.0602 | G: 1.4436 | NCE: 0.5526
[E035 step 91500] D: 0.0635 | G: 1.4134 | NCE: 0.5321
[E035 step 91600] D: 0.0651 | G: 1.4086 | NCE: 0.5213
[E035 step 91700] D: 0.0582 | G: 1.4305 | NCE: 0.5287
[E035 step 91800] D: 0.0811 | G: 1.3632 | NCE: 0.4962
[E035 step 91900] D: 0.0762 | G: 1.3796 | NCE: 0.5026
[E035 step 92000] D: 0.0853 | G: 1.3548 | NCE: 0.4879
[E035 step 92100] D: 0.0768 | G: 1.3753 | NCE: 0.4914
[E035 step 92200] D: 0.0766 | G: 1.3623 | NCE: 0.4921
[E035 step 92300] D: 0.0842 | G: 1.3343 | NCE: 0.4951
[E035 step 92400] D: 0.0805 | G: 1.3389 | NCE: 0.5140
[E035 step 92500] D: 0.0662 | G: 1.3848 | NCE: 0.5280
[E035 step 92600] D: 0.0759 | G: 1.3998 | NCE: 0.5161
[E035 step 92700] D: 0.0610 | G: 1.3848 | NCE: 0.5244
[E035 step 92800] D: 0.0831 | G: 1.3660 | NCE: 0.5237
[E035 step 92900] D: 0.0594 | G: 1.3793 | NCE: 0.5065
[E035 step 93000] D: 0.0571 | G: 1.3981 | NCE: 0.5329
[E035 step 93100] D: 0.0704 | G: 1.4308 | NCE: 0.5547
[E035 step 93200] D: 0.0628 | G: 1.3843 | NCE: 0.5036
[E035 step 93300] D: 0.0534 | G: 1.4215 | NCE: 0.5211
[E035 step 93400] D: 0.0559 | G: 1.3778 | NCE: 0.4886
[E035 step 93500] D: 0.0652 | G: 1.3832 | NCE: 0.5077
[E035 step 93600] D: 0.0572 | G: 1.3941 | NCE: 0.5021
[E035 step 93700] D: 0.0616 | G: 1.3908 | NCE: 0.4969
[E035 step 93800] D: 0.0629 | G: 1.3796 | NCE: 0.5013
[E035 step 93900] D: 0.0593 | G: 1.3788 | NCE: 0.4989
[E035 step 94000] D: 0.0573 | G: 1.4010 | NCE: 0.5090
[E035 step 94100] D: 0.0651 | G: 1.3682 | NCE: 0.4915
[INFO] Saved: images/epoch_035.png and weights/epoch_035.pt
[E036 step 94200] D: 0.0662 | G: 1.1270 | NCE: 0.4115
[E036 step 94300] D: 0.0586 | G: 1.3908 | NCE: 0.5078
[E036 step 94400] D: 0.0929 | G: 1.3097 | NCE: 0.4792
[E036 step 94500] D: 0.0760 | G: 1.3254 | NCE: 0.4848
[E036 step 94600] D: 0.0603 | G: 1.3951 | NCE: 0.4898
[E036 step 94700] D: 0.0601 | G: 1.3090 | NCE: 0.4499
[E036 step 94800] D: 0.0542 | G: 1.3743 | NCE: 0.4834
[E036 step 94900] D: 0.0668 | G: 1.3978 | NCE: 0.5085
[E036 step 95000] D: 0.0498 | G: 1.4297 | NCE: 0.5096
[E036 step 95100] D: 0.0642 | G: 1.3731 | NCE: 0.5024
[E036 step 95200] D: 0.0640 | G: 1.3925 | NCE: 0.5088
[E036 step 95300] D: 0.0593 | G: 1.3635 | NCE: 0.4812
[E036 step 95400] D: 0.0667 | G: 1.3436 | NCE: 0.4781
[E036 step 95500] D: 0.0611 | G: 1.3825 | NCE: 0.5062
[E036 step 95600] D: 0.0562 | G: 1.4206 | NCE: 0.5212
[E036 step 95700] D: 0.0421 | G: 1.4555 | NCE: 0.5480
[E036 step 95800] D: 0.0602 | G: 1.4050 | NCE: 0.5135
[E036 step 95900] D: 0.0654 | G: 1.3929 | NCE: 0.5151
[E036 step 96000] D: 0.0735 | G: 1.3841 | NCE: 0.4931
[E036 step 96100] D: 0.0743 | G: 1.3462 | NCE: 0.4751
[E036 step 96200] D: 0.0845 | G: 1.2942 | NCE: 0.4625
[E036 step 96300] D: 0.0920 | G: 1.2937 | NCE: 0.4648
[E036 step 96400] D: 0.1003 | G: 1.2966 | NCE: 0.4786
[E036 step 96500] D: 0.0796 | G: 1.3657 | NCE: 0.5032
[E036 step 96600] D: 0.0755 | G: 1.3584 | NCE: 0.5118
[E036 step 96700] D: 0.0762 | G: 1.3888 | NCE: 0.5214
[E036 step 96800] D: 0.0768 | G: 1.3397 | NCE: 0.5003
[E036 step 96900] D: 0.0873 | G: 1.3666 | NCE: 0.5304
[E036 step 97000] D: 0.0813 | G: 1.3588 | NCE: 0.5049
[E036 step 97100] D: 0.0773 | G: 1.3829 | NCE: 0.5193
[INFO] Saved: images/epoch_036.png and weights/epoch_036.pt
[E037 step 97200] D: 0.0306 | G: 0.6574 | NCE: 0.2543
[E037 step 97300] D: 0.0696 | G: 1.3580 | NCE: 0.5033
[E037 step 97400] D: 0.0847 | G: 1.2943 | NCE: 0.4742
[E037 step 97500] D: 0.0777 | G: 1.3184 | NCE: 0.4891
[E037 step 97600] D: 0.0722 | G: 1.3726 | NCE: 0.4919
[E037 step 97700] D: 0.0784 | G: 1.3373 | NCE: 0.4810
[E037 step 97800] D: 0.0586 | G: 1.3737 | NCE: 0.4994
[E037 step 97900] D: 0.0742 | G: 1.3492 | NCE: 0.4928
[E037 step 98000] D: 0.0609 | G: 1.3801 | NCE: 0.5086
[E037 step 98100] D: 0.0828 | G: 1.3362 | NCE: 0.4884
[E037 step 98200] D: 0.0646 | G: 1.3547 | NCE: 0.4941
[E037 step 98300] D: 0.0762 | G: 1.3093 | NCE: 0.4770
[E037 step 98400] D: 0.0721 | G: 1.3454 | NCE: 0.5013
[E037 step 98500] D: 0.0662 | G: 1.3829 | NCE: 0.5253
[E037 step 98600] D: 0.0896 | G: 1.3519 | NCE: 0.5097
[E037 step 98700] D: 0.0994 | G: 1.3188 | NCE: 0.4805
[E037 step 98800] D: 0.0533 | G: 1.3986 | NCE: 0.5112
[E037 step 98900] D: 0.0766 | G: 1.3654 | NCE: 0.5158
[E037 step 99000] D: 0.0568 | G: 1.4017 | NCE: 0.5161
[E037 step 99100] D: 0.0590 | G: 1.3890 | NCE: 0.5083
[E037 step 99200] D: 0.0600 | G: 1.3824 | NCE: 0.5111
[E037 step 99300] D: 0.0669 | G: 1.3648 | NCE: 0.5052
[E037 step 99400] D: 0.0735 | G: 1.3458 | NCE: 0.5021
[E037 step 99500] D: 0.0687 | G: 1.3569 | NCE: 0.4997
[E037 step 99600] D: 0.0766 | G: 1.4004 | NCE: 0.5155
[E037 step 99700] D: 0.0647 | G: 1.3229 | NCE: 0.4742
[E037 step 99800] D: 0.0558 | G: 1.3612 | NCE: 0.4700
[E037 step 99900] D: 0.0475 | G: 1.3742 | NCE: 0.4846
[E037 step 100000] D: 0.0709 | G: 1.3661 | NCE: 0.4832
[E037 step 100100] D: 0.0690 | G: 1.3922 | NCE: 0.5005
[INFO] Saved: images/epoch_037.png and weights/epoch_037.pt
[E038 step 100200] D: 0.0089 | G: 0.1669 | NCE: 0.0615
[E038 step 100300] D: 0.0601 | G: 1.3580 | NCE: 0.4898
[E038 step 100400] D: 0.0872 | G: 1.3567 | NCE: 0.4817
[E038 step 100500] D: 0.0622 | G: 1.3755 | NCE: 0.4819
[E038 step 100600] D: 0.0717 | G: 1.3474 | NCE: 0.4893
[E038 step 100700] D: 0.0664 | G: 1.3697 | NCE: 0.4870
[E038 step 100800] D: 0.0790 | G: 1.3451 | NCE: 0.4812
[E038 step 100900] D: 0.0613 | G: 1.3429 | NCE: 0.4653
[E038 step 101000] D: 0.0610 | G: 1.3518 | NCE: 0.4770
[E038 step 101100] D: 0.0704 | G: 1.3605 | NCE: 0.4814
[E038 step 101200] D: 0.0470 | G: 1.3861 | NCE: 0.4946
[E038 step 101300] D: 0.0609 | G: 1.3933 | NCE: 0.5167
[E038 step 101400] D: 0.0536 | G: 1.3994 | NCE: 0.5174
[E038 step 101500] D: 0.0517 | G: 1.4084 | NCE: 0.5217
[E038 step 101600] D: 0.0458 | G: 1.4346 | NCE: 0.5251
[E038 step 101700] D: 0.0522 | G: 1.4470 | NCE: 0.5448
[E038 step 101800] D: 0.0591 | G: 1.4122 | NCE: 0.5118
[E038 step 101900] D: 0.0358 | G: 1.4593 | NCE: 0.5392
[E038 step 102000] D: 0.0562 | G: 1.4302 | NCE: 0.5154
[E038 step 102100] D: 0.0471 | G: 1.4094 | NCE: 0.4966
[E038 step 102200] D: 0.0638 | G: 1.3801 | NCE: 0.4860
[E038 step 102300] D: 0.0476 | G: 1.3898 | NCE: 0.4879
[E038 step 102400] D: 0.0510 | G: 1.4043 | NCE: 0.4923
[E038 step 102500] D: 0.0517 | G: 1.3875 | NCE: 0.4893
[E038 step 102600] D: 0.0639 | G: 1.3849 | NCE: 0.4921
[E038 step 102700] D: 0.0589 | G: 1.4025 | NCE: 0.4992
[E038 step 102800] D: 0.0578 | G: 1.4152 | NCE: 0.5174
[E038 step 102900] D: 0.0661 | G: 1.3236 | NCE: 0.4463
[E038 step 103000] D: 0.0590 | G: 1.4012 | NCE: 0.5174
[E038 step 103100] D: 0.0642 | G: 1.4030 | NCE: 0.5057
[E038 step 103200] D: 0.0634 | G: 1.3952 | NCE: 0.5031
[INFO] Saved: images/epoch_038.png and weights/epoch_038.pt
[E039 step 103300] D: 0.0343 | G: 1.0858 | NCE: 0.3897
[E039 step 103400] D: 0.0569 | G: 1.4084 | NCE: 0.5107
[E039 step 103500] D: 0.0672 | G: 1.3554 | NCE: 0.4807
[E039 step 103600] D: 0.0656 | G: 1.3677 | NCE: 0.4788
[E039 step 103700] D: 0.0437 | G: 1.3893 | NCE: 0.4925
[E039 step 103800] D: 0.0666 | G: 1.3770 | NCE: 0.4933
[E039 step 103900] D: 0.0663 | G: 1.3848 | NCE: 0.4906
[E039 step 104000] D: 0.0538 | G: 1.4021 | NCE: 0.5133
[E039 step 104100] D: 0.0463 | G: 1.4328 | NCE: 0.5297
[E039 step 104200] D: 0.0578 | G: 1.4133 | NCE: 0.5211
[E039 step 104300] D: 0.0761 | G: 1.4106 | NCE: 0.5027
[E039 step 104400] D: 0.0649 | G: 1.3421 | NCE: 0.4642
[E039 step 104500] D: 0.0573 | G: 1.4474 | NCE: 0.5272
[E039 step 104600] D: 0.0551 | G: 1.3735 | NCE: 0.4842
[E039 step 104700] D: 0.0533 | G: 1.3962 | NCE: 0.4949
[E039 step 104800] D: 0.0698 | G: 1.3866 | NCE: 0.4902
[E039 step 104900] D: 0.0427 | G: 1.3858 | NCE: 0.4845
[E039 step 105000] D: 0.0561 | G: 1.3702 | NCE: 0.4897
[E039 step 105100] D: 0.0590 | G: 1.3652 | NCE: 0.4762
[E039 step 105200] D: 0.0744 | G: 1.3355 | NCE: 0.4659
[E039 step 105300] D: 0.0714 | G: 1.3106 | NCE: 0.4619
[E039 step 105400] D: 0.0662 | G: 1.3467 | NCE: 0.4711
[E039 step 105500] D: 0.0740 | G: 1.3655 | NCE: 0.4791
[E039 step 105600] D: 0.0680 | G: 1.3289 | NCE: 0.4641
[E039 step 105700] D: 0.2312 | G: 1.6996 | NCE: 0.6171
[E039 step 105800] D: 0.0617 | G: 1.4512 | NCE: 0.5670
[E039 step 105900] D: 0.0556 | G: 1.2608 | NCE: 0.4046
[E039 step 106000] D: 0.0490 | G: 1.2683 | NCE: 0.4002
[E039 step 106100] D: 0.0575 | G: 1.2437 | NCE: 0.3853
[E039 step 106200] D: 0.0428 | G: 1.3158 | NCE: 0.4219
[INFO] Saved: images/epoch_039.png and weights/epoch_039.pt
[E040 step 106300] D: 0.0203 | G: 0.5490 | NCE: 0.1744
[E040 step 106400] D: 0.0582 | G: 1.3128 | NCE: 0.4282
[E040 step 106500] D: 0.0582 | G: 1.3447 | NCE: 0.4603
[E040 step 106600] D: 0.0733 | G: 1.2719 | NCE: 0.4180
[E040 step 106700] D: 0.0608 | G: 1.3307 | NCE: 0.4337
[E040 step 106800] D: 0.0409 | G: 1.4008 | NCE: 0.4708
[E040 step 106900] D: 0.0472 | G: 1.3952 | NCE: 0.4780
[E040 step 107000] D: 0.0458 | G: 1.3862 | NCE: 0.4624
[E040 step 107100] D: 0.0565 | G: 1.3424 | NCE: 0.4353
[E040 step 107200] D: 0.0574 | G: 1.3326 | NCE: 0.4464
[E040 step 107300] D: 0.0380 | G: 1.4002 | NCE: 0.4605
[E040 step 107400] D: 0.0511 | G: 1.3459 | NCE: 0.4184
[E040 step 107500] D: 0.0324 | G: 1.4209 | NCE: 0.4546
[E040 step 107600] D: 0.0462 | G: 1.3734 | NCE: 0.4638
[E040 step 107700] D: 0.0628 | G: 1.3861 | NCE: 0.4643
[E040 step 107800] D: 0.0717 | G: 1.3099 | NCE: 0.4469
[E040 step 107900] D: 0.0568 | G: 1.3571 | NCE: 0.4384
[E040 step 108000] D: 0.0459 | G: 1.4088 | NCE: 0.4747
[E040 step 108100] D: 0.0444 | G: 1.3977 | NCE: 0.4704
[E040 step 108200] D: 0.0429 | G: 1.4032 | NCE: 0.4732
[E040 step 108300] D: 0.0324 | G: 1.4328 | NCE: 0.4747
[E040 step 108400] D: 0.0287 | G: 1.4273 | NCE: 0.4752
[E040 step 108500] D: 0.0338 | G: 1.4193 | NCE: 0.4898
[E040 step 108600] D: 0.0452 | G: 1.4047 | NCE: 0.4876
[E040 step 108700] D: 0.0452 | G: 1.3842 | NCE: 0.4649
[E040 step 108800] D: 0.0439 | G: 1.3892 | NCE: 0.4771
[E040 step 108900] D: 0.0392 | G: 1.4192 | NCE: 0.4986
[E040 step 109000] D: 0.0405 | G: 1.4204 | NCE: 0.4935
[E040 step 109100] D: 0.0571 | G: 1.4146 | NCE: 0.4990
[E040 step 109200] D: 0.0517 | G: 1.4003 | NCE: 0.4902
[INFO] Saved: images/epoch_040.png and weights/epoch_040.pt
[E041 step 109300] D: 0.0024 | G: 0.0545 | NCE: 0.0198
[E041 step 109400] D: 0.0556 | G: 1.3886 | NCE: 0.4778
[E041 step 109500] D: 0.0569 | G: 1.3685 | NCE: 0.4751
[E041 step 109600] D: 0.0496 | G: 1.4095 | NCE: 0.4908
[E041 step 109700] D: 0.0460 | G: 1.3964 | NCE: 0.4829
[E041 step 109800] D: 0.0503 | G: 1.3919 | NCE: 0.4892
[E041 step 109900] D: 0.0464 | G: 1.4025 | NCE: 0.4976
[E041 step 110000] D: 0.0463 | G: 1.4132 | NCE: 0.5118
[E041 step 110100] D: 0.0610 | G: 1.4372 | NCE: 0.5067
[E041 step 110200] D: 0.0835 | G: 1.3338 | NCE: 0.4559
[E041 step 110300] D: 0.0897 | G: 1.2738 | NCE: 0.4480
[E041 step 110400] D: 0.0726 | G: 1.3386 | NCE: 0.4715
[E041 step 110500] D: 0.0881 | G: 1.2795 | NCE: 0.4646
[E041 step 110600] D: 0.0700 | G: 1.3337 | NCE: 0.4768
[E041 step 110700] D: 0.0613 | G: 1.3583 | NCE: 0.4925
[E041 step 110800] D: 0.0837 | G: 1.3624 | NCE: 0.5021
[E041 step 110900] D: 0.0688 | G: 1.3542 | NCE: 0.4874
[E041 step 111000] D: 0.0721 | G: 1.3647 | NCE: 0.4990
[E041 step 111100] D: 0.0469 | G: 1.3920 | NCE: 0.4932
[E041 step 111200] D: 0.0733 | G: 1.2931 | NCE: 0.4484
[E041 step 111300] D: 0.0568 | G: 1.3185 | NCE: 0.4499
[E041 step 111400] D: 0.0643 | G: 1.3253 | NCE: 0.4476
[E041 step 111500] D: 0.0586 | G: 1.3400 | NCE: 0.4599
[E041 step 111600] D: 0.0766 | G: 1.3412 | NCE: 0.4646
[E041 step 111700] D: 0.0638 | G: 1.3263 | NCE: 0.4504
[E041 step 111800] D: 0.0688 | G: 1.3414 | NCE: 0.4725
[E041 step 111900] D: 0.0470 | G: 1.3771 | NCE: 0.4785
[E041 step 112000] D: 0.0659 | G: 1.3619 | NCE: 0.4723
[E041 step 112100] D: 0.0536 | G: 1.3528 | NCE: 0.4548
[E041 step 112200] D: 0.0574 | G: 1.3489 | NCE: 0.4663
[E041 step 112300] D: 0.0574 | G: 1.3735 | NCE: 0.4783
[INFO] Saved: images/epoch_041.png and weights/epoch_041.pt
[E042 step 112400] D: 0.0395 | G: 0.9203 | NCE: 0.3220
[E042 step 112500] D: 0.0465 | G: 1.3452 | NCE: 0.4481
[E042 step 112600] D: 0.0468 | G: 1.3620 | NCE: 0.4572
[E042 step 112700] D: 0.0849 | G: 1.3227 | NCE: 0.4432
[E042 step 112800] D: 0.0734 | G: 1.3121 | NCE: 0.4252
[E042 step 112900] D: 0.0752 | G: 1.2981 | NCE: 0.4388
[E042 step 113000] D: 0.0750 | G: 1.3064 | NCE: 0.4634
[E042 step 113100] D: 0.0854 | G: 1.2942 | NCE: 0.4586
[E042 step 113200] D: 0.0809 | G: 1.3322 | NCE: 0.4701
[E042 step 113300] D: 0.0496 | G: 1.3843 | NCE: 0.4686
[E042 step 113400] D: 0.0630 | G: 1.3680 | NCE: 0.4561
[E042 step 113500] D: 0.0656 | G: 1.3215 | NCE: 0.4303
[E042 step 113600] D: 0.0756 | G: 1.2886 | NCE: 0.4394
[E042 step 113700] D: 0.0518 | G: 1.3326 | NCE: 0.4378
[E042 step 113800] D: 0.0758 | G: 1.2885 | NCE: 0.4279
[E042 step 113900] D: 0.0761 | G: 1.2714 | NCE: 0.4252
[E042 step 114000] D: 0.0712 | G: 1.3138 | NCE: 0.4496
[E042 step 114100] D: 0.0643 | G: 1.2932 | NCE: 0.4403
[E042 step 114200] D: 0.0509 | G: 1.3283 | NCE: 0.4558
[E042 step 114300] D: 0.0573 | G: 1.3623 | NCE: 0.4821
[E042 step 114400] D: 0.0677 | G: 1.3278 | NCE: 0.4637
[E042 step 114500] D: 0.0580 | G: 1.3791 | NCE: 0.4824
[E042 step 114600] D: 0.0646 | G: 1.4102 | NCE: 0.5015
[E042 step 114700] D: 0.0698 | G: 1.3613 | NCE: 0.4812
[E042 step 114800] D: 0.0673 | G: 1.4223 | NCE: 0.5277
[E042 step 114900] D: 0.0674 | G: 1.3578 | NCE: 0.4871
[E042 step 115000] D: 0.0887 | G: 1.2847 | NCE: 0.4664
[E042 step 115100] D: 0.0777 | G: 1.3477 | NCE: 0.4768
[E042 step 115200] D: 0.0673 | G: 1.3390 | NCE: 0.4736
[E042 step 115300] D: 0.0659 | G: 1.3280 | NCE: 0.4764
[INFO] Saved: images/epoch_042.png and weights/epoch_042.pt
[E043 step 115400] D: 0.0186 | G: 0.4283 | NCE: 0.1515
[E043 step 115500] D: 0.0660 | G: 1.3384 | NCE: 0.4714
[E043 step 115600] D: 0.0572 | G: 1.3505 | NCE: 0.4684
[E043 step 115700] D: 0.0711 | G: 1.3221 | NCE: 0.4611
[E043 step 115800] D: 0.0759 | G: 1.3261 | NCE: 0.4651
[E043 step 115900] D: 0.0581 | G: 1.3213 | NCE: 0.4597
[E043 step 116000] D: 0.0702 | G: 1.3488 | NCE: 0.4875
[E043 step 116100] D: 0.0735 | G: 1.3663 | NCE: 0.4877
[E043 step 116200] D: 0.0700 | G: 1.3480 | NCE: 0.4805
[E043 step 116300] D: 0.0755 | G: 1.3243 | NCE: 0.4849
[E043 step 116400] D: 0.0685 | G: 1.3613 | NCE: 0.5005
[E043 step 116500] D: 0.0638 | G: 1.3666 | NCE: 0.5004
[E043 step 116600] D: 0.0779 | G: 1.3337 | NCE: 0.4926
[E043 step 116700] D: 0.0746 | G: 1.3713 | NCE: 0.4838
[E043 step 116800] D: 0.0757 | G: 1.3299 | NCE: 0.4738
[E043 step 116900] D: 0.0803 | G: 1.2947 | NCE: 0.4657
[E043 step 117000] D: 0.0736 | G: 1.2869 | NCE: 0.4531
[E043 step 117100] D: 0.0589 | G: 1.3241 | NCE: 0.4653
[E043 step 117200] D: 0.0673 | G: 1.3294 | NCE: 0.4683
[E043 step 117300] D: 0.0801 | G: 1.3258 | NCE: 0.4632
[E043 step 117400] D: 0.0799 | G: 1.3586 | NCE: 0.4817
[E043 step 117500] D: 0.0594 | G: 1.3533 | NCE: 0.4867
[E043 step 117600] D: 0.0825 | G: 1.2926 | NCE: 0.4608
[E043 step 117700] D: 0.0774 | G: 1.3407 | NCE: 0.4684
[E043 step 117800] D: 0.0840 | G: 1.3071 | NCE: 0.4642
[E043 step 117900] D: 0.0716 | G: 1.3253 | NCE: 0.4630
[E043 step 118000] D: 0.0648 | G: 1.3726 | NCE: 0.4856
[E043 step 118100] D: 0.0553 | G: 1.3029 | NCE: 0.4415
[E043 step 118200] D: 0.0453 | G: 1.3341 | NCE: 0.4537
[E043 step 118300] D: 0.0501 | G: 1.3585 | NCE: 0.4627
[E043 step 118400] D: 0.0427 | G: 1.3499 | NCE: 0.4578
[INFO] Saved: images/epoch_043.png and weights/epoch_043.pt
[E044 step 118500] D: 0.0351 | G: 1.3456 | NCE: 0.4654
[E044 step 118600] D: 0.0406 | G: 1.3895 | NCE: 0.4858
[E044 step 118700] D: 0.0386 | G: 1.4157 | NCE: 0.4977
[E044 step 118800] D: 0.0405 | G: 1.4273 | NCE: 0.4921
[E044 step 118900] D: 0.0421 | G: 1.3853 | NCE: 0.4713
[E044 step 119000] D: 0.0488 | G: 1.3886 | NCE: 0.4729
[E044 step 119100] D: 0.0321 | G: 1.4030 | NCE: 0.4696
[E044 step 119200] D: 0.0443 | G: 1.4019 | NCE: 0.4824
[E044 step 119300] D: 0.0360 | G: 1.4326 | NCE: 0.4928
[E044 step 119400] D: 0.0456 | G: 1.3832 | NCE: 0.4759
[E044 step 119500] D: 0.0403 | G: 1.3984 | NCE: 0.4643
[E044 step 119600] D: 0.0455 | G: 1.3652 | NCE: 0.4531
[E044 step 119700] D: 0.0371 | G: 1.4013 | NCE: 0.4736
[E044 step 119800] D: 0.0340 | G: 1.4139 | NCE: 0.4772
[E044 step 119900] D: 0.0320 | G: 1.4099 | NCE: 0.4765
[E044 step 120000] D: 0.0334 | G: 1.4146 | NCE: 0.4752
[E044 step 120100] D: 0.0366 | G: 1.4067 | NCE: 0.4707
[E044 step 120200] D: 0.0350 | G: 1.4091 | NCE: 0.4616
[E044 step 120300] D: 0.0325 | G: 1.4146 | NCE: 0.4700
[E044 step 120400] D: 0.0357 | G: 1.4053 | NCE: 0.4636
[E044 step 120500] D: 0.0369 | G: 1.4045 | NCE: 0.4619
[E044 step 120600] D: 0.0444 | G: 1.3716 | NCE: 0.4398
[E044 step 120700] D: 0.0329 | G: 1.3930 | NCE: 0.4528
[E044 step 120800] D: 0.0327 | G: 1.4035 | NCE: 0.4599
[E044 step 120900] D: 0.0353 | G: 1.4172 | NCE: 0.4615
[E044 step 121000] D: 0.0400 | G: 1.3814 | NCE: 0.4457
[E044 step 121100] D: 0.0454 | G: 1.3745 | NCE: 0.4314
[E044 step 121200] D: 0.0484 | G: 1.3727 | NCE: 0.4321
[E044 step 121300] D: 0.0660 | G: 1.3554 | NCE: 0.4170
[E044 step 121400] D: 0.0575 | G: 1.3368 | NCE: 0.4189
[INFO] Saved: images/epoch_044.png and weights/epoch_044.pt
[E045 step 121500] D: 0.0407 | G: 0.7738 | NCE: 0.2558
[E045 step 121600] D: 0.0681 | G: 1.3184 | NCE: 0.4280
[E045 step 121700] D: 0.0621 | G: 1.3351 | NCE: 0.4327
[E045 step 121800] D: 0.0529 | G: 1.3557 | NCE: 0.4435
[E045 step 121900] D: 0.0563 | G: 1.3441 | NCE: 0.4597
[E045 step 122000] D: 0.0698 | G: 1.3291 | NCE: 0.4483
[E045 step 122100] D: 0.0539 | G: 1.3564 | NCE: 0.4671
[E045 step 122200] D: 0.0556 | G: 1.3691 | NCE: 0.4721
[E045 step 122300] D: 0.0574 | G: 1.3710 | NCE: 0.4678
[E045 step 122400] D: 0.0724 | G: 1.3257 | NCE: 0.4517
[E045 step 122500] D: 0.0555 | G: 1.3565 | NCE: 0.4649
[E045 step 122600] D: 0.0581 | G: 1.3624 | NCE: 0.4671
[E045 step 122700] D: 0.0671 | G: 1.3365 | NCE: 0.4601
[E045 step 122800] D: 0.0729 | G: 1.3045 | NCE: 0.4499
[E045 step 122900] D: 0.0891 | G: 1.3210 | NCE: 0.4559
[E045 step 123000] D: 0.0765 | G: 1.3097 | NCE: 0.4468
[E045 step 123100] D: 0.0791 | G: 1.4249 | NCE: 0.5607
[E045 step 123200] D: 0.0699 | G: 1.4527 | NCE: 0.6055
[E045 step 123300] D: 0.0730 | G: 1.2940 | NCE: 0.4305
[E045 step 123400] D: 0.0556 | G: 1.3467 | NCE: 0.4364
[E045 step 123500] D: 0.0565 | G: 1.3125 | NCE: 0.4335
[E045 step 123600] D: 0.0691 | G: 1.2682 | NCE: 0.4252
[E045 step 123700] D: 0.0539 | G: 1.3414 | NCE: 0.4450
[E045 step 123800] D: 0.0615 | G: 1.3094 | NCE: 0.4369
[E045 step 123900] D: 0.0552 | G: 1.3520 | NCE: 0.4472
[E045 step 124000] D: 0.0562 | G: 1.3567 | NCE: 0.4535
[E045 step 124100] D: 0.0621 | G: 1.3221 | NCE: 0.4544
[E045 step 124200] D: 0.0615 | G: 1.3266 | NCE: 0.4310
[E045 step 124300] D: 0.0461 | G: 1.3149 | NCE: 0.4198
[E045 step 124400] D: 0.0405 | G: 1.3439 | NCE: 0.4362
[INFO] Saved: images/epoch_045.png and weights/epoch_045.pt
[E046 step 124500] D: 0.0149 | G: 0.3199 | NCE: 0.1053
[E046 step 124600] D: 0.0332 | G: 1.3961 | NCE: 0.4538
[E046 step 124700] D: 0.0469 | G: 1.3701 | NCE: 0.4462
[E046 step 124800] D: 0.0512 | G: 1.3562 | NCE: 0.4501
[E046 step 124900] D: 0.0528 | G: 1.3462 | NCE: 0.4390
[E046 step 125000] D: 0.0392 | G: 1.3803 | NCE: 0.4526
[E046 step 125100] D: 0.0442 | G: 1.3585 | NCE: 0.4575
[E046 step 125200] D: 0.0531 | G: 1.3640 | NCE: 0.4582
[E046 step 125300] D: 0.0518 | G: 1.3865 | NCE: 0.4695
[E046 step 125400] D: 0.0572 | G: 1.3002 | NCE: 0.4247
[E046 step 125500] D: 0.0528 | G: 1.3566 | NCE: 0.4432
[E046 step 125600] D: 0.0634 | G: 1.3325 | NCE: 0.4476
[E046 step 125700] D: 0.0474 | G: 1.3888 | NCE: 0.4593
[E046 step 125800] D: 0.0540 | G: 1.3696 | NCE: 0.4477
[E046 step 125900] D: 0.0558 | G: 1.3516 | NCE: 0.4388
[E046 step 126000] D: 0.0566 | G: 1.3361 | NCE: 0.4284
[E046 step 126100] D: 0.0437 | G: 1.3512 | NCE: 0.4353
[E046 step 126200] D: 0.0507 | G: 1.3471 | NCE: 0.4348
[E046 step 126300] D: 0.0645 | G: 1.3101 | NCE: 0.4280
[E046 step 126400] D: 0.0734 | G: 1.2897 | NCE: 0.4181
[E046 step 126500] D: 0.0683 | G: 1.2767 | NCE: 0.4162
[E046 step 126600] D: 0.0615 | G: 1.3051 | NCE: 0.4298
[E046 step 126700] D: 0.0767 | G: 1.2845 | NCE: 0.4267
[E046 step 126800] D: 0.0766 | G: 1.3223 | NCE: 0.4211
[E046 step 126900] D: 0.0536 | G: 1.2894 | NCE: 0.4202
[E046 step 127000] D: 0.0514 | G: 1.3764 | NCE: 0.4475
[E046 step 127100] D: 0.0593 | G: 1.3117 | NCE: 0.4290
[E046 step 127200] D: 0.0528 | G: 1.3311 | NCE: 0.4294
[E046 step 127300] D: 0.0639 | G: 1.3208 | NCE: 0.4417
[E046 step 127400] D: 0.0610 | G: 1.3241 | NCE: 0.4354
[E046 step 127500] D: 0.0671 | G: 1.2939 | NCE: 0.4290
[INFO] Saved: images/epoch_046.png and weights/epoch_046.pt
[E047 step 127600] D: 0.0649 | G: 1.1302 | NCE: 0.3790
[E047 step 127700] D: 0.0696 | G: 1.2876 | NCE: 0.4254
[E047 step 127800] D: 0.0653 | G: 1.3168 | NCE: 0.4438
[E047 step 127900] D: 0.0599 | G: 1.3215 | NCE: 0.4516
[E047 step 128000] D: 0.0578 | G: 1.3288 | NCE: 0.4399
[E047 step 128100] D: 0.0575 | G: 1.3269 | NCE: 0.4380
[E047 step 128200] D: 0.0680 | G: 1.3351 | NCE: 0.4367
[E047 step 128300] D: 0.0743 | G: 1.3115 | NCE: 0.4263
[E047 step 128400] D: 0.0624 | G: 1.3255 | NCE: 0.4261
[E047 step 128500] D: 0.0574 | G: 1.3276 | NCE: 0.4290
[E047 step 128600] D: 0.0702 | G: 1.2713 | NCE: 0.4223
[E047 step 128700] D: 0.0619 | G: 1.3086 | NCE: 0.4279
[E047 step 128800] D: 0.0611 | G: 1.2825 | NCE: 0.4046
[E047 step 128900] D: 0.0596 | G: 1.2699 | NCE: 0.4005
[E047 step 129000] D: 0.0672 | G: 1.2766 | NCE: 0.4098
[E047 step 129100] D: 0.0608 | G: 1.2942 | NCE: 0.4023
[E047 step 129200] D: 0.0698 | G: 1.2685 | NCE: 0.4147
[E047 step 129300] D: 0.0644 | G: 1.3098 | NCE: 0.4321
[E047 step 129400] D: 0.0632 | G: 1.2994 | NCE: 0.4323
[E047 step 129500] D: 0.0555 | G: 1.3228 | NCE: 0.4364
[E047 step 129600] D: 0.0649 | G: 1.2948 | NCE: 0.4318
[E047 step 129700] D: 0.0423 | G: 1.3490 | NCE: 0.4379
[E047 step 129800] D: 0.0549 | G: 1.3006 | NCE: 0.4281
[E047 step 129900] D: 0.0586 | G: 1.3334 | NCE: 0.4413
[E047 step 130000] D: 0.0582 | G: 1.3086 | NCE: 0.4312
[E047 step 130100] D: 0.0569 | G: 1.2999 | NCE: 0.4322
[E047 step 130200] D: 0.0481 | G: 1.3457 | NCE: 0.4413
[E047 step 130300] D: 0.0658 | G: 1.3201 | NCE: 0.4416
[E047 step 130400] D: 0.0477 | G: 1.3482 | NCE: 0.4401
[E047 step 130500] D: 0.0402 | G: 1.3852 | NCE: 0.4574
[INFO] Saved: images/epoch_047.png and weights/epoch_047.pt
[E048 step 130600] D: 0.0180 | G: 0.7200 | NCE: 0.2268
[E048 step 130700] D: 0.0387 | G: 1.3757 | NCE: 0.4093
[E048 step 130800] D: 0.0359 | G: 1.3187 | NCE: 0.3746
[E048 step 130900] D: 0.0287 | G: 1.3060 | NCE: 0.3745
[E048 step 131000] D: 0.0324 | G: 1.3324 | NCE: 0.3906
[E048 step 131100] D: 0.0283 | G: 1.3144 | NCE: 0.3832
[E048 step 131200] D: 0.0385 | G: 1.3581 | NCE: 0.4014
[E048 step 131300] D: 0.0326 | G: 1.3294 | NCE: 0.4040
[E048 step 131400] D: 0.0336 | G: 1.3442 | NCE: 0.4109
[E048 step 131500] D: 0.0255 | G: 1.3658 | NCE: 0.4246
[E048 step 131600] D: 0.0505 | G: 1.3475 | NCE: 0.4181
[E048 step 131700] D: 0.0420 | G: 1.3198 | NCE: 0.3988
[E048 step 131800] D: 0.0499 | G: 1.3508 | NCE: 0.4138
[E048 step 131900] D: 0.0538 | G: 1.3056 | NCE: 0.3886
[E048 step 132000] D: 0.0454 | G: 1.3524 | NCE: 0.4205
[E048 step 132100] D: 0.0543 | G: 1.3491 | NCE: 0.4222
[E048 step 132200] D: 0.0479 | G: 1.3274 | NCE: 0.4140
[E048 step 132300] D: 0.0507 | G: 1.3184 | NCE: 0.4286
[E048 step 132400] D: 0.0534 | G: 1.3458 | NCE: 0.4090
[E048 step 132500] D: 0.0430 | G: 1.3288 | NCE: 0.3993
[E048 step 132600] D: 0.0668 | G: 1.3382 | NCE: 0.4142
[E048 step 132700] D: 0.0697 | G: 1.2836 | NCE: 0.3907
[E048 step 132800] D: 0.0636 | G: 1.3018 | NCE: 0.3907
[E048 step 132900] D: 0.0657 | G: 1.2670 | NCE: 0.3951
[E048 step 133000] D: 0.0571 | G: 1.2975 | NCE: 0.4114
[E048 step 133100] D: 0.0422 | G: 1.3173 | NCE: 0.4014
[E048 step 133200] D: 0.0513 | G: 1.3110 | NCE: 0.3947
[E048 step 133300] D: 0.0549 | G: 1.3187 | NCE: 0.4113
[E048 step 133400] D: 0.0556 | G: 1.3239 | NCE: 0.4066
[E048 step 133500] D: 0.0521 | G: 1.2868 | NCE: 0.4040
[INFO] Saved: images/epoch_048.png and weights/epoch_048.pt
[E049 step 133600] D: 0.0101 | G: 0.2009 | NCE: 0.0661
[E049 step 133700] D: 0.0681 | G: 1.3053 | NCE: 0.4236
[E049 step 133800] D: 0.0608 | G: 1.3213 | NCE: 0.4353
[E049 step 133900] D: 0.0604 | G: 1.3182 | NCE: 0.4425
[E049 step 134000] D: 0.0471 | G: 1.3730 | NCE: 0.4575
[E049 step 134100] D: 0.0653 | G: 1.3548 | NCE: 0.4582
[E049 step 134200] D: 0.0692 | G: 1.3186 | NCE: 0.4431
[E049 step 134300] D: 0.0635 | G: 1.3447 | NCE: 0.4376
[E049 step 134400] D: 0.0612 | G: 1.3388 | NCE: 0.4381
[E049 step 134500] D: 0.0676 | G: 1.3209 | NCE: 0.4410
[E049 step 134600] D: 0.0710 | G: 1.4079 | NCE: 0.5011
[E049 step 134700] D: 0.0509 | G: 1.3297 | NCE: 0.4344
[E049 step 134800] D: 0.0580 | G: 1.2706 | NCE: 0.3941
[E049 step 134900] D: 0.0610 | G: 1.2851 | NCE: 0.4076
[E049 step 135000] D: 0.0530 | G: 1.3279 | NCE: 0.4356
[E049 step 135100] D: 0.0707 | G: 1.2846 | NCE: 0.4252
[E049 step 135200] D: 0.0579 | G: 1.3172 | NCE: 0.4431
[E049 step 135300] D: 0.0583 | G: 1.3662 | NCE: 0.4492
[E049 step 135400] D: 0.0494 | G: 1.3446 | NCE: 0.4309
[E049 step 135500] D: 0.0563 | G: 1.3319 | NCE: 0.4392
[E049 step 135600] D: 0.0373 | G: 1.3588 | NCE: 0.4457
[E049 step 135700] D: 0.0509 | G: 1.3228 | NCE: 0.4226
[E049 step 135800] D: 0.0412 | G: 1.3539 | NCE: 0.4279
[E049 step 135900] D: 0.0479 | G: 1.3501 | NCE: 0.4447
[E049 step 136000] D: 0.0674 | G: 1.3422 | NCE: 0.4284
[E049 step 136100] D: 0.0461 | G: 1.3411 | NCE: 0.4409
[E049 step 136200] D: 0.0562 | G: 1.3255 | NCE: 0.4411
[E049 step 136300] D: 0.0630 | G: 1.3212 | NCE: 0.4289
[E049 step 136400] D: 0.0548 | G: 1.3637 | NCE: 0.4425
[E049 step 136500] D: 0.0579 | G: 1.3361 | NCE: 0.4411
[E049 step 136600] D: 0.0445 | G: 1.3869 | NCE: 0.4519
[INFO] Saved: images/epoch_049.png and weights/epoch_049.pt
[E050 step 136700] D: 0.0335 | G: 1.1142 | NCE: 0.3650
[E050 step 136800] D: 0.0304 | G: 1.3858 | NCE: 0.4613
[E050 step 136900] D: 0.0540 | G: 1.3699 | NCE: 0.4659
[E050 step 137000] D: 0.0568 | G: 1.3636 | NCE: 0.4515
[E050 step 137100] D: 0.0471 | G: 1.3743 | NCE: 0.4600
[E050 step 137200] D: 0.0488 | G: 1.3817 | NCE: 0.4590
[E050 step 137300] D: 0.0362 | G: 1.4209 | NCE: 0.4750
[E050 step 137400] D: 0.0420 | G: 1.4081 | NCE: 0.4932
[E050 step 137500] D: 0.0502 | G: 1.4088 | NCE: 0.4817
[E050 step 137600] D: 0.0311 | G: 1.4206 | NCE: 0.4811
[E050 step 137700] D: 0.0478 | G: 1.3802 | NCE: 0.4741
[E050 step 137800] D: 0.0508 | G: 1.3756 | NCE: 0.4707
[E050 step 137900] D: 0.0727 | G: 1.3859 | NCE: 0.4622
[E050 step 138000] D: 0.0640 | G: 1.3410 | NCE: 0.4234
[E050 step 138100] D: 0.0555 | G: 1.3293 | NCE: 0.4352
[E050 step 138200] D: 0.0531 | G: 1.3459 | NCE: 0.4312
[E050 step 138300] D: 0.0562 | G: 1.3256 | NCE: 0.4233
[E050 step 138400] D: 0.0403 | G: 1.3703 | NCE: 0.4312
[E050 step 138500] D: 0.0695 | G: 1.2912 | NCE: 0.4182
[E050 step 138600] D: 0.0591 | G: 1.3118 | NCE: 0.4085
[E050 step 138700] D: 0.0654 | G: 1.3247 | NCE: 0.4327
[E050 step 138800] D: 0.0522 | G: 1.3251 | NCE: 0.4135
[E050 step 138900] D: 0.0615 | G: 1.3265 | NCE: 0.4196
[E050 step 139000] D: 0.0704 | G: 1.2661 | NCE: 0.4006
[E050 step 139100] D: 0.0781 | G: 1.2571 | NCE: 0.4029
[E050 step 139200] D: 0.0444 | G: 1.3195 | NCE: 0.4165
[E050 step 139300] D: 0.0658 | G: 1.3073 | NCE: 0.4277
[E050 step 139400] D: 0.0569 | G: 1.3175 | NCE: 0.4245
[E050 step 139500] D: 0.0456 | G: 1.3416 | NCE: 0.4354
[E050 step 139600] D: 0.0574 | G: 1.3217 | NCE: 0.4296
[INFO] Saved: images/epoch_050.png and weights/epoch_050.pt
[DONE] Training finished.
